[1,0]<stdout>:user:7483:7566 [0] NCCL INFO AllReduce: opCount 1de sendbuff 0x7f298a000000 recvbuff 0x7f298a000000 count 5284 datatype 7 op 0 root 0 comm 0x7f2a98247800 [nranks=3] stream 0x7f2a98230dd0
[1,1]<stdout>:user:7484:7568 [1] NCCL INFO AllReduce: opCount 1ee sendbuff 0x7f1dde000000 recvbuff 0x7f1dde000000 count 5284 datatype 7 op 0 root 0 comm 0x7f1f00245250 [nranks=3] stream 0x7f1f00237010
[1,2]<stdout>:nsslab2-System-Product-Name:2293:2311 [0] NCCL INFO AllReduce: opCount 1ee sendbuff 0x7f1b68000000 recvbuff 0x7f1b68000000 count 5284 datatype 7 op 0 root 0 comm 0x7f1c58335d60 [nranks=3] stream 0x6bb1ed00
[1,0]<stdout>:user:7483:7566 [0] NCCL INFO AllReduce: opCount 1df sendbuff 0x7f298a000000 recvbuff 0x7f298a000000 count 16564 datatype 7 op 0 root 0 comm 0x7f2a98247800 [nranks=3] stream 0x7f2a98230dd0
[1,1]<stdout>:user:7484:7568 [1] NCCL INFO AllReduce: opCount 1ef sendbuff 0x7f1dde000000 recvbuff 0x7f1dde000000 count 16564 datatype 7 op 0 root 0 comm 0x7f1f00245250 [nranks=3] stream 0x7f1f00237010
[1,2]<stdout>:nsslab2-System-Product-Name:2293:2311 [0] NCCL INFO AllReduce: opCount 1ef sendbuff 0x7f1b68000000 recvbuff 0x7f1b68000000 count 16564 datatype 7 op 0 root 0 comm 0x7f1c58335d60 [nranks=3] stream 0x6bb1ed00
[1,0]<stdout>:user:7483:7566 [0] NCCL INFO AllReduce: opCount 1e0 sendbuff 0x7f298a000000 recvbuff 0x7f298a000000 count 5284 datatype 7 op 0 root 0 comm 0x7f2a98247800 [nranks=3] stream 0x7f2a98230dd0
[1,1]<stdout>:user:7484:7568 [1] NCCL INFO AllReduce: opCount 1f0 sendbuff 0x7f1dde000000 recvbuff 0x7f1dde000000 count 5284 datatype 7 op 0 root 0 comm 0x7f1f00245250 [nranks=3] stream 0x7f1f00237010
[1,2]<stdout>:nsslab2-System-Product-Name:2293:2311 [0] NCCL INFO AllReduce: opCount 1f0 sendbuff 0x7f1b68000000 recvbuff 0x7f1b68000000 count 5284 datatype 7 op 0 root 0 comm 0x7f1c58335d60 [nranks=3] stream 0x6bb1ed00
[1,1]<stdout>:Train Epoch: 1 [17280/20000 (86%)]	Loss: 0.377580
[1,0]<stdout>:Train Epoch: 1 [17280/20000 (86%)]	Loss: 0.298625
[1,2]<stdout>:Train Epoch: 1 [17280/20000 (86%)]	Loss: 0.490368
[1,1]<stdout>:user:7484:7568 [1] NCCL INFO AllReduce: opCount 1f1 sendbuff 0x7f1dde000000 recvbuff 0x7f1dde000000 count 564 datatype 7 op 0 root 0 comm 0x7f1f00245250 [nranks=3] stream 0x7f1f00237010
[1,0]<stdout>:user:7483:7566 [0] NCCL INFO AllReduce: opCount 1e1 sendbuff 0x7f298a000000 recvbuff 0x7f298a000000 count 564 datatype 7 op 0 root 0 comm 0x7f2a98247800 [nranks=3] stream 0x7f2a98230dd0
[1,2]<stdout>:nsslab2-System-Product-Name:2293:2311 [0] NCCL INFO AllReduce: opCount 1f1 sendbuff 0x7f1b68000000 recvbuff 0x7f1b68000000 count 564 datatype 7 op 0 root 0 comm 0x7f1c58335d60 [nranks=3] stream 0x6bb1ed00
[1,1]<stdout>:user:7484:7568 [1] NCCL INFO AllReduce: opCount 1f2 sendbuff 0x7f1dde000000 recvbuff 0x7f1dde000000 count 21284 datatype 7 op 0 root 0 comm 0x7f1f00245250 [nranks=3] stream 0x7f1f00237010
[1,0]<stdout>:user:7483:7566 [0] NCCL INFO AllReduce: opCount 1e2 sendbuff 0x7f298a000000 recvbuff 0x7f298a000000 count 21284 datatype 7 op 0 root 0 comm 0x7f2a98247800 [nranks=3] stream 0x7f2a98230dd0
[1,2]<stdout>:nsslab2-System-Product-Name:2293:2311 [0] NCCL INFO AllReduce: opCount 1f2 sendbuff 0x7f1b68000000 recvbuff 0x7f1b68000000 count 21284 datatype 7 op 0 root 0 comm 0x7f1c58335d60 [nranks=3] stream 0x6bb1ed00
[1,0]<stdout>:user:7483:7566 [0] NCCL INFO AllReduce: opCount 1e3 sendbuff 0x7f298a000000 recvbuff 0x7f298a000000 count 21848 datatype 7 op 0 root 0 comm 0x7f2a98247800 [nranks=3] stream 0x7f2a98230dd0
[1,1]<stdout>:user:7484:7568 [1] NCCL INFO AllReduce: opCount 1f3 sendbuff 0x7f1dde000000 recvbuff 0x7f1dde000000 count 21848 datatype 7 op 0 root 0 comm 0x7f1f00245250 [nranks=3] stream 0x7f1f00237010
[1,2]<stdout>:nsslab2-System-Product-Name:2293:2311 [0] NCCL INFO AllReduce: opCount 1f3 sendbuff 0x7f1b68000000 recvbuff 0x7f1b68000000 count 21848 datatype 7 op 0 root 0 comm 0x7f1c58335d60 [nranks=3] stream 0x6bb1ed00
[1,0]<stdout>:user:7483:7566 [0] NCCL INFO AllReduce: opCount 1e4 sendbuff 0x7f298a000000 recvbuff 0x7f298a000000 count 21584 datatype 7 op 0 root 0 comm 0x7f2a98247800 [nranks=3] stream 0x7f2a98230dd0
[1,1]<stdout>:user:7484:7568 [1] NCCL INFO AllReduce: opCount 1f4 sendbuff 0x7f1dde000000 recvbuff 0x7f1dde000000 count 21584 datatype 7 op 0 root 0 comm 0x7f1f00245250 [nranks=3] stream 0x7f1f00237010
[1,2]<stdout>:nsslab2-System-Product-Name:2293:2311 [0] NCCL INFO AllReduce: opCount 1f4 sendbuff 0x7f1b68000000 recvbuff 0x7f1b68000000 count 21584 datatype 7 op 0 root 0 comm 0x7f1c58335d60 [nranks=3] stream 0x6bb1ed00
[1,0]<stdout>:user:7483:7566 [0] NCCL INFO AllReduce: opCount 1e5 sendbuff 0x7f298a000000 recvbuff 0x7f298a000000 count 264 datatype 7 op 0 root 0 comm 0x7f2a98247800 [nranks=3] stream 0x7f2a98230dd0
[1,1]<stdout>:user:7484:7568 [1] NCCL INFO AllReduce: opCount 1f5 sendbuff 0x7f1dde000000 recvbuff 0x7f1dde000000 count 264 datatype 7 op 0 root 0 comm 0x7f1f00245250 [nranks=3] stream 0x7f1f00237010
[1,2]<stdout>:nsslab2-System-Product-Name:2293:2311 [0] NCCL INFO AllReduce: opCount 1f5 sendbuff 0x7f1b68000000 recvbuff 0x7f1b68000000 count 264 datatype 7 op 0 root 0 comm 0x7f1c58335d60 [nranks=3] stream 0x6bb1ed00
[1,0]<stdout>:user:7483:7566 [0] NCCL INFO AllReduce: opCount 1e6 sendbuff 0x7f298a000000 recvbuff 0x7f298a000000 count 512 datatype 7 op 0 root 0 comm 0x7f2a98247800 [nranks=3] stream 0x7f2a98230dd0
[1,1]<stdout>:user:7484:7568 [1] NCCL INFO AllReduce: opCount 1f6 sendbuff 0x7f1dde000000 recvbuff 0x7f1dde000000 count 512 datatype 7 op 0 root 0 comm 0x7f1f00245250 [nranks=3] stream 0x7f1f00237010
[1,2]<stdout>:nsslab2-System-Product-Name:2293:2311 [0] NCCL INFO AllReduce: opCount 1f6 sendbuff 0x7f1b68000000 recvbuff 0x7f1b68000000 count 512 datatype 7 op 0 root 0 comm 0x7f1c58335d60 [nranks=3] stream 0x6bb1ed00
[1,0]<stdout>:user:7483:7566 [0] NCCL INFO AllReduce: opCount 1e7 sendbuff 0x7f298a000000 recvbuff 0x7f298a000000 count 21336 datatype 7 op 0 root 0 comm 0x7f2a98247800 [nranks=3] stream 0x7f2a98230dd0
[1,1]<stdout>:user:7484:7568 [1] NCCL INFO AllReduce: opCount 1f7 sendbuff 0x7f1dde000000 recvbuff 0x7f1dde000000 count 21336 datatype 7 op 0 root 0 comm 0x7f1f00245250 [nranks=3] stream 0x7f1f00237010
[1,2]<stdout>:nsslab2-System-Product-Name:2293:2311 [0] NCCL INFO AllReduce: opCount 1f7 sendbuff 0x7f1b68000000 recvbuff 0x7f1b68000000 count 21336 datatype 7 op 0 root 0 comm 0x7f1c58335d60 [nranks=3] stream 0x6bb1ed00
[1,0]<stdout>:user:7483:7566 [0] NCCL INFO AllReduce: opCount 1e8 sendbuff 0x7f298a000000 recvbuff 0x7f298a000000 count 21848 datatype 7 op 0 root 0 comm 0x7f2a98247800 [nranks=3] stream 0x7f2a98230dd0
[1,1]<stdout>:user:7484:7568 [1] NCCL INFO AllReduce: opCount 1f8 sendbuff 0x7f1dde000000 recvbuff 0x7f1dde000000 count 21848 datatype 7 op 0 root 0 comm 0x7f1f00245250 [nranks=3] stream 0x7f1f00237010
[1,2]<stdout>:nsslab2-System-Product-Name:2293:2311 [0] NCCL INFO AllReduce: opCount 1f8 sendbuff 0x7f1b68000000 recvbuff 0x7f1b68000000 count 21848 datatype 7 op 0 root 0 comm 0x7f1c58335d60 [nranks=3] stream 0x6bb1ed00
[1,0]<stdout>:user:7483:7566 [0] NCCL INFO AllReduce: opCount 1e9 sendbuff 0x7f298a000000 recvbuff 0x7f298a000000 count 21564 datatype 7 op 0 root 0 comm 0x7f2a98247800 [nranks=3] stream 0x7f2a98230dd0
[1,1]<stdout>:user:7484:7568 [1] NCCL INFO AllReduce: opCount 1f9 sendbuff 0x7f1dde000000 recvbuff 0x7f1dde000000 count 21564 datatype 7 op 0 root 0 comm 0x7f1f00245250 [nranks=3] stream 0x7f1f00237010
[1,2]<stdout>:nsslab2-System-Product-Name:2293:2311 [0] NCCL INFO AllReduce: opCount 1f9 sendbuff 0x7f1b68000000 recvbuff 0x7f1b68000000 count 21564 datatype 7 op 0 root 0 comm 0x7f1c58335d60 [nranks=3] stream 0x6bb1ed00
[1,2]<stdout>:nsslab2-System-Product-Name:2293:2311 [0] NCCL INFO AllReduce: opCount 1fa sendbuff 0x7f1b68000000 recvbuff 0x7f1b68000000 count 284 datatype 7 op 0 root 0 comm 0x7f1c58335d60 [nranks=3] stream 0x6bb1ed00
[1,0]<stdout>:user:7483:7566 [0] NCCL INFO AllReduce: opCount 1ea sendbuff 0x7f298a000000 recvbuff 0x7f298a000000 count 284 datatype 7 op 0 root 0 comm 0x7f2a98247800 [nranks=3] stream 0x7f2a98230dd0
[1,1]<stdout>:user:7484:7568 [1] NCCL INFO AllReduce: opCount 1fa sendbuff 0x7f1dde000000 recvbuff 0x7f1dde000000 count 284 datatype 7 op 0 root 0 comm 0x7f1f00245250 [nranks=3] stream 0x7f1f00237010
[1,0]<stdout>:user:7483:7566 [0] NCCL INFO AllReduce: opCount 1eb sendbuff 0x7f298a000000 recvbuff 0x7f298a000000 count 21836 datatype 7 op 0 root 0 comm 0x7f2a98247800 [nranks=3] stream 0x7f2a98230dd0
[1,1]<stdout>:user:7484:7568 [1] NCCL INFO AllReduce: opCount 1fb sendbuff 0x7f1dde000000 recvbuff 0x7f1dde000000 count 21836 datatype 7 op 0 root 0 comm 0x7f1f00245250 [nranks=3] stream 0x7f1f00237010
[1,2]<stdout>:nsslab2-System-Product-Name:2293:2311 [0] NCCL INFO AllReduce: opCount 1fb sendbuff 0x7f1b68000000 recvbuff 0x7f1b68000000 count 21836 datatype 7 op 0 root 0 comm 0x7f1c58335d60 [nranks=3] stream 0x6bb1ed00
[1,0]<stdout>:user:7483:7566 [0] NCCL INFO AllReduce: opCount 1ec sendbuff 0x7f2a66c16200 recvbuff 0x7f2a66c16200 count 10 datatype 7 op 0 root 0 comm 0x7f2a98247800 [nranks=3] stream 0x7f2a98230dd0
[1,1]<stdout>:user:7484:7568 [1] NCCL INFO AllReduce: opCount 1fc sendbuff 0x7f1ebac16200 recvbuff 0x7f1ebac16200 count 10 datatype 7 op 0 root 0 comm 0x7f1f00245250 [nranks=3] stream 0x7f1f00237010
[1,2]<stdout>:nsslab2-System-Product-Name:2293:2311 [0] NCCL INFO AllReduce: opCount 1fc sendbuff 0x7f1c2f216200 recvbuff 0x7f1c2f216200 count 10 datatype 7 op 0 root 0 comm 0x7f1c58335d60 [nranks=3] stream 0x6bb1ed00
[1,0]<stdout>:user:7483:7566 [0] NCCL INFO AllReduce: opCount 1ed sendbuff 0x7f298a000000 recvbuff 0x7f298a000000 count 21848 datatype 7 op 0 root 0 comm 0x7f2a98247800 [nranks=3] stream 0x7f2a98230dd0
[1,1]<stdout>:user:7484:7568 [1] NCCL INFO AllReduce: opCount 1fd sendbuff 0x7f1dde000000 recvbuff 0x7f1dde000000 count 21848 datatype 7 op 0 root 0 comm 0x7f1f00245250 [nranks=3] stream 0x7f1f00237010
[1,2]<stdout>:nsslab2-System-Product-Name:2293:2311 [0] NCCL INFO AllReduce: opCount 1fd sendbuff 0x7f1b68000000 recvbuff 0x7f1b68000000 count 21848 datatype 7 op 0 root 0 comm 0x7f1c58335d60 [nranks=3] stream 0x6bb1ed00
[1,0]<stdout>:user:7483:7566 [0] NCCL INFO AllReduce: opCount 1ee sendbuff 0x7f298a000000 recvbuff 0x7f298a000000 count 21584 datatype 7 op 0 root 0 comm 0x7f2a98247800 [nranks=3] stream 0x7f2a98230dd0
[1,1]<stdout>:user:7484:7568 [1] NCCL INFO AllReduce: opCount 1fe sendbuff 0x7f1dde000000 recvbuff 0x7f1dde000000 count 21584 datatype 7 op 0 root 0 comm 0x7f1f00245250 [nranks=3] stream 0x7f1f00237010
[1,2]<stdout>:nsslab2-System-Product-Name:2293:2311 [0] NCCL INFO AllReduce: opCount 1fe sendbuff 0x7f1b68000000 recvbuff 0x7f1b68000000 count 21584 datatype 7 op 0 root 0 comm 0x7f1c58335d60 [nranks=3] stream 0x6bb1ed00
[1,0]<stdout>:user:7483:7566 [0] NCCL INFO AllReduce: opCount 1ef sendbuff 0x7f298a000000 recvbuff 0x7f298a000000 count 264 datatype 7 op 0 root 0 comm 0x7f2a98247800 [nranks=3] stream 0x7f2a98230dd0
[1,1]<stdout>:user:7484:7568 [1] NCCL INFO AllReduce: opCount 1ff sendbuff 0x7f1dde000000 recvbuff 0x7f1dde000000 count 264 datatype 7 op 0 root 0 comm 0x7f1f00245250 [nranks=3] stream 0x7f1f00237010
[1,2]<stdout>:nsslab2-System-Product-Name:2293:2311 [0] NCCL INFO AllReduce: opCount 1ff sendbuff 0x7f1b68000000 recvbuff 0x7f1b68000000 count 264 datatype 7 op 0 root 0 comm 0x7f1c58335d60 [nranks=3] stream 0x6bb1ed00
[1,0]<stdout>:user:7483:7566 [0] NCCL INFO AllReduce: opCount 1f0 sendbuff 0x7f298a000000 recvbuff 0x7f298a000000 count 21584 datatype 7 op 0 root 0 comm 0x7f2a98247800 [nranks=3] stream 0x7f2a98230dd0
[1,1]<stdout>:user:7484:7568 [1] NCCL INFO AllReduce: opCount 200 sendbuff 0x7f1dde000000 recvbuff 0x7f1dde000000 count 21584 datatype 7 op 0 root 0 comm 0x7f1f00245250 [nranks=3] stream 0x7f1f00237010
[1,2]<stdout>:nsslab2-System-Product-Name:2293:2311 [0] NCCL INFO AllReduce: opCount 200 sendbuff 0x7f1b68000000 recvbuff 0x7f1b68000000 count 21584 datatype 7 op 0 root 0 comm 0x7f1c58335d60 [nranks=3] stream 0x6bb1ed00
[1,0]<stdout>:user:7483:7566 [0] NCCL INFO AllReduce: opCount 1f1 sendbuff 0x7f298a000000 recvbuff 0x7f298a000000 count 264 datatype 7 op 0 root 0 comm 0x7f2a98247800 [nranks=3] stream 0x7f2a98230dd0
[1,1]<stdout>:user:7484:7568 [1] NCCL INFO AllReduce: opCount 201 sendbuff 0x7f1dde000000 recvbuff 0x7f1dde000000 count 264 datatype 7 op 0 root 0 comm 0x7f1f00245250 [nranks=3] stream 0x7f1f00237010
[1,2]<stdout>:nsslab2-System-Product-Name:2293:2311 [0] NCCL INFO AllReduce: opCount 201 sendbuff 0x7f1b68000000 recvbuff 0x7f1b68000000 count 264 datatype 7 op 0 root 0 comm 0x7f1c58335d60 [nranks=3] stream 0x6bb1ed00
[1,1]<stdout>:Train Epoch: 1 [17920/20000 (89%)]	Loss: 0.465888
[1,0]<stdout>:Train Epoch: 1 [17920/20000 (89%)]	Loss: 0.711897
[1,2]<stdout>:Train Epoch: 1 [17920/20000 (89%)]	Loss: 0.394652
[1,1]<stdout>:user:7484:7568 [1] NCCL INFO AllReduce: opCount 202 sendbuff 0x7f1dde000000 recvbuff 0x7f1dde000000 count 16564 datatype 7 op 0 root 0 comm 0x7f1f00245250 [nranks=3] stream 0x7f1f00237010
[1,0]<stdout>:user:7483:7566 [0] NCCL INFO AllReduce: opCount 1f2 sendbuff 0x7f298a000000 recvbuff 0x7f298a000000 count 16564 datatype 7 op 0 root 0 comm 0x7f2a98247800 [nranks=3] stream 0x7f2a98230dd0
[1,2]<stdout>:nsslab2-System-Product-Name:2293:2311 [0] NCCL INFO AllReduce: opCount 202 sendbuff 0x7f1b68000000 recvbuff 0x7f1b68000000 count 16564 datatype 7 op 0 root 0 comm 0x7f1c58335d60 [nranks=3] stream 0x6bb1ed00
[1,1]<stdout>:user:7484:7568 [1] NCCL INFO AllReduce: opCount 203 sendbuff 0x7f1dde000000 recvbuff 0x7f1dde000000 count 5284 datatype 7 op 0 root 0 comm 0x7f1f00245250 [nranks=3] stream 0x7f1f00237010
[1,0]<stdout>:user:7483:7566 [0] NCCL INFO AllReduce: opCount 1f3 sendbuff 0x7f298a000000 recvbuff 0x7f298a000000 count 5284 datatype 7 op 0 root 0 comm 0x7f2a98247800 [nranks=3] stream 0x7f2a98230dd0
[1,2]<stdout>:nsslab2-System-Product-Name:2293:2311 [0] NCCL INFO AllReduce: opCount 203 sendbuff 0x7f1b68000000 recvbuff 0x7f1b68000000 count 5284 datatype 7 op 0 root 0 comm 0x7f1c58335d60 [nranks=3] stream 0x6bb1ed00
[1,1]<stdout>:user:7484:7568 [1] NCCL INFO AllReduce: opCount 204 sendbuff 0x7f1dde000000 recvbuff 0x7f1dde000000 count 512 datatype 7 op 0 root 0 comm 0x7f1f00245250 [nranks=3] stream 0x7f1f00237010
[1,0]<stdout>:user:7483:7566 [0] NCCL INFO AllReduce: opCount 1f4 sendbuff 0x7f298a000000 recvbuff 0x7f298a000000 count 512 datatype 7 op 0 root 0 comm 0x7f2a98247800 [nranks=3] stream 0x7f2a98230dd0
[1,2]<stdout>:nsslab2-System-Product-Name:2293:2311 [0] NCCL INFO AllReduce: opCount 204 sendbuff 0x7f1b68000000 recvbuff 0x7f1b68000000 count 512 datatype 7 op 0 root 0 comm 0x7f1c58335d60 [nranks=3] stream 0x6bb1ed00
[1,1]<stdout>:user:7484:7568 [1] NCCL INFO AllReduce: opCount 205 sendbuff 0x7f1dde000000 recvbuff 0x7f1dde000000 count 21336 datatype 7 op 0 root 0 comm 0x7f1f00245250 [nranks=3] stream 0x7f1f00237010
[1,0]<stdout>:user:7483:7566 [0] NCCL INFO AllReduce: opCount 1f5 sendbuff 0x7f298a000000 recvbuff 0x7f298a000000 count 21336 datatype 7 op 0 root 0 comm 0x7f2a98247800 [nranks=3] stream 0x7f2a98230dd0
[1,2]<stdout>:nsslab2-System-Product-Name:2293:2311 [0] NCCL INFO AllReduce: opCount 205 sendbuff 0x7f1b68000000 recvbuff 0x7f1b68000000 count 21336 datatype 7 op 0 root 0 comm 0x7f1c58335d60 [nranks=3] stream 0x6bb1ed00
[1,1]<stdout>:user:7484:7568 [1] NCCL INFO AllReduce: opCount 206 sendbuff 0x7f1dde000000 recvbuff 0x7f1dde000000 count 21848 datatype 7 op 0 root 0 comm 0x7f1f00245250 [nranks=3] stream 0x7f1f00237010
[1,0]<stdout>:user:7483:7566 [0] NCCL INFO AllReduce: opCount 1f6 sendbuff 0x7f298a000000 recvbuff 0x7f298a000000 count 21848 datatype 7 op 0 root 0 comm 0x7f2a98247800 [nranks=3] stream 0x7f2a98230dd0
[1,2]<stdout>:nsslab2-System-Product-Name:2293:2311 [0] NCCL INFO AllReduce: opCount 206 sendbuff 0x7f1b68000000 recvbuff 0x7f1b68000000 count 21848 datatype 7 op 0 root 0 comm 0x7f1c58335d60 [nranks=3] stream 0x6bb1ed00
[1,1]<stdout>:user:7484:7568 [1] NCCL INFO AllReduce: opCount 207 sendbuff 0x7f1dde000000 recvbuff 0x7f1dde000000 count 512 datatype 7 op 0 root 0 comm 0x7f1f00245250 [nranks=3] stream 0x7f1f00237010
[1,0]<stdout>:user:7483:7566 [0] NCCL INFO AllReduce: opCount 1f7 sendbuff 0x7f298a000000 recvbuff 0x7f298a000000 count 512 datatype 7 op 0 root 0 comm 0x7f2a98247800 [nranks=3] stream 0x7f2a98230dd0
[1,2]<stdout>:nsslab2-System-Product-Name:2293:2311 [0] NCCL INFO AllReduce: opCount 207 sendbuff 0x7f1b68000000 recvbuff 0x7f1b68000000 count 512 datatype 7 op 0 root 0 comm 0x7f1c58335d60 [nranks=3] stream 0x6bb1ed00
[1,1]<stdout>:user:7484:7568 [1] NCCL INFO AllReduce: opCount 208 sendbuff 0x7f1dde000000 recvbuff 0x7f1dde000000 count 21336 datatype 7 op 0 root 0 comm 0x7f1f00245250 [nranks=3] stream 0x7f1f00237010
[1,0]<stdout>:user:7483:7566 [0] NCCL INFO AllReduce: opCount 1f8 sendbuff 0x7f298a000000 recvbuff 0x7f298a000000 count 21336 datatype 7 op 0 root 0 comm 0x7f2a98247800 [nranks=3] stream 0x7f2a98230dd0
[1,2]<stdout>:nsslab2-System-Product-Name:2293:2311 [0] NCCL INFO AllReduce: opCount 208 sendbuff 0x7f1b68000000 recvbuff 0x7f1b68000000 count 21336 datatype 7 op 0 root 0 comm 0x7f1c58335d60 [nranks=3] stream 0x6bb1ed00
[1,0]<stdout>:user:7483:7566 [0] NCCL INFO AllReduce: opCount 1f9 sendbuff 0x7f298a000000 recvbuff 0x7f298a000000 count 21848 datatype 7 op 0 root 0 comm 0x7f2a98247800 [nranks=3] stream 0x7f2a98230dd0
[1,1]<stdout>:user:7484:7568 [1] NCCL INFO AllReduce: opCount 209 sendbuff 0x7f1dde000000 recvbuff 0x7f1dde000000 count 21848 datatype 7 op 0 root 0 comm 0x7f1f00245250 [nranks=3] stream 0x7f1f00237010
[1,2]<stdout>:nsslab2-System-Product-Name:2293:2311 [0] NCCL INFO AllReduce: opCount 209 sendbuff 0x7f1b68000000 recvbuff 0x7f1b68000000 count 21848 datatype 7 op 0 root 0 comm 0x7f1c58335d60 [nranks=3] stream 0x6bb1ed00
[1,0]<stdout>:user:7483:7566 [0] NCCL INFO AllReduce: opCount 1fa sendbuff 0x7f298a000000 recvbuff 0x7f298a000000 count 16564 datatype 7 op 0 root 0 comm 0x7f2a98247800 [nranks=3] stream 0x7f2a98230dd0
[1,1]<stdout>:user:7484:7568 [1] NCCL INFO AllReduce: opCount 20a sendbuff 0x7f1dde000000 recvbuff 0x7f1dde000000 count 16564 datatype 7 op 0 root 0 comm 0x7f1f00245250 [nranks=3] stream 0x7f1f00237010
[1,2]<stdout>:nsslab2-System-Product-Name:2293:2311 [0] NCCL INFO AllReduce: opCount 20a sendbuff 0x7f1b68000000 recvbuff 0x7f1b68000000 count 16564 datatype 7 op 0 root 0 comm 0x7f1c58335d60 [nranks=3] stream 0x6bb1ed00
[1,0]<stdout>:user:7483:7566 [0] NCCL INFO AllReduce: opCount 1fb sendbuff 0x7f298a000000 recvbuff 0x7f298a000000 count 5284 datatype 7 op 0 root 0 comm 0x7f2a98247800 [nranks=3] stream 0x7f2a98230dd0
[1,1]<stdout>:user:7484:7568 [1] NCCL INFO AllReduce: opCount 20b sendbuff 0x7f1dde000000 recvbuff 0x7f1dde000000 count 5284 datatype 7 op 0 root 0 comm 0x7f1f00245250 [nranks=3] stream 0x7f1f00237010
[1,2]<stdout>:nsslab2-System-Product-Name:2293:2311 [0] NCCL INFO AllReduce: opCount 20b sendbuff 0x7f1b68000000 recvbuff 0x7f1b68000000 count 5284 datatype 7 op 0 root 0 comm 0x7f1c58335d60 [nranks=3] stream 0x6bb1ed00
[1,0]<stdout>:user:7483:7566 [0] NCCL INFO AllReduce: opCount 1fc sendbuff 0x7f298a000000 recvbuff 0x7f298a000000 count 21848 datatype 7 op 0 root 0 comm 0x7f2a98247800 [nranks=3] stream 0x7f2a98230dd0
[1,1]<stdout>:user:7484:7568 [1] NCCL INFO AllReduce: opCount 20c sendbuff 0x7f1dde000000 recvbuff 0x7f1dde000000 count 21848 datatype 7 op 0 root 0 comm 0x7f1f00245250 [nranks=3] stream 0x7f1f00237010
[1,2]<stdout>:nsslab2-System-Product-Name:2293:2311 [0] NCCL INFO AllReduce: opCount 20c sendbuff 0x7f1b68000000 recvbuff 0x7f1b68000000 count 21848 datatype 7 op 0 root 0 comm 0x7f1c58335d60 [nranks=3] stream 0x6bb1ed00
[1,0]<stdout>:user:7483:7566 [0] NCCL INFO AllReduce: opCount 1fd sendbuff 0x7f298a000000 recvbuff 0x7f298a000000 count 16564 datatype 7 op 0 root 0 comm 0x7f2a98247800 [nranks=3] stream 0x7f2a98230dd0
[1,1]<stdout>:user:7484:7568 [1] NCCL INFO AllReduce: opCount 20d sendbuff 0x7f1dde000000 recvbuff 0x7f1dde000000 count 16564 datatype 7 op 0 root 0 comm 0x7f1f00245250 [nranks=3] stream 0x7f1f00237010
[1,2]<stdout>:nsslab2-System-Product-Name:2293:2311 [0] NCCL INFO AllReduce: opCount 20d sendbuff 0x7f1b68000000 recvbuff 0x7f1b68000000 count 16564 datatype 7 op 0 root 0 comm 0x7f1c58335d60 [nranks=3] stream 0x6bb1ed00
[1,0]<stdout>:user:7483:7566 [0] NCCL INFO AllReduce: opCount 1fe sendbuff 0x7f298a000000 recvbuff 0x7f298a000000 count 5284 datatype 7 op 0 root 0 comm 0x7f2a98247800 [nranks=3] stream 0x7f2a98230dd0
[1,1]<stdout>:user:7484:7568 [1] NCCL INFO AllReduce: opCount 20e sendbuff 0x7f1dde000000 recvbuff 0x7f1dde000000 count 5284 datatype 7 op 0 root 0 comm 0x7f1f00245250 [nranks=3] stream 0x7f1f00237010
[1,2]<stdout>:nsslab2-System-Product-Name:2293:2311 [0] NCCL INFO AllReduce: opCount 20e sendbuff 0x7f1b68000000 recvbuff 0x7f1b68000000 count 5284 datatype 7 op 0 root 0 comm 0x7f1c58335d60 [nranks=3] stream 0x6bb1ed00
[1,0]<stdout>:user:7483:7566 [0] NCCL INFO AllReduce: opCount 1ff sendbuff 0x7f298a000000 recvbuff 0x7f298a000000 count 512 datatype 7 op 0 root 0 comm 0x7f2a98247800 [nranks=3] stream 0x7f2a98230dd0
[1,1]<stdout>:user:7484:7568 [1] NCCL INFO AllReduce: opCount 20f sendbuff 0x7f1dde000000 recvbuff 0x7f1dde000000 count 512 datatype 7 op 0 root 0 comm 0x7f1f00245250 [nranks=3] stream 0x7f1f00237010
[1,2]<stdout>:nsslab2-System-Product-Name:2293:2311 [0] NCCL INFO AllReduce: opCount 20f sendbuff 0x7f1b68000000 recvbuff 0x7f1b68000000 count 512 datatype 7 op 0 root 0 comm 0x7f1c58335d60 [nranks=3] stream 0x6bb1ed00
[1,0]<stdout>:user:7483:7566 [0] NCCL INFO AllReduce: opCount 200 sendbuff 0x7f298a000000 recvbuff 0x7f298a000000 count 21336 datatype 7 op 0 root 0 comm 0x7f2a98247800 [nranks=3] stream 0x7f2a98230dd0
[1,1]<stdout>:user:7484:7568 [1] NCCL INFO AllReduce: opCount 210 sendbuff 0x7f1dde000000 recvbuff 0x7f1dde000000 count 21336 datatype 7 op 0 root 0 comm 0x7f1f00245250 [nranks=3] stream 0x7f1f00237010
[1,2]<stdout>:nsslab2-System-Product-Name:2293:2311 [0] NCCL INFO AllReduce: opCount 210 sendbuff 0x7f1b68000000 recvbuff 0x7f1b68000000 count 21336 datatype 7 op 0 root 0 comm 0x7f1c58335d60 [nranks=3] stream 0x6bb1ed00
[1,0]<stdout>:user:7483:7566 [0] NCCL INFO AllReduce: opCount 201 sendbuff 0x7f298a000000 recvbuff 0x7f298a000000 count 21848 datatype 7 op 0 root 0 comm 0x7f2a98247800 [nranks=3] stream 0x7f2a98230dd0
[1,1]<stdout>:user:7484:7568 [1] NCCL INFO AllReduce: opCount 211 sendbuff 0x7f1dde000000 recvbuff 0x7f1dde000000 count 21848 datatype 7 op 0 root 0 comm 0x7f1f00245250 [nranks=3] stream 0x7f1f00237010
[1,2]<stdout>:nsslab2-System-Product-Name:2293:2311 [0] NCCL INFO AllReduce: opCount 211 sendbuff 0x7f1b68000000 recvbuff 0x7f1b68000000 count 21848 datatype 7 op 0 root 0 comm 0x7f1c58335d60 [nranks=3] stream 0x6bb1ed00
[1,1]<stdout>:Train Epoch: 1 [18560/20000 (93%)]	Loss: 0.376858
[1,2]<stdout>:Train Epoch: 1 [18560/20000 (93%)]	Loss: 0.387617
[1,0]<stdout>:Train Epoch: 1 [18560/20000 (93%)]	Loss: 0.477089
[1,1]<stdout>:user:7484:7568 [1] NCCL INFO AllReduce: opCount 212 sendbuff 0x7f1dde000000 recvbuff 0x7f1dde000000 count 564 datatype 7 op 0 root 0 comm 0x7f1f00245250 [nranks=3] stream 0x7f1f00237010
[1,0]<stdout>:user:7483:7566 [0] NCCL INFO AllReduce: opCount 202 sendbuff 0x7f298a000000 recvbuff 0x7f298a000000 count 564 datatype 7 op 0 root 0 comm 0x7f2a98247800 [nranks=3] stream 0x7f2a98230dd0
[1,2]<stdout>:nsslab2-System-Product-Name:2293:2311 [0] NCCL INFO AllReduce: opCount 212 sendbuff 0x7f1b68000000 recvbuff 0x7f1b68000000 count 564 datatype 7 op 0 root 0 comm 0x7f1c58335d60 [nranks=3] stream 0x6bb1ed00
[1,1]<stdout>:user:7484:7568 [1] NCCL INFO AllReduce: opCount 213 sendbuff 0x7f1dde000000 recvbuff 0x7f1dde000000 count 21284 datatype 7 op 0 root 0 comm 0x7f1f00245250 [nranks=3] stream 0x7f1f00237010
[1,0]<stdout>:user:7483:7566 [0] NCCL INFO AllReduce: opCount 203 sendbuff 0x7f298a000000 recvbuff 0x7f298a000000 count 21284 datatype 7 op 0 root 0 comm 0x7f2a98247800 [nranks=3] stream 0x7f2a98230dd0
[1,2]<stdout>:nsslab2-System-Product-Name:2293:2311 [0] NCCL INFO AllReduce: opCount 213 sendbuff 0x7f1b68000000 recvbuff 0x7f1b68000000 count 21284 datatype 7 op 0 root 0 comm 0x7f1c58335d60 [nranks=3] stream 0x6bb1ed00
[1,1]<stdout>:user:7484:7568 [1] NCCL INFO AllReduce: opCount 214 sendbuff 0x7f1dde000000 recvbuff 0x7f1dde000000 count 512 datatype 7 op 0 root 0 comm 0x7f1f00245250 [nranks=3] stream 0x7f1f00237010
[1,0]<stdout>:user:7483:7566 [0] NCCL INFO AllReduce: opCount 204 sendbuff 0x7f298a000000 recvbuff 0x7f298a000000 count 512 datatype 7 op 0 root 0 comm 0x7f2a98247800 [nranks=3] stream 0x7f2a98230dd0
[1,2]<stdout>:nsslab2-System-Product-Name:2293:2311 [0] NCCL INFO AllReduce: opCount 214 sendbuff 0x7f1b68000000 recvbuff 0x7f1b68000000 count 512 datatype 7 op 0 root 0 comm 0x7f1c58335d60 [nranks=3] stream 0x6bb1ed00
[1,1]<stdout>:user:7484:7568 [1] NCCL INFO AllReduce: opCount 215 sendbuff 0x7f1dde000000 recvbuff 0x7f1dde000000 count 21336 datatype 7 op 0 root 0 comm 0x7f1f00245250 [nranks=3] stream 0x7f1f00237010
[1,0]<stdout>:user:7483:7566 [0] NCCL INFO AllReduce: opCount 205 sendbuff 0x7f298a000000 recvbuff 0x7f298a000000 count 21336 datatype 7 op 0 root 0 comm 0x7f2a98247800 [nranks=3] stream 0x7f2a98230dd0
[1,2]<stdout>:nsslab2-System-Product-Name:2293:2311 [0] NCCL INFO AllReduce: opCount 215 sendbuff 0x7f1b68000000 recvbuff 0x7f1b68000000 count 21336 datatype 7 op 0 root 0 comm 0x7f1c58335d60 [nranks=3] stream 0x6bb1ed00
[1,1]<stdout>:user:7484:7568 [1] NCCL INFO AllReduce: opCount 216 sendbuff 0x7f1dde000000 recvbuff 0x7f1dde000000 count 21584 datatype 7 op 0 root 0 comm 0x7f1f00245250 [nranks=3] stream 0x7f1f00237010
[1,0]<stdout>:user:7483:7566 [0] NCCL INFO AllReduce: opCount 206 sendbuff 0x7f298a000000 recvbuff 0x7f298a000000 count 21584 datatype 7 op 0 root 0 comm 0x7f2a98247800 [nranks=3] stream 0x7f2a98230dd0
[1,2]<stdout>:nsslab2-System-Product-Name:2293:2311 [0] NCCL INFO AllReduce: opCount 216 sendbuff 0x7f1b68000000 recvbuff 0x7f1b68000000 count 21584 datatype 7 op 0 root 0 comm 0x7f1c58335d60 [nranks=3] stream 0x6bb1ed00
[1,1]<stdout>:user:7484:7568 [1] NCCL INFO AllReduce: opCount 217 sendbuff 0x7f1dde000000 recvbuff 0x7f1dde000000 count 264 datatype 7 op 0 root 0 comm 0x7f1f00245250 [nranks=3] stream 0x7f1f00237010
[1,0]<stdout>:user:7483:7566 [0] NCCL INFO AllReduce: opCount 207 sendbuff 0x7f298a000000 recvbuff 0x7f298a000000 count 264 datatype 7 op 0 root 0 comm 0x7f2a98247800 [nranks=3] stream 0x7f2a98230dd0
[1,2]<stdout>:nsslab2-System-Product-Name:2293:2311 [0] NCCL INFO AllReduce: opCount 217 sendbuff 0x7f1b68000000 recvbuff 0x7f1b68000000 count 264 datatype 7 op 0 root 0 comm 0x7f1c58335d60 [nranks=3] stream 0x6bb1ed00
[1,1]<stdout>:user:7484:7568 [1] NCCL INFO AllReduce: opCount 218 sendbuff 0x7f1dde000000 recvbuff 0x7f1dde000000 count 16564 datatype 7 op 0 root 0 comm 0x7f1f00245250 [nranks=3] stream 0x7f1f00237010
[1,0]<stdout>:user:7483:7566 [0] NCCL INFO AllReduce: opCount 208 sendbuff 0x7f298a000000 recvbuff 0x7f298a000000 count 16564 datatype 7 op 0 root 0 comm 0x7f2a98247800 [nranks=3] stream 0x7f2a98230dd0
[1,2]<stdout>:nsslab2-System-Product-Name:2293:2311 [0] NCCL INFO AllReduce: opCount 218 sendbuff 0x7f1b68000000 recvbuff 0x7f1b68000000 count 16564 datatype 7 op 0 root 0 comm 0x7f1c58335d60 [nranks=3] stream 0x6bb1ed00
[1,1]<stdout>:user:7484:7568 [1] NCCL INFO AllReduce: opCount 219 sendbuff 0x7f1dde000000 recvbuff 0x7f1dde000000 count 5284 datatype 7 op 0 root 0 comm 0x7f1f00245250 [nranks=3] stream 0x7f1f00237010
[1,0]<stdout>:user:7483:7566 [0] NCCL INFO AllReduce: opCount 209 sendbuff 0x7f298a000000 recvbuff 0x7f298a000000 count 5284 datatype 7 op 0 root 0 comm 0x7f2a98247800 [nranks=3] stream 0x7f2a98230dd0
[1,2]<stdout>:nsslab2-System-Product-Name:2293:2311 [0] NCCL INFO AllReduce: opCount 219 sendbuff 0x7f1b68000000 recvbuff 0x7f1b68000000 count 5284 datatype 7 op 0 root 0 comm 0x7f1c58335d60 [nranks=3] stream 0x6bb1ed00
[1,1]<stdout>:user:7484:7568 [1] NCCL INFO AllReduce: opCount 21a sendbuff 0x7f1dde000000 recvbuff 0x7f1dde000000 count 21848 datatype 7 op 0 root 0 comm 0x7f1f00245250 [nranks=3] stream 0x7f1f00237010
[1,0]<stdout>:user:7483:7566 [0] NCCL INFO AllReduce: opCount 20a sendbuff 0x7f298a000000 recvbuff 0x7f298a000000 count 21848 datatype 7 op 0 root 0 comm 0x7f2a98247800 [nranks=3] stream 0x7f2a98230dd0
[1,2]<stdout>:nsslab2-System-Product-Name:2293:2311 [0] NCCL INFO AllReduce: opCount 21a sendbuff 0x7f1b68000000 recvbuff 0x7f1b68000000 count 21848 datatype 7 op 0 root 0 comm 0x7f1c58335d60 [nranks=3] stream 0x6bb1ed00
[1,1]<stdout>:user:7484:7568 [1] NCCL INFO AllReduce: opCount 21b sendbuff 0x7f1dde000000 recvbuff 0x7f1dde000000 count 21848 datatype 7 op 0 root 0 comm 0x7f1f00245250 [nranks=3] stream 0x7f1f00237010
[1,0]<stdout>:user:7483:7566 [0] NCCL INFO AllReduce: opCount 20b sendbuff 0x7f298a000000 recvbuff 0x7f298a000000 count 21848 datatype 7 op 0 root 0 comm 0x7f2a98247800 [nranks=3] stream 0x7f2a98230dd0
[1,2]<stdout>:nsslab2-System-Product-Name:2293:2311 [0] NCCL INFO AllReduce: opCount 21b sendbuff 0x7f1b68000000 recvbuff 0x7f1b68000000 count 21848 datatype 7 op 0 root 0 comm 0x7f1c58335d60 [nranks=3] stream 0x6bb1ed00
[1,1]<stdout>:user:7484:7568 [1] NCCL INFO AllReduce: opCount 21c sendbuff 0x7f1dde000000 recvbuff 0x7f1dde000000 count 16564 datatype 7 op 0 root 0 comm 0x7f1f00245250 [nranks=3] stream 0x7f1f00237010
[1,0]<stdout>:user:7483:7566 [0] NCCL INFO AllReduce: opCount 20c sendbuff 0x7f298a000000 recvbuff 0x7f298a000000 count 16564 datatype 7 op 0 root 0 comm 0x7f2a98247800 [nranks=3] stream 0x7f2a98230dd0
[1,2]<stdout>:nsslab2-System-Product-Name:2293:2311 [0] NCCL INFO AllReduce: opCount 21c sendbuff 0x7f1b68000000 recvbuff 0x7f1b68000000 count 16564 datatype 7 op 0 root 0 comm 0x7f1c58335d60 [nranks=3] stream 0x6bb1ed00
[1,1]<stdout>:user:7484:7568 [1] NCCL INFO AllReduce: opCount 21d sendbuff 0x7f1dde000000 recvbuff 0x7f1dde000000 count 5284 datatype 7 op 0 root 0 comm 0x7f1f00245250 [nranks=3] stream 0x7f1f00237010
[1,0]<stdout>:user:7483:7566 [0] NCCL INFO AllReduce: opCount 20d sendbuff 0x7f298a000000 recvbuff 0x7f298a000000 count 5284 datatype 7 op 0 root 0 comm 0x7f2a98247800 [nranks=3] stream 0x7f2a98230dd0
[1,2]<stdout>:nsslab2-System-Product-Name:2293:2311 [0] NCCL INFO AllReduce: opCount 21d sendbuff 0x7f1b68000000 recvbuff 0x7f1b68000000 count 5284 datatype 7 op 0 root 0 comm 0x7f1c58335d60 [nranks=3] stream 0x6bb1ed00
[1,1]<stdout>:user:7484:7568 [1] NCCL INFO AllReduce: opCount 21e sendbuff 0x7f1dde000000 recvbuff 0x7f1dde000000 count 512 datatype 7 op 0 root 0 comm 0x7f1f00245250 [nranks=3] stream 0x7f1f00237010
[1,0]<stdout>:user:7483:7566 [0] NCCL INFO AllReduce: opCount 20e sendbuff 0x7f298a000000 recvbuff 0x7f298a000000 count 512 datatype 7 op 0 root 0 comm 0x7f2a98247800 [nranks=3] stream 0x7f2a98230dd0
[1,2]<stdout>:nsslab2-System-Product-Name:2293:2311 [0] NCCL INFO AllReduce: opCount 21e sendbuff 0x7f1b68000000 recvbuff 0x7f1b68000000 count 512 datatype 7 op 0 root 0 comm 0x7f1c58335d60 [nranks=3] stream 0x6bb1ed00
[1,1]<stdout>:user:7484:7568 [1] NCCL INFO AllReduce: opCount 21f sendbuff 0x7f1dde000000 recvbuff 0x7f1dde000000 count 21336 datatype 7 op 0 root 0 comm 0x7f1f00245250 [nranks=3] stream 0x7f1f00237010
[1,0]<stdout>:user:7483:7566 [0] NCCL INFO AllReduce: opCount 20f sendbuff 0x7f298a000000 recvbuff 0x7f298a000000 count 21336 datatype 7 op 0 root 0 comm 0x7f2a98247800 [nranks=3] stream 0x7f2a98230dd0
[1,2]<stdout>:nsslab2-System-Product-Name:2293:2311 [0] NCCL INFO AllReduce: opCount 21f sendbuff 0x7f1b68000000 recvbuff 0x7f1b68000000 count 21336 datatype 7 op 0 root 0 comm 0x7f1c58335d60 [nranks=3] stream 0x6bb1ed00
[1,1]<stdout>:user:7484:7568 [1] NCCL INFO AllReduce: opCount 220 sendbuff 0x7f1ebac2ba00 recvbuff 0x7f1ebac2ba00 count 10 datatype 7 op 0 root 0 comm 0x7f1f00245250 [nranks=3] stream 0x7f1f00237010
[1,0]<stdout>:user:7483:7566 [0] NCCL INFO AllReduce: opCount 210 sendbuff 0x7f2a66c2ba00 recvbuff 0x7f2a66c2ba00 count 10 datatype 7 op 0 root 0 comm 0x7f2a98247800 [nranks=3] stream 0x7f2a98230dd0
[1,2]<stdout>:nsslab2-System-Product-Name:2293:2311 [0] NCCL INFO AllReduce: opCount 220 sendbuff 0x7f1c2f22ba00 recvbuff 0x7f1c2f22ba00 count 10 datatype 7 op 0 root 0 comm 0x7f1c58335d60 [nranks=3] stream 0x6bb1ed00
[1,1]<stdout>:user:7484:7568 [1] NCCL INFO AllReduce: opCount 221 sendbuff 0x7f1dde000000 recvbuff 0x7f1dde000000 count 21836 datatype 7 op 0 root 0 comm 0x7f1f00245250 [nranks=3] stream 0x7f1f00237010
[1,0]<stdout>:user:7483:7566 [0] NCCL INFO AllReduce: opCount 211 sendbuff 0x7f298a000000 recvbuff 0x7f298a000000 count 21836 datatype 7 op 0 root 0 comm 0x7f2a98247800 [nranks=3] stream 0x7f2a98230dd0
[1,2]<stdout>:nsslab2-System-Product-Name:2293:2311 [0] NCCL INFO AllReduce: opCount 221 sendbuff 0x7f1b68000000 recvbuff 0x7f1b68000000 count 21836 datatype 7 op 0 root 0 comm 0x7f1c58335d60 [nranks=3] stream 0x6bb1ed00
[1,1]<stdout>:user:7484:7568 [1] NCCL INFO AllReduce: opCount 222 sendbuff 0x7f1dde000000 recvbuff 0x7f1dde000000 count 21848 datatype 7 op 0 root 0 comm 0x7f1f00245250 [nranks=3] stream 0x7f1f00237010
[1,0]<stdout>:user:7483:7566 [0] NCCL INFO AllReduce: opCount 212 sendbuff 0x7f298a000000 recvbuff 0x7f298a000000 count 21848 datatype 7 op 0 root 0 comm 0x7f2a98247800 [nranks=3] stream 0x7f2a98230dd0
[1,2]<stdout>:nsslab2-System-Product-Name:2293:2311 [0] NCCL INFO AllReduce: opCount 222 sendbuff 0x7f1b68000000 recvbuff 0x7f1b68000000 count 21848 datatype 7 op 0 root 0 comm 0x7f1c58335d60 [nranks=3] stream 0x6bb1ed00
[1,1]<stdout>:Train Epoch: 1 [19200/20000 (96%)]	Loss: 0.571735
[1,2]<stdout>:Train Epoch: 1 [19200/20000 (96%)]	Loss: 0.436631
[1,0]<stdout>:Train Epoch: 1 [19200/20000 (96%)]	Loss: 0.499795
[1,1]<stdout>:user:7484:7568 [1] NCCL INFO AllReduce: opCount 223 sendbuff 0x7f1dde000000 recvbuff 0x7f1dde000000 count 21584 datatype 7 op 0 root 0 comm 0x7f1f00245250 [nranks=3] stream 0x7f1f00237010
[1,0]<stdout>:user:7483:7566 [0] NCCL INFO AllReduce: opCount 213 sendbuff 0x7f298a000000 recvbuff 0x7f298a000000 count 21584 datatype 7 op 0 root 0 comm 0x7f2a98247800 [nranks=3] stream 0x7f2a98230dd0
[1,2]<stdout>:nsslab2-System-Product-Name:2293:2311 [0] NCCL INFO AllReduce: opCount 223 sendbuff 0x7f1b68000000 recvbuff 0x7f1b68000000 count 21584 datatype 7 op 0 root 0 comm 0x7f1c58335d60 [nranks=3] stream 0x6bb1ed00
[1,1]<stdout>:user:7484:7568 [1] NCCL INFO AllReduce: opCount 224 sendbuff 0x7f1dde000000 recvbuff 0x7f1dde000000 count 264 datatype 7 op 0 root 0 comm 0x7f1f00245250 [nranks=3] stream 0x7f1f00237010
[1,0]<stdout>:user:7483:7566 [0] NCCL INFO AllReduce: opCount 214 sendbuff 0x7f298a000000 recvbuff 0x7f298a000000 count 264 datatype 7 op 0 root 0 comm 0x7f2a98247800 [nranks=3] stream 0x7f2a98230dd0
[1,2]<stdout>:nsslab2-System-Product-Name:2293:2311 [0] NCCL INFO AllReduce: opCount 224 sendbuff 0x7f1b68000000 recvbuff 0x7f1b68000000 count 264 datatype 7 op 0 root 0 comm 0x7f1c58335d60 [nranks=3] stream 0x6bb1ed00
[1,1]<stdout>:user:7484:7568 [1] NCCL INFO AllReduce: opCount 225 sendbuff 0x7f1dde000000 recvbuff 0x7f1dde000000 count 21836 datatype 7 op 0 root 0 comm 0x7f1f00245250 [nranks=3] stream 0x7f1f00237010
[1,0]<stdout>:user:7483:7566 [0] NCCL INFO AllReduce: opCount 215 sendbuff 0x7f298a000000 recvbuff 0x7f298a000000 count 21836 datatype 7 op 0 root 0 comm 0x7f2a98247800 [nranks=3] stream 0x7f2a98230dd0
[1,2]<stdout>:nsslab2-System-Product-Name:2293:2311 [0] NCCL INFO AllReduce: opCount 225 sendbuff 0x7f1b68000000 recvbuff 0x7f1b68000000 count 21836 datatype 7 op 0 root 0 comm 0x7f1c58335d60 [nranks=3] stream 0x6bb1ed00
[1,1]<stdout>:user:7484:7568 [1] NCCL INFO AllReduce: opCount 226 sendbuff 0x7f1ebac16200 recvbuff 0x7f1ebac16200 count 10 datatype 7 op 0 root 0 comm 0x7f1f00245250 [nranks=3] stream 0x7f1f00237010
[1,0]<stdout>:user:7483:7566 [0] NCCL INFO AllReduce: opCount 216 sendbuff 0x7f2a66c16200 recvbuff 0x7f2a66c16200 count 10 datatype 7 op 0 root 0 comm 0x7f2a98247800 [nranks=3] stream 0x7f2a98230dd0
[1,2]<stdout>:nsslab2-System-Product-Name:2293:2311 [0] NCCL INFO AllReduce: opCount 226 sendbuff 0x7f1c2f216200 recvbuff 0x7f1c2f216200 count 10 datatype 7 op 0 root 0 comm 0x7f1c58335d60 [nranks=3] stream 0x6bb1ed00
[1,1]<stdout>:user:7484:7568 [1] NCCL INFO AllReduce: opCount 227 sendbuff 0x7f1dde000000 recvbuff 0x7f1dde000000 count 21564 datatype 7 op 0 root 0 comm 0x7f1f00245250 [nranks=3] stream 0x7f1f00237010
[1,0]<stdout>:user:7483:7566 [0] NCCL INFO AllReduce: opCount 217 sendbuff 0x7f298a000000 recvbuff 0x7f298a000000 count 21564 datatype 7 op 0 root 0 comm 0x7f2a98247800 [nranks=3] stream 0x7f2a98230dd0
[1,2]<stdout>:nsslab2-System-Product-Name:2293:2311 [0] NCCL INFO AllReduce: opCount 227 sendbuff 0x7f1b68000000 recvbuff 0x7f1b68000000 count 21564 datatype 7 op 0 root 0 comm 0x7f1c58335d60 [nranks=3] stream 0x6bb1ed00
[1,2]<stdout>:nsslab2-System-Product-Name:2293:2311 [0] NCCL INFO AllReduce: opCount 228 sendbuff 0x7f1b68000000 recvbuff 0x7f1b68000000 count 284 datatype 7 op 0 root 0 comm 0x7f1c58335d60 [nranks=3] stream 0x6bb1ed00
[1,1]<stdout>:user:7484:7568 [1] NCCL INFO AllReduce: opCount 228 sendbuff 0x7f1dde000000 recvbuff 0x7f1dde000000 count 284 datatype 7 op 0 root 0 comm 0x7f1f00245250 [nranks=3] stream 0x7f1f00237010
[1,0]<stdout>:user:7483:7566 [0] NCCL INFO AllReduce: opCount 218 sendbuff 0x7f298a000000 recvbuff 0x7f298a000000 count 284 datatype 7 op 0 root 0 comm 0x7f2a98247800 [nranks=3] stream 0x7f2a98230dd0
[1,1]<stdout>:user:7484:7568 [1] NCCL INFO AllReduce: opCount 229 sendbuff 0x7f1dde000000 recvbuff 0x7f1dde000000 count 16564 datatype 7 op 0 root 0 comm 0x7f1f00245250 [nranks=3] stream 0x7f1f00237010
[1,0]<stdout>:user:7483:7566 [0] NCCL INFO AllReduce: opCount 219 sendbuff 0x7f298a000000 recvbuff 0x7f298a000000 count 16564 datatype 7 op 0 root 0 comm 0x7f2a98247800 [nranks=3] stream 0x7f2a98230dd0
[1,2]<stdout>:nsslab2-System-Product-Name:2293:2311 [0] NCCL INFO AllReduce: opCount 229 sendbuff 0x7f1b68000000 recvbuff 0x7f1b68000000 count 16564 datatype 7 op 0 root 0 comm 0x7f1c58335d60 [nranks=3] stream 0x6bb1ed00
[1,1]<stdout>:user:7484:7568 [1] NCCL INFO AllReduce: opCount 22a sendbuff 0x7f1dde000000 recvbuff 0x7f1dde000000 count 5284 datatype 7 op 0 root 0 comm 0x7f1f00245250 [nranks=3] stream 0x7f1f00237010
[1,0]<stdout>:user:7483:7566 [0] NCCL INFO AllReduce: opCount 21a sendbuff 0x7f298a000000 recvbuff 0x7f298a000000 count 5284 datatype 7 op 0 root 0 comm 0x7f2a98247800 [nranks=3] stream 0x7f2a98230dd0
[1,2]<stdout>:nsslab2-System-Product-Name:2293:2311 [0] NCCL INFO AllReduce: opCount 22a sendbuff 0x7f1b68000000 recvbuff 0x7f1b68000000 count 5284 datatype 7 op 0 root 0 comm 0x7f1c58335d60 [nranks=3] stream 0x6bb1ed00
[1,1]<stdout>:user:7484:7568 [1] NCCL INFO AllReduce: opCount 22b sendbuff 0x7f1dde000000 recvbuff 0x7f1dde000000 count 21848 datatype 7 op 0 root 0 comm 0x7f1f00245250 [nranks=3] stream 0x7f1f00237010
[1,0]<stdout>:user:7483:7566 [0] NCCL INFO AllReduce: opCount 21b sendbuff 0x7f298a000000 recvbuff 0x7f298a000000 count 21848 datatype 7 op 0 root 0 comm 0x7f2a98247800 [nranks=3] stream 0x7f2a98230dd0
[1,2]<stdout>:nsslab2-System-Product-Name:2293:2311 [0] NCCL INFO AllReduce: opCount 22b sendbuff 0x7f1b68000000 recvbuff 0x7f1b68000000 count 21848 datatype 7 op 0 root 0 comm 0x7f1c58335d60 [nranks=3] stream 0x6bb1ed00
[1,1]<stdout>:user:7484:7568 [1] NCCL INFO AllReduce: opCount 22c sendbuff 0x7f1dde000000 recvbuff 0x7f1dde000000 count 21584 datatype 7 op 0 root 0 comm 0x7f1f00245250 [nranks=3] stream 0x7f1f00237010
[1,0]<stdout>:user:7483:7566 [0] NCCL INFO AllReduce: opCount 21c sendbuff 0x7f298a000000 recvbuff 0x7f298a000000 count 21584 datatype 7 op 0 root 0 comm 0x7f2a98247800 [nranks=3] stream 0x7f2a98230dd0
[1,2]<stdout>:nsslab2-System-Product-Name:2293:2311 [0] NCCL INFO AllReduce: opCount 22c sendbuff 0x7f1b68000000 recvbuff 0x7f1b68000000 count 21584 datatype 7 op 0 root 0 comm 0x7f1c58335d60 [nranks=3] stream 0x6bb1ed00
[1,1]<stdout>:user:7484:7568 [1] NCCL INFO AllReduce: opCount 22d sendbuff 0x7f1dde000000 recvbuff 0x7f1dde000000 count 264 datatype 7 op 0 root 0 comm 0x7f1f00245250 [nranks=3] stream 0x7f1f00237010
[1,0]<stdout>:user:7483:7566 [0] NCCL INFO AllReduce: opCount 21d sendbuff 0x7f298a000000 recvbuff 0x7f298a000000 count 264 datatype 7 op 0 root 0 comm 0x7f2a98247800 [nranks=3] stream 0x7f2a98230dd0
[1,2]<stdout>:nsslab2-System-Product-Name:2293:2311 [0] NCCL INFO AllReduce: opCount 22d sendbuff 0x7f1b68000000 recvbuff 0x7f1b68000000 count 264 datatype 7 op 0 root 0 comm 0x7f1c58335d60 [nranks=3] stream 0x6bb1ed00
[1,1]<stdout>:user:7484:7568 [1] NCCL INFO AllReduce: opCount 22e sendbuff 0x7f1dde000000 recvbuff 0x7f1dde000000 count 21584 datatype 7 op 0 root 0 comm 0x7f1f00245250 [nranks=3] stream 0x7f1f00237010
[1,0]<stdout>:user:7483:7566 [0] NCCL INFO AllReduce: opCount 21e sendbuff 0x7f298a000000 recvbuff 0x7f298a000000 count 21584 datatype 7 op 0 root 0 comm 0x7f2a98247800 [nranks=3] stream 0x7f2a98230dd0
[1,2]<stdout>:nsslab2-System-Product-Name:2293:2311 [0] NCCL INFO AllReduce: opCount 22e sendbuff 0x7f1b68000000 recvbuff 0x7f1b68000000 count 21584 datatype 7 op 0 root 0 comm 0x7f1c58335d60 [nranks=3] stream 0x6bb1ed00
[1,1]<stdout>:user:7484:7568 [1] NCCL INFO AllReduce: opCount 22f sendbuff 0x7f1dde000000 recvbuff 0x7f1dde000000 count 264 datatype 7 op 0 root 0 comm 0x7f1f00245250 [nranks=3] stream 0x7f1f00237010
[1,0]<stdout>:user:7483:7566 [0] NCCL INFO AllReduce: opCount 21f sendbuff 0x7f298a000000 recvbuff 0x7f298a000000 count 264 datatype 7 op 0 root 0 comm 0x7f2a98247800 [nranks=3] stream 0x7f2a98230dd0
[1,2]<stdout>:nsslab2-System-Product-Name:2293:2311 [0] NCCL INFO AllReduce: opCount 22f sendbuff 0x7f1b68000000 recvbuff 0x7f1b68000000 count 264 datatype 7 op 0 root 0 comm 0x7f1c58335d60 [nranks=3] stream 0x6bb1ed00
[1,1]<stdout>:user:7484:7568 [1] NCCL INFO AllReduce: opCount 230 sendbuff 0x7f1dde000000 recvbuff 0x7f1dde000000 count 512 datatype 7 op 0 root 0 comm 0x7f1f00245250 [nranks=3] stream 0x7f1f00237010
[1,0]<stdout>:user:7483:7566 [0] NCCL INFO AllReduce: opCount 220 sendbuff 0x7f298a000000 recvbuff 0x7f298a000000 count 512 datatype 7 op 0 root 0 comm 0x7f2a98247800 [nranks=3] stream 0x7f2a98230dd0
[1,2]<stdout>:nsslab2-System-Product-Name:2293:2311 [0] NCCL INFO AllReduce: opCount 230 sendbuff 0x7f1b68000000 recvbuff 0x7f1b68000000 count 512 datatype 7 op 0 root 0 comm 0x7f1c58335d60 [nranks=3] stream 0x6bb1ed00
[1,1]<stdout>:user:7484:7568 [1] NCCL INFO AllReduce: opCount 231 sendbuff 0x7f1dde000000 recvbuff 0x7f1dde000000 count 21336 datatype 7 op 0 root 0 comm 0x7f1f00245250 [nranks=3] stream 0x7f1f00237010
[1,0]<stdout>:user:7483:7566 [0] NCCL INFO AllReduce: opCount 221 sendbuff 0x7f298a000000 recvbuff 0x7f298a000000 count 21336 datatype 7 op 0 root 0 comm 0x7f2a98247800 [nranks=3] stream 0x7f2a98230dd0
[1,2]<stdout>:nsslab2-System-Product-Name:2293:2311 [0] NCCL INFO AllReduce: opCount 231 sendbuff 0x7f1b68000000 recvbuff 0x7f1b68000000 count 21336 datatype 7 op 0 root 0 comm 0x7f1c58335d60 [nranks=3] stream 0x6bb1ed00
[1,1]<stdout>:user:7484:7568 [1] NCCL INFO AllReduce: opCount 232 sendbuff 0x7f1dde000000 recvbuff 0x7f1dde000000 count 21848 datatype 7 op 0 root 0 comm 0x7f1f00245250 [nranks=3] stream 0x7f1f00237010
[1,0]<stdout>:user:7483:7566 [0] NCCL INFO AllReduce: opCount 222 sendbuff 0x7f298a000000 recvbuff 0x7f298a000000 count 21848 datatype 7 op 0 root 0 comm 0x7f2a98247800 [nranks=3] stream 0x7f2a98230dd0
[1,2]<stdout>:nsslab2-System-Product-Name:2293:2311 [0] NCCL INFO AllReduce: opCount 232 sendbuff 0x7f1b68000000 recvbuff 0x7f1b68000000 count 21848 datatype 7 op 0 root 0 comm 0x7f1c58335d60 [nranks=3] stream 0x6bb1ed00
[1,1]<stdout>:user:7484:7568 [1] NCCL INFO AllReduce: opCount 233 sendbuff 0x7f1dde000000 recvbuff 0x7f1dde000000 count 512 datatype 7 op 0 root 0 comm 0x7f1f00245250 [nranks=3] stream 0x7f1f00237010
[1,0]<stdout>:user:7483:7566 [0] NCCL INFO AllReduce: opCount 223 sendbuff 0x7f298a000000 recvbuff 0x7f298a000000 count 512 datatype 7 op 0 root 0 comm 0x7f2a98247800 [nranks=3] stream 0x7f2a98230dd0
[1,2]<stdout>:nsslab2-System-Product-Name:2293:2311 [0] NCCL INFO AllReduce: opCount 233 sendbuff 0x7f1b68000000 recvbuff 0x7f1b68000000 count 512 datatype 7 op 0 root 0 comm 0x7f1c58335d60 [nranks=3] stream 0x6bb1ed00
[1,1]<stdout>:user:7484:7568 [1] NCCL INFO AllReduce: opCount 234 sendbuff 0x7f1dde000000 recvbuff 0x7f1dde000000 count 21336 datatype 7 op 0 root 0 comm 0x7f1f00245250 [nranks=3] stream 0x7f1f00237010
[1,0]<stdout>:user:7483:7566 [0] NCCL INFO AllReduce: opCount 224 sendbuff 0x7f298a000000 recvbuff 0x7f298a000000 count 21336 datatype 7 op 0 root 0 comm 0x7f2a98247800 [nranks=3] stream 0x7f2a98230dd0
[1,2]<stdout>:nsslab2-System-Product-Name:2293:2311 [0] NCCL INFO AllReduce: opCount 234 sendbuff 0x7f1b68000000 recvbuff 0x7f1b68000000 count 21336 datatype 7 op 0 root 0 comm 0x7f1c58335d60 [nranks=3] stream 0x6bb1ed00
[1,1]<stdout>:Train Epoch: 1 [19840/20000 (99%)]	Loss: 0.500061
[1,0]<stdout>:Train Epoch: 1 [19840/20000 (99%)]	Loss: 0.231960
[1,2]<stdout>:Train Epoch: 1 [19840/20000 (99%)]	Loss: 0.555996
[1,1]<stdout>:user:7484:7568 [1] NCCL INFO AllReduce: opCount 235 sendbuff 0x7f1dde000000 recvbuff 0x7f1dde000000 count 16564 datatype 7 op 0 root 0 comm 0x7f1f00245250 [nranks=3] stream 0x7f1f00237010
[1,0]<stdout>:user:7483:7566 [0] NCCL INFO AllReduce: opCount 225 sendbuff 0x7f298a000000 recvbuff 0x7f298a000000 count 16564 datatype 7 op 0 root 0 comm 0x7f2a98247800 [nranks=3] stream 0x7f2a98230dd0
[1,2]<stdout>:nsslab2-System-Product-Name:2293:2311 [0] NCCL INFO AllReduce: opCount 235 sendbuff 0x7f1b68000000 recvbuff 0x7f1b68000000 count 16564 datatype 7 op 0 root 0 comm 0x7f1c58335d60 [nranks=3] stream 0x6bb1ed00
[1,1]<stdout>:user:7484:7568 [1] NCCL INFO AllReduce: opCount 236 sendbuff 0x7f1dde000000 recvbuff 0x7f1dde000000 count 5284 datatype 7 op 0 root 0 comm 0x7f1f00245250 [nranks=3] stream 0x7f1f00237010
[1,0]<stdout>:user:7483:7566 [0] NCCL INFO AllReduce: opCount 226 sendbuff 0x7f298a000000 recvbuff 0x7f298a000000 count 5284 datatype 7 op 0 root 0 comm 0x7f2a98247800 [nranks=3] stream 0x7f2a98230dd0
[1,2]<stdout>:nsslab2-System-Product-Name:2293:2311 [0] NCCL INFO AllReduce: opCount 236 sendbuff 0x7f1b68000000 recvbuff 0x7f1b68000000 count 5284 datatype 7 op 0 root 0 comm 0x7f1c58335d60 [nranks=3] stream 0x6bb1ed00
[1,1]<stdout>:user:7484:7568 [1] NCCL INFO AllReduce: opCount 237 sendbuff 0x7f1dde000000 recvbuff 0x7f1dde000000 count 564 datatype 7 op 0 root 0 comm 0x7f1f00245250 [nranks=3] stream 0x7f1f00237010
[1,0]<stdout>:user:7483:7566 [0] NCCL INFO AllReduce: opCount 227 sendbuff 0x7f298a000000 recvbuff 0x7f298a000000 count 564 datatype 7 op 0 root 0 comm 0x7f2a98247800 [nranks=3] stream 0x7f2a98230dd0
[1,2]<stdout>:nsslab2-System-Product-Name:2293:2311 [0] NCCL INFO AllReduce: opCount 237 sendbuff 0x7f1b68000000 recvbuff 0x7f1b68000000 count 564 datatype 7 op 0 root 0 comm 0x7f1c58335d60 [nranks=3] stream 0x6bb1ed00
[1,1]<stdout>:user:7484:7568 [1] NCCL INFO AllReduce: opCount 238 sendbuff 0x7f1dde000000 recvbuff 0x7f1dde000000 count 21284 datatype 7 op 0 root 0 comm 0x7f1f00245250 [nranks=3] stream 0x7f1f00237010
[1,0]<stdout>:user:7483:7566 [0] NCCL INFO AllReduce: opCount 228 sendbuff 0x7f298a000000 recvbuff 0x7f298a000000 count 21284 datatype 7 op 0 root 0 comm 0x7f2a98247800 [nranks=3] stream 0x7f2a98230dd0
[1,2]<stdout>:nsslab2-System-Product-Name:2293:2311 [0] NCCL INFO AllReduce: opCount 238 sendbuff 0x7f1b68000000 recvbuff 0x7f1b68000000 count 21284 datatype 7 op 0 root 0 comm 0x7f1c58335d60 [nranks=3] stream 0x6bb1ed00
[1,1]<stderr>:/data1/share/horovod/examples/pytorch_mnist.py:89: UserWarning: Implicit dimension choice for log_softmax has been deprecated. Change the call to include dim=X as an argument.
[1,1]<stderr>:  return F.log_softmax(x)
[1,0]<stderr>:/data1/share/horovod/examples/pytorch_mnist.py:89: UserWarning: Implicit dimension choice for log_softmax has been deprecated. Change the call to include dim=X as an argument.
[1,0]<stderr>:  return F.log_softmax(x)
[1,2]<stderr>:/data1/share/horovod/examples/pytorch_mnist.py:89: UserWarning: Implicit dimension choice for log_softmax has been deprecated. Change the call to include dim=X as an argument.
[1,2]<stderr>:  return F.log_softmax(x)
[1,0]<stdout>:
[1,0]<stdout>:Test set: Average loss: 0.2081, Accuracy: 93.64%
[1,0]<stdout>:
[1,1]<stderr>:/usr/local/lib/python3.8/dist-packages/torch/nn/_reduction.py:42: UserWarning: size_average and reduce args will be deprecated, please use reduction='sum' instead.
[1,1]<stderr>:  warnings.warn(warning.format(ret))
[1,1]<stderr>:/data1/share/horovod/examples/pytorch_mnist.py:136: UserWarning: To copy construct from a tensor, it is recommended to use sourceTensor.clone().detach() or sourceTensor.clone().detach().requires_grad_(True), rather than torch.tensor(sourceTensor).
[1,1]<stderr>:  tensor = torch.tensor(val)
[1,0]<stderr>:/usr/local/lib/python3.8/dist-packages/torch/nn/_reduction.py:42: UserWarning: size_average and reduce args will be deprecated, please use reduction='sum' instead.
[1,0]<stderr>:  warnings.warn(warning.format(ret))
[1,0]<stderr>:/data1/share/horovod/examples/pytorch_mnist.py:136: UserWarning: To copy construct from a tensor, it is recommended to use sourceTensor.clone().detach() or sourceTensor.clone().detach().requires_grad_(True), rather than torch.tensor(sourceTensor).
[1,0]<stderr>:  tensor = torch.tensor(val)
[1,2]<stderr>:/usr/local/lib/python3.8/dist-packages/torch/nn/_reduction.py:42: UserWarning: size_average and reduce args will be deprecated, please use reduction='sum' instead.
[1,2]<stderr>:  warnings.warn(warning.format(ret))
