[1,1]<stdout>:user:7484:7568 [1] NCCL INFO AllReduce: opCount b2 sendbuff 0x7f1ebac2ba00 recvbuff 0x7f1ebac2ba00 count 10 datatype 7 op 0 root 0 comm 0x7f1f00245250 [nranks=3] stream 0x7f1f00237010
[1,0]<stdout>:user:7483:7566 [0] NCCL INFO AllReduce: opCount a2 sendbuff 0x7f2a66c2ba00 recvbuff 0x7f2a66c2ba00 count 10 datatype 7 op 0 root 0 comm 0x7f2a98247800 [nranks=3] stream 0x7f2a98230dd0
[1,2]<stdout>:nsslab2-System-Product-Name:2293:2311 [0] NCCL INFO AllReduce: opCount b2 sendbuff 0x7f1c2f22ba00 recvbuff 0x7f1c2f22ba00 count 10 datatype 7 op 0 root 0 comm 0x7f1c58335d60 [nranks=3] stream 0x6bb1ed00
[1,1]<stdout>:user:7484:7568 [1] NCCL INFO AllReduce: opCount b3 sendbuff 0x7f1dde000000 recvbuff 0x7f1dde000000 count 21836 datatype 7 op 0 root 0 comm 0x7f1f00245250 [nranks=3] stream 0x7f1f00237010
[1,0]<stdout>:user:7483:7566 [0] NCCL INFO AllReduce: opCount a3 sendbuff 0x7f298a000000 recvbuff 0x7f298a000000 count 21836 datatype 7 op 0 root 0 comm 0x7f2a98247800 [nranks=3] stream 0x7f2a98230dd0
[1,2]<stdout>:nsslab2-System-Product-Name:2293:2311 [0] NCCL INFO AllReduce: opCount b3 sendbuff 0x7f1b68000000 recvbuff 0x7f1b68000000 count 21836 datatype 7 op 0 root 0 comm 0x7f1c58335d60 [nranks=3] stream 0x6bb1ed00
[1,1]<stdout>:user:7484:7568 [1] NCCL INFO AllReduce: opCount b4 sendbuff 0x7f1dde000000 recvbuff 0x7f1dde000000 count 16564 datatype 7 op 0 root 0 comm 0x7f1f00245250 [nranks=3] stream 0x7f1f00237010
[1,0]<stdout>:user:7483:7566 [0] NCCL INFO AllReduce: opCount a4 sendbuff 0x7f298a000000 recvbuff 0x7f298a000000 count 16564 datatype 7 op 0 root 0 comm 0x7f2a98247800 [nranks=3] stream 0x7f2a98230dd0
[1,2]<stdout>:nsslab2-System-Product-Name:2293:2311 [0] NCCL INFO AllReduce: opCount b4 sendbuff 0x7f1b68000000 recvbuff 0x7f1b68000000 count 16564 datatype 7 op 0 root 0 comm 0x7f1c58335d60 [nranks=3] stream 0x6bb1ed00
[1,1]<stdout>:user:7484:7568 [1] NCCL INFO AllReduce: opCount b5 sendbuff 0x7f1dde000000 recvbuff 0x7f1dde000000 count 5284 datatype 7 op 0 root 0 comm 0x7f1f00245250 [nranks=3] stream 0x7f1f00237010
[1,0]<stdout>:user:7483:7566 [0] NCCL INFO AllReduce: opCount a5 sendbuff 0x7f298a000000 recvbuff 0x7f298a000000 count 5284 datatype 7 op 0 root 0 comm 0x7f2a98247800 [nranks=3] stream 0x7f2a98230dd0
[1,2]<stdout>:nsslab2-System-Product-Name:2293:2311 [0] NCCL INFO AllReduce: opCount b5 sendbuff 0x7f1b68000000 recvbuff 0x7f1b68000000 count 5284 datatype 7 op 0 root 0 comm 0x7f1c58335d60 [nranks=3] stream 0x6bb1ed00
[1,1]<stdout>:user:7484:7568 [1] NCCL INFO AllReduce: opCount b6 sendbuff 0x7f1dde000000 recvbuff 0x7f1dde000000 count 21584 datatype 7 op 0 root 0 comm 0x7f1f00245250 [nranks=3] stream 0x7f1f00237010
[1,0]<stdout>:user:7483:7566 [0] NCCL INFO AllReduce: opCount a6 sendbuff 0x7f298a000000 recvbuff 0x7f298a000000 count 21584 datatype 7 op 0 root 0 comm 0x7f2a98247800 [nranks=3] stream 0x7f2a98230dd0
[1,2]<stdout>:nsslab2-System-Product-Name:2293:2311 [0] NCCL INFO AllReduce: opCount b6 sendbuff 0x7f1b68000000 recvbuff 0x7f1b68000000 count 21584 datatype 7 op 0 root 0 comm 0x7f1c58335d60 [nranks=3] stream 0x6bb1ed00
[1,1]<stdout>:user:7484:7568 [1] NCCL INFO AllReduce: opCount b7 sendbuff 0x7f1dde000000 recvbuff 0x7f1dde000000 count 264 datatype 7 op 0 root 0 comm 0x7f1f00245250 [nranks=3] stream 0x7f1f00237010
[1,0]<stdout>:user:7483:7566 [0] NCCL INFO AllReduce: opCount a7 sendbuff 0x7f298a000000 recvbuff 0x7f298a000000 count 264 datatype 7 op 0 root 0 comm 0x7f2a98247800 [nranks=3] stream 0x7f2a98230dd0
[1,2]<stdout>:nsslab2-System-Product-Name:2293:2311 [0] NCCL INFO AllReduce: opCount b7 sendbuff 0x7f1b68000000 recvbuff 0x7f1b68000000 count 264 datatype 7 op 0 root 0 comm 0x7f1c58335d60 [nranks=3] stream 0x6bb1ed00
[1,1]<stdout>:user:7484:7568 [1] NCCL INFO AllReduce: opCount b8 sendbuff 0x7f1dde000000 recvbuff 0x7f1dde000000 count 21848 datatype 7 op 0 root 0 comm 0x7f1f00245250 [nranks=3] stream 0x7f1f00237010
[1,0]<stdout>:user:7483:7566 [0] NCCL INFO AllReduce: opCount a8 sendbuff 0x7f298a000000 recvbuff 0x7f298a000000 count 21848 datatype 7 op 0 root 0 comm 0x7f2a98247800 [nranks=3] stream 0x7f2a98230dd0
[1,2]<stdout>:nsslab2-System-Product-Name:2293:2311 [0] NCCL INFO AllReduce: opCount b8 sendbuff 0x7f1b68000000 recvbuff 0x7f1b68000000 count 21848 datatype 7 op 0 root 0 comm 0x7f1c58335d60 [nranks=3] stream 0x6bb1ed00
[1,1]<stdout>:user:7484:7568 [1] NCCL INFO AllReduce: opCount b9 sendbuff 0x7f1dde000000 recvbuff 0x7f1dde000000 count 512 datatype 7 op 0 root 0 comm 0x7f1f00245250 [nranks=3] stream 0x7f1f00237010
[1,0]<stdout>:user:7483:7566 [0] NCCL INFO AllReduce: opCount a9 sendbuff 0x7f298a000000 recvbuff 0x7f298a000000 count 512 datatype 7 op 0 root 0 comm 0x7f2a98247800 [nranks=3] stream 0x7f2a98230dd0
[1,2]<stdout>:nsslab2-System-Product-Name:2293:2311 [0] NCCL INFO AllReduce: opCount b9 sendbuff 0x7f1b68000000 recvbuff 0x7f1b68000000 count 512 datatype 7 op 0 root 0 comm 0x7f1c58335d60 [nranks=3] stream 0x6bb1ed00
[1,0]<stdout>:user:7483:7566 [0] NCCL INFO AllReduce: opCount aa sendbuff 0x7f298a000000 recvbuff 0x7f298a000000 count 21336 datatype 7 op 0 root 0 comm 0x7f2a98247800 [nranks=3] stream 0x7f2a98230dd0
[1,1]<stdout>:user:7484:7568 [1] NCCL INFO AllReduce: opCount ba sendbuff 0x7f1dde000000 recvbuff 0x7f1dde000000 count 21336 datatype 7 op 0 root 0 comm 0x7f1f00245250 [nranks=3] stream 0x7f1f00237010
[1,2]<stdout>:nsslab2-System-Product-Name:2293:2311 [0] NCCL INFO AllReduce: opCount ba sendbuff 0x7f1b68000000 recvbuff 0x7f1b68000000 count 21336 datatype 7 op 0 root 0 comm 0x7f1c58335d60 [nranks=3] stream 0x6bb1ed00
[1,0]<stdout>:user:7483:7566 [0] NCCL INFO AllReduce: opCount ab sendbuff 0x7f298a000000 recvbuff 0x7f298a000000 count 16564 datatype 7 op 0 root 0 comm 0x7f2a98247800 [nranks=3] stream 0x7f2a98230dd0
[1,1]<stdout>:user:7484:7568 [1] NCCL INFO AllReduce: opCount bb sendbuff 0x7f1dde000000 recvbuff 0x7f1dde000000 count 16564 datatype 7 op 0 root 0 comm 0x7f1f00245250 [nranks=3] stream 0x7f1f00237010
[1,2]<stdout>:nsslab2-System-Product-Name:2293:2311 [0] NCCL INFO AllReduce: opCount bb sendbuff 0x7f1b68000000 recvbuff 0x7f1b68000000 count 16564 datatype 7 op 0 root 0 comm 0x7f1c58335d60 [nranks=3] stream 0x6bb1ed00
[1,0]<stdout>:user:7483:7566 [0] NCCL INFO AllReduce: opCount ac sendbuff 0x7f298a000000 recvbuff 0x7f298a000000 count 5284 datatype 7 op 0 root 0 comm 0x7f2a98247800 [nranks=3] stream 0x7f2a98230dd0
[1,1]<stdout>:user:7484:7568 [1] NCCL INFO AllReduce: opCount bc sendbuff 0x7f1dde000000 recvbuff 0x7f1dde000000 count 5284 datatype 7 op 0 root 0 comm 0x7f1f00245250 [nranks=3] stream 0x7f1f00237010
[1,2]<stdout>:nsslab2-System-Product-Name:2293:2311 [0] NCCL INFO AllReduce: opCount bc sendbuff 0x7f1b68000000 recvbuff 0x7f1b68000000 count 5284 datatype 7 op 0 root 0 comm 0x7f1c58335d60 [nranks=3] stream 0x6bb1ed00
[1,0]<stdout>:user:7483:7566 [0] NCCL INFO AllReduce: opCount ad sendbuff 0x7f298a000000 recvbuff 0x7f298a000000 count 21584 datatype 7 op 0 root 0 comm 0x7f2a98247800 [nranks=3] stream 0x7f2a98230dd0
[1,1]<stdout>:user:7484:7568 [1] NCCL INFO AllReduce: opCount bd sendbuff 0x7f1dde000000 recvbuff 0x7f1dde000000 count 21584 datatype 7 op 0 root 0 comm 0x7f1f00245250 [nranks=3] stream 0x7f1f00237010
[1,2]<stdout>:nsslab2-System-Product-Name:2293:2311 [0] NCCL INFO AllReduce: opCount bd sendbuff 0x7f1b68000000 recvbuff 0x7f1b68000000 count 21584 datatype 7 op 0 root 0 comm 0x7f1c58335d60 [nranks=3] stream 0x6bb1ed00
[1,0]<stdout>:user:7483:7566 [0] NCCL INFO AllReduce: opCount ae sendbuff 0x7f298a000000 recvbuff 0x7f298a000000 count 264 datatype 7 op 0 root 0 comm 0x7f2a98247800 [nranks=3] stream 0x7f2a98230dd0
[1,1]<stdout>:user:7484:7568 [1] NCCL INFO AllReduce: opCount be sendbuff 0x7f1dde000000 recvbuff 0x7f1dde000000 count 264 datatype 7 op 0 root 0 comm 0x7f1f00245250 [nranks=3] stream 0x7f1f00237010
[1,2]<stdout>:nsslab2-System-Product-Name:2293:2311 [0] NCCL INFO AllReduce: opCount be sendbuff 0x7f1b68000000 recvbuff 0x7f1b68000000 count 264 datatype 7 op 0 root 0 comm 0x7f1c58335d60 [nranks=3] stream 0x6bb1ed00
[1,0]<stdout>:user:7483:7566 [0] NCCL INFO AllReduce: opCount af sendbuff 0x7f298a000000 recvbuff 0x7f298a000000 count 21848 datatype 7 op 0 root 0 comm 0x7f2a98247800 [nranks=3] stream 0x7f2a98230dd0
[1,1]<stdout>:user:7484:7568 [1] NCCL INFO AllReduce: opCount bf sendbuff 0x7f1dde000000 recvbuff 0x7f1dde000000 count 21848 datatype 7 op 0 root 0 comm 0x7f1f00245250 [nranks=3] stream 0x7f1f00237010
[1,2]<stdout>:nsslab2-System-Product-Name:2293:2311 [0] NCCL INFO AllReduce: opCount bf sendbuff 0x7f1b68000000 recvbuff 0x7f1b68000000 count 21848 datatype 7 op 0 root 0 comm 0x7f1c58335d60 [nranks=3] stream 0x6bb1ed00
[1,0]<stdout>:Train Epoch: 1 [6400/20000 (32%)]	Loss: 0.941252
[1,1]<stdout>:Train Epoch: 1 [6400/20000 (32%)]	Loss: 1.000495
[1,2]<stdout>:Train Epoch: 1 [6400/20000 (32%)]	Loss: 0.766347
[1,0]<stdout>:user:7483:7566 [0] NCCL INFO AllReduce: opCount b0 sendbuff 0x7f298a000000 recvbuff 0x7f298a000000 count 21848 datatype 7 op 0 root 0 comm 0x7f2a98247800 [nranks=3] stream 0x7f2a98230dd0
[1,1]<stdout>:user:7484:7568 [1] NCCL INFO AllReduce: opCount c0 sendbuff 0x7f1dde000000 recvbuff 0x7f1dde000000 count 21848 datatype 7 op 0 root 0 comm 0x7f1f00245250 [nranks=3] stream 0x7f1f00237010
[1,2]<stdout>:nsslab2-System-Product-Name:2293:2311 [0] NCCL INFO AllReduce: opCount c0 sendbuff 0x7f1b68000000 recvbuff 0x7f1b68000000 count 21848 datatype 7 op 0 root 0 comm 0x7f1c58335d60 [nranks=3] stream 0x6bb1ed00
[1,0]<stdout>:user:7483:7566 [0] NCCL INFO AllReduce: opCount b1 sendbuff 0x7f298a000000 recvbuff 0x7f298a000000 count 512 datatype 7 op 0 root 0 comm 0x7f2a98247800 [nranks=3] stream 0x7f2a98230dd0
[1,1]<stdout>:user:7484:7568 [1] NCCL INFO AllReduce: opCount c1 sendbuff 0x7f1dde000000 recvbuff 0x7f1dde000000 count 512 datatype 7 op 0 root 0 comm 0x7f1f00245250 [nranks=3] stream 0x7f1f00237010
[1,2]<stdout>:nsslab2-System-Product-Name:2293:2311 [0] NCCL INFO AllReduce: opCount c1 sendbuff 0x7f1b68000000 recvbuff 0x7f1b68000000 count 512 datatype 7 op 0 root 0 comm 0x7f1c58335d60 [nranks=3] stream 0x6bb1ed00
[1,0]<stdout>:user:7483:7566 [0] NCCL INFO AllReduce: opCount b2 sendbuff 0x7f298a000000 recvbuff 0x7f298a000000 count 21336 datatype 7 op 0 root 0 comm 0x7f2a98247800 [nranks=3] stream 0x7f2a98230dd0
[1,1]<stdout>:user:7484:7568 [1] NCCL INFO AllReduce: opCount c2 sendbuff 0x7f1dde000000 recvbuff 0x7f1dde000000 count 21336 datatype 7 op 0 root 0 comm 0x7f1f00245250 [nranks=3] stream 0x7f1f00237010
[1,2]<stdout>:nsslab2-System-Product-Name:2293:2311 [0] NCCL INFO AllReduce: opCount c2 sendbuff 0x7f1b68000000 recvbuff 0x7f1b68000000 count 21336 datatype 7 op 0 root 0 comm 0x7f1c58335d60 [nranks=3] stream 0x6bb1ed00
[1,0]<stdout>:user:7483:7566 [0] NCCL INFO AllReduce: opCount b3 sendbuff 0x7f298a000000 recvbuff 0x7f298a000000 count 16564 datatype 7 op 0 root 0 comm 0x7f2a98247800 [nranks=3] stream 0x7f2a98230dd0
[1,1]<stdout>:user:7484:7568 [1] NCCL INFO AllReduce: opCount c3 sendbuff 0x7f1dde000000 recvbuff 0x7f1dde000000 count 16564 datatype 7 op 0 root 0 comm 0x7f1f00245250 [nranks=3] stream 0x7f1f00237010
[1,2]<stdout>:nsslab2-System-Product-Name:2293:2311 [0] NCCL INFO AllReduce: opCount c3 sendbuff 0x7f1b68000000 recvbuff 0x7f1b68000000 count 16564 datatype 7 op 0 root 0 comm 0x7f1c58335d60 [nranks=3] stream 0x6bb1ed00
[1,0]<stdout>:user:7483:7566 [0] NCCL INFO AllReduce: opCount b4 sendbuff 0x7f298a000000 recvbuff 0x7f298a000000 count 5284 datatype 7 op 0 root 0 comm 0x7f2a98247800 [nranks=3] stream 0x7f2a98230dd0
[1,1]<stdout>:user:7484:7568 [1] NCCL INFO AllReduce: opCount c4 sendbuff 0x7f1dde000000 recvbuff 0x7f1dde000000 count 5284 datatype 7 op 0 root 0 comm 0x7f1f00245250 [nranks=3] stream 0x7f1f00237010
[1,2]<stdout>:nsslab2-System-Product-Name:2293:2311 [0] NCCL INFO AllReduce: opCount c4 sendbuff 0x7f1b68000000 recvbuff 0x7f1b68000000 count 5284 datatype 7 op 0 root 0 comm 0x7f1c58335d60 [nranks=3] stream 0x6bb1ed00
[1,0]<stdout>:user:7483:7566 [0] NCCL INFO AllReduce: opCount b5 sendbuff 0x7f298a000000 recvbuff 0x7f298a000000 count 16564 datatype 7 op 0 root 0 comm 0x7f2a98247800 [nranks=3] stream 0x7f2a98230dd0
[1,1]<stdout>:user:7484:7568 [1] NCCL INFO AllReduce: opCount c5 sendbuff 0x7f1dde000000 recvbuff 0x7f1dde000000 count 16564 datatype 7 op 0 root 0 comm 0x7f1f00245250 [nranks=3] stream 0x7f1f00237010
[1,2]<stdout>:nsslab2-System-Product-Name:2293:2311 [0] NCCL INFO AllReduce: opCount c5 sendbuff 0x7f1b68000000 recvbuff 0x7f1b68000000 count 16564 datatype 7 op 0 root 0 comm 0x7f1c58335d60 [nranks=3] stream 0x6bb1ed00
[1,0]<stdout>:user:7483:7566 [0] NCCL INFO AllReduce: opCount b6 sendbuff 0x7f298a000000 recvbuff 0x7f298a000000 count 5284 datatype 7 op 0 root 0 comm 0x7f2a98247800 [nranks=3] stream 0x7f2a98230dd0
[1,1]<stdout>:user:7484:7568 [1] NCCL INFO AllReduce: opCount c6 sendbuff 0x7f1dde000000 recvbuff 0x7f1dde000000 count 5284 datatype 7 op 0 root 0 comm 0x7f1f00245250 [nranks=3] stream 0x7f1f00237010
[1,2]<stdout>:nsslab2-System-Product-Name:2293:2311 [0] NCCL INFO AllReduce: opCount c6 sendbuff 0x7f1b68000000 recvbuff 0x7f1b68000000 count 5284 datatype 7 op 0 root 0 comm 0x7f1c58335d60 [nranks=3] stream 0x6bb1ed00
[1,0]<stdout>:user:7483:7566 [0] NCCL INFO AllReduce: opCount b7 sendbuff 0x7f298a000000 recvbuff 0x7f298a000000 count 21584 datatype 7 op 0 root 0 comm 0x7f2a98247800 [nranks=3] stream 0x7f2a98230dd0
[1,1]<stdout>:user:7484:7568 [1] NCCL INFO AllReduce: opCount c7 sendbuff 0x7f1dde000000 recvbuff 0x7f1dde000000 count 21584 datatype 7 op 0 root 0 comm 0x7f1f00245250 [nranks=3] stream 0x7f1f00237010
[1,2]<stdout>:nsslab2-System-Product-Name:2293:2311 [0] NCCL INFO AllReduce: opCount c7 sendbuff 0x7f1b68000000 recvbuff 0x7f1b68000000 count 21584 datatype 7 op 0 root 0 comm 0x7f1c58335d60 [nranks=3] stream 0x6bb1ed00
[1,0]<stdout>:user:7483:7566 [0] NCCL INFO AllReduce: opCount b8 sendbuff 0x7f298a000000 recvbuff 0x7f298a000000 count 264 datatype 7 op 0 root 0 comm 0x7f2a98247800 [nranks=3] stream 0x7f2a98230dd0
[1,1]<stdout>:user:7484:7568 [1] NCCL INFO AllReduce: opCount c8 sendbuff 0x7f1dde000000 recvbuff 0x7f1dde000000 count 264 datatype 7 op 0 root 0 comm 0x7f1f00245250 [nranks=3] stream 0x7f1f00237010
[1,2]<stdout>:nsslab2-System-Product-Name:2293:2311 [0] NCCL INFO AllReduce: opCount c8 sendbuff 0x7f1b68000000 recvbuff 0x7f1b68000000 count 264 datatype 7 op 0 root 0 comm 0x7f1c58335d60 [nranks=3] stream 0x6bb1ed00
[1,0]<stdout>:user:7483:7566 [0] NCCL INFO AllReduce: opCount b9 sendbuff 0x7f298a000000 recvbuff 0x7f298a000000 count 21848 datatype 7 op 0 root 0 comm 0x7f2a98247800 [nranks=3] stream 0x7f2a98230dd0
[1,1]<stdout>:user:7484:7568 [1] NCCL INFO AllReduce: opCount c9 sendbuff 0x7f1dde000000 recvbuff 0x7f1dde000000 count 21848 datatype 7 op 0 root 0 comm 0x7f1f00245250 [nranks=3] stream 0x7f1f00237010
[1,2]<stdout>:nsslab2-System-Product-Name:2293:2311 [0] NCCL INFO AllReduce: opCount c9 sendbuff 0x7f1b68000000 recvbuff 0x7f1b68000000 count 21848 datatype 7 op 0 root 0 comm 0x7f1c58335d60 [nranks=3] stream 0x6bb1ed00
[1,1]<stdout>:user:7484:7568 [1] NCCL INFO AllReduce: opCount ca sendbuff 0x7f1dde000000 recvbuff 0x7f1dde000000 count 512 datatype 7 op 0 root 0 comm 0x7f1f00245250 [nranks=3] stream 0x7f1f00237010
[1,0]<stdout>:user:7483:7566 [0] NCCL INFO AllReduce: opCount ba sendbuff 0x7f298a000000 recvbuff 0x7f298a000000 count 512 datatype 7 op 0 root 0 comm 0x7f2a98247800 [nranks=3] stream 0x7f2a98230dd0
[1,2]<stdout>:nsslab2-System-Product-Name:2293:2311 [0] NCCL INFO AllReduce: opCount ca sendbuff 0x7f1b68000000 recvbuff 0x7f1b68000000 count 512 datatype 7 op 0 root 0 comm 0x7f1c58335d60 [nranks=3] stream 0x6bb1ed00
[1,1]<stdout>:user:7484:7568 [1] NCCL INFO AllReduce: opCount cb sendbuff 0x7f1dde000000 recvbuff 0x7f1dde000000 count 21336 datatype 7 op 0 root 0 comm 0x7f1f00245250 [nranks=3] stream 0x7f1f00237010
[1,0]<stdout>:user:7483:7566 [0] NCCL INFO AllReduce: opCount bb sendbuff 0x7f298a000000 recvbuff 0x7f298a000000 count 21336 datatype 7 op 0 root 0 comm 0x7f2a98247800 [nranks=3] stream 0x7f2a98230dd0
[1,2]<stdout>:nsslab2-System-Product-Name:2293:2311 [0] NCCL INFO AllReduce: opCount cb sendbuff 0x7f1b68000000 recvbuff 0x7f1b68000000 count 21336 datatype 7 op 0 root 0 comm 0x7f1c58335d60 [nranks=3] stream 0x6bb1ed00
[1,1]<stdout>:user:7484:7568 [1] NCCL INFO AllReduce: opCount cc sendbuff 0x7f1dde000000 recvbuff 0x7f1dde000000 count 16564 datatype 7 op 0 root 0 comm 0x7f1f00245250 [nranks=3] stream 0x7f1f00237010
[1,0]<stdout>:user:7483:7566 [0] NCCL INFO AllReduce: opCount bc sendbuff 0x7f298a000000 recvbuff 0x7f298a000000 count 16564 datatype 7 op 0 root 0 comm 0x7f2a98247800 [nranks=3] stream 0x7f2a98230dd0
[1,2]<stdout>:nsslab2-System-Product-Name:2293:2311 [0] NCCL INFO AllReduce: opCount cc sendbuff 0x7f1b68000000 recvbuff 0x7f1b68000000 count 16564 datatype 7 op 0 root 0 comm 0x7f1c58335d60 [nranks=3] stream 0x6bb1ed00
[1,1]<stdout>:user:7484:7568 [1] NCCL INFO AllReduce: opCount cd sendbuff 0x7f1dde000000 recvbuff 0x7f1dde000000 count 5284 datatype 7 op 0 root 0 comm 0x7f1f00245250 [nranks=3] stream 0x7f1f00237010
[1,0]<stdout>:user:7483:7566 [0] NCCL INFO AllReduce: opCount bd sendbuff 0x7f298a000000 recvbuff 0x7f298a000000 count 5284 datatype 7 op 0 root 0 comm 0x7f2a98247800 [nranks=3] stream 0x7f2a98230dd0
[1,2]<stdout>:nsslab2-System-Product-Name:2293:2311 [0] NCCL INFO AllReduce: opCount cd sendbuff 0x7f1b68000000 recvbuff 0x7f1b68000000 count 5284 datatype 7 op 0 root 0 comm 0x7f1c58335d60 [nranks=3] stream 0x6bb1ed00
[1,1]<stdout>:user:7484:7568 [1] NCCL INFO AllReduce: opCount ce sendbuff 0x7f1dde000000 recvbuff 0x7f1dde000000 count 21584 datatype 7 op 0 root 0 comm 0x7f1f00245250 [nranks=3] stream 0x7f1f00237010
[1,0]<stdout>:user:7483:7566 [0] NCCL INFO AllReduce: opCount be sendbuff 0x7f298a000000 recvbuff 0x7f298a000000 count 21584 datatype 7 op 0 root 0 comm 0x7f2a98247800 [nranks=3] stream 0x7f2a98230dd0
[1,2]<stdout>:nsslab2-System-Product-Name:2293:2311 [0] NCCL INFO AllReduce: opCount ce sendbuff 0x7f1b68000000 recvbuff 0x7f1b68000000 count 21584 datatype 7 op 0 root 0 comm 0x7f1c58335d60 [nranks=3] stream 0x6bb1ed00
[1,1]<stdout>:user:7484:7568 [1] NCCL INFO AllReduce: opCount cf sendbuff 0x7f1dde000000 recvbuff 0x7f1dde000000 count 264 datatype 7 op 0 root 0 comm 0x7f1f00245250 [nranks=3] stream 0x7f1f00237010
[1,0]<stdout>:user:7483:7566 [0] NCCL INFO AllReduce: opCount bf sendbuff 0x7f298a000000 recvbuff 0x7f298a000000 count 264 datatype 7 op 0 root 0 comm 0x7f2a98247800 [nranks=3] stream 0x7f2a98230dd0
[1,2]<stdout>:nsslab2-System-Product-Name:2293:2311 [0] NCCL INFO AllReduce: opCount cf sendbuff 0x7f1b68000000 recvbuff 0x7f1b68000000 count 264 datatype 7 op 0 root 0 comm 0x7f1c58335d60 [nranks=3] stream 0x6bb1ed00
[1,1]<stdout>:user:7484:7568 [1] NCCL INFO AllReduce: opCount d0 sendbuff 0x7f1dde000000 recvbuff 0x7f1dde000000 count 21848 datatype 7 op 0 root 0 comm 0x7f1f00245250 [nranks=3] stream 0x7f1f00237010
[1,0]<stdout>:user:7483:7566 [0] NCCL INFO AllReduce: opCount c0 sendbuff 0x7f298a000000 recvbuff 0x7f298a000000 count 21848 datatype 7 op 0 root 0 comm 0x7f2a98247800 [nranks=3] stream 0x7f2a98230dd0
[1,2]<stdout>:nsslab2-System-Product-Name:2293:2311 [0] NCCL INFO AllReduce: opCount d0 sendbuff 0x7f1b68000000 recvbuff 0x7f1b68000000 count 21848 datatype 7 op 0 root 0 comm 0x7f1c58335d60 [nranks=3] stream 0x6bb1ed00
[1,1]<stdout>:Train Epoch: 1 [7040/20000 (35%)]	Loss: 0.812301
[1,2]<stdout>:Train Epoch: 1 [7040/20000 (35%)]	Loss: 0.944487
[1,0]<stdout>:Train Epoch: 1 [7040/20000 (35%)]	Loss: 0.983117
[1,1]<stdout>:user:7484:7568 [1] NCCL INFO AllReduce: opCount d1 sendbuff 0x7f1dde000000 recvbuff 0x7f1dde000000 count 512 datatype 7 op 0 root 0 comm 0x7f1f00245250 [nranks=3] stream 0x7f1f00237010
[1,0]<stdout>:user:7483:7566 [0] NCCL INFO AllReduce: opCount c1 sendbuff 0x7f298a000000 recvbuff 0x7f298a000000 count 512 datatype 7 op 0 root 0 comm 0x7f2a98247800 [nranks=3] stream 0x7f2a98230dd0
[1,2]<stdout>:nsslab2-System-Product-Name:2293:2311 [0] NCCL INFO AllReduce: opCount d1 sendbuff 0x7f1b68000000 recvbuff 0x7f1b68000000 count 512 datatype 7 op 0 root 0 comm 0x7f1c58335d60 [nranks=3] stream 0x6bb1ed00
[1,1]<stdout>:user:7484:7568 [1] NCCL INFO AllReduce: opCount d2 sendbuff 0x7f1dde000000 recvbuff 0x7f1dde000000 count 21336 datatype 7 op 0 root 0 comm 0x7f1f00245250 [nranks=3] stream 0x7f1f00237010
[1,0]<stdout>:user:7483:7566 [0] NCCL INFO AllReduce: opCount c2 sendbuff 0x7f298a000000 recvbuff 0x7f298a000000 count 21336 datatype 7 op 0 root 0 comm 0x7f2a98247800 [nranks=3] stream 0x7f2a98230dd0
[1,2]<stdout>:nsslab2-System-Product-Name:2293:2311 [0] NCCL INFO AllReduce: opCount d2 sendbuff 0x7f1b68000000 recvbuff 0x7f1b68000000 count 21336 datatype 7 op 0 root 0 comm 0x7f1c58335d60 [nranks=3] stream 0x6bb1ed00
[1,1]<stdout>:user:7484:7568 [1] NCCL INFO AllReduce: opCount d3 sendbuff 0x7f1dde000000 recvbuff 0x7f1dde000000 count 16564 datatype 7 op 0 root 0 comm 0x7f1f00245250 [nranks=3] stream 0x7f1f00237010
[1,0]<stdout>:user:7483:7566 [0] NCCL INFO AllReduce: opCount c3 sendbuff 0x7f298a000000 recvbuff 0x7f298a000000 count 16564 datatype 7 op 0 root 0 comm 0x7f2a98247800 [nranks=3] stream 0x7f2a98230dd0
[1,2]<stdout>:nsslab2-System-Product-Name:2293:2311 [0] NCCL INFO AllReduce: opCount d3 sendbuff 0x7f1b68000000 recvbuff 0x7f1b68000000 count 16564 datatype 7 op 0 root 0 comm 0x7f1c58335d60 [nranks=3] stream 0x6bb1ed00
[1,1]<stdout>:user:7484:7568 [1] NCCL INFO AllReduce: opCount d4 sendbuff 0x7f1dde000000 recvbuff 0x7f1dde000000 count 5284 datatype 7 op 0 root 0 comm 0x7f1f00245250 [nranks=3] stream 0x7f1f00237010
[1,0]<stdout>:user:7483:7566 [0] NCCL INFO AllReduce: opCount c4 sendbuff 0x7f298a000000 recvbuff 0x7f298a000000 count 5284 datatype 7 op 0 root 0 comm 0x7f2a98247800 [nranks=3] stream 0x7f2a98230dd0
[1,2]<stdout>:nsslab2-System-Product-Name:2293:2311 [0] NCCL INFO AllReduce: opCount d4 sendbuff 0x7f1b68000000 recvbuff 0x7f1b68000000 count 5284 datatype 7 op 0 root 0 comm 0x7f1c58335d60 [nranks=3] stream 0x6bb1ed00
[1,1]<stdout>:user:7484:7568 [1] NCCL INFO AllReduce: opCount d5 sendbuff 0x7f1dde000000 recvbuff 0x7f1dde000000 count 16564 datatype 7 op 0 root 0 comm 0x7f1f00245250 [nranks=3] stream 0x7f1f00237010
[1,0]<stdout>:user:7483:7566 [0] NCCL INFO AllReduce: opCount c5 sendbuff 0x7f298a000000 recvbuff 0x7f298a000000 count 16564 datatype 7 op 0 root 0 comm 0x7f2a98247800 [nranks=3] stream 0x7f2a98230dd0
[1,2]<stdout>:nsslab2-System-Product-Name:2293:2311 [0] NCCL INFO AllReduce: opCount d5 sendbuff 0x7f1b68000000 recvbuff 0x7f1b68000000 count 16564 datatype 7 op 0 root 0 comm 0x7f1c58335d60 [nranks=3] stream 0x6bb1ed00
[1,1]<stdout>:user:7484:7568 [1] NCCL INFO AllReduce: opCount d6 sendbuff 0x7f1dde000000 recvbuff 0x7f1dde000000 count 5284 datatype 7 op 0 root 0 comm 0x7f1f00245250 [nranks=3] stream 0x7f1f00237010
[1,0]<stdout>:user:7483:7566 [0] NCCL INFO AllReduce: opCount c6 sendbuff 0x7f298a000000 recvbuff 0x7f298a000000 count 5284 datatype 7 op 0 root 0 comm 0x7f2a98247800 [nranks=3] stream 0x7f2a98230dd0
[1,2]<stdout>:nsslab2-System-Product-Name:2293:2311 [0] NCCL INFO AllReduce: opCount d6 sendbuff 0x7f1b68000000 recvbuff 0x7f1b68000000 count 5284 datatype 7 op 0 root 0 comm 0x7f1c58335d60 [nranks=3] stream 0x6bb1ed00
[1,1]<stdout>:user:7484:7568 [1] NCCL INFO AllReduce: opCount d7 sendbuff 0x7f1dde000000 recvbuff 0x7f1dde000000 count 21584 datatype 7 op 0 root 0 comm 0x7f1f00245250 [nranks=3] stream 0x7f1f00237010
[1,0]<stdout>:user:7483:7566 [0] NCCL INFO AllReduce: opCount c7 sendbuff 0x7f298a000000 recvbuff 0x7f298a000000 count 21584 datatype 7 op 0 root 0 comm 0x7f2a98247800 [nranks=3] stream 0x7f2a98230dd0
[1,2]<stdout>:nsslab2-System-Product-Name:2293:2311 [0] NCCL INFO AllReduce: opCount d7 sendbuff 0x7f1b68000000 recvbuff 0x7f1b68000000 count 21584 datatype 7 op 0 root 0 comm 0x7f1c58335d60 [nranks=3] stream 0x6bb1ed00
[1,1]<stdout>:user:7484:7568 [1] NCCL INFO AllReduce: opCount d8 sendbuff 0x7f1dde000000 recvbuff 0x7f1dde000000 count 264 datatype 7 op 0 root 0 comm 0x7f1f00245250 [nranks=3] stream 0x7f1f00237010
[1,0]<stdout>:user:7483:7566 [0] NCCL INFO AllReduce: opCount c8 sendbuff 0x7f298a000000 recvbuff 0x7f298a000000 count 264 datatype 7 op 0 root 0 comm 0x7f2a98247800 [nranks=3] stream 0x7f2a98230dd0
[1,2]<stdout>:nsslab2-System-Product-Name:2293:2311 [0] NCCL INFO AllReduce: opCount d8 sendbuff 0x7f1b68000000 recvbuff 0x7f1b68000000 count 264 datatype 7 op 0 root 0 comm 0x7f1c58335d60 [nranks=3] stream 0x6bb1ed00
[1,1]<stdout>:user:7484:7568 [1] NCCL INFO AllReduce: opCount d9 sendbuff 0x7f1dde000000 recvbuff 0x7f1dde000000 count 21848 datatype 7 op 0 root 0 comm 0x7f1f00245250 [nranks=3] stream 0x7f1f00237010
[1,0]<stdout>:user:7483:7566 [0] NCCL INFO AllReduce: opCount c9 sendbuff 0x7f298a000000 recvbuff 0x7f298a000000 count 21848 datatype 7 op 0 root 0 comm 0x7f2a98247800 [nranks=3] stream 0x7f2a98230dd0
[1,2]<stdout>:nsslab2-System-Product-Name:2293:2311 [0] NCCL INFO AllReduce: opCount d9 sendbuff 0x7f1b68000000 recvbuff 0x7f1b68000000 count 21848 datatype 7 op 0 root 0 comm 0x7f1c58335d60 [nranks=3] stream 0x6bb1ed00
[1,1]<stdout>:user:7484:7568 [1] NCCL INFO AllReduce: opCount da sendbuff 0x7f1dde000000 recvbuff 0x7f1dde000000 count 512 datatype 7 op 0 root 0 comm 0x7f1f00245250 [nranks=3] stream 0x7f1f00237010
[1,0]<stdout>:user:7483:7566 [0] NCCL INFO AllReduce: opCount ca sendbuff 0x7f298a000000 recvbuff 0x7f298a000000 count 512 datatype 7 op 0 root 0 comm 0x7f2a98247800 [nranks=3] stream 0x7f2a98230dd0
[1,2]<stdout>:nsslab2-System-Product-Name:2293:2311 [0] NCCL INFO AllReduce: opCount da sendbuff 0x7f1b68000000 recvbuff 0x7f1b68000000 count 512 datatype 7 op 0 root 0 comm 0x7f1c58335d60 [nranks=3] stream 0x6bb1ed00
[1,1]<stdout>:user:7484:7568 [1] NCCL INFO AllReduce: opCount db sendbuff 0x7f1dde000000 recvbuff 0x7f1dde000000 count 21336 datatype 7 op 0 root 0 comm 0x7f1f00245250 [nranks=3] stream 0x7f1f00237010
[1,0]<stdout>:user:7483:7566 [0] NCCL INFO AllReduce: opCount cb sendbuff 0x7f298a000000 recvbuff 0x7f298a000000 count 21336 datatype 7 op 0 root 0 comm 0x7f2a98247800 [nranks=3] stream 0x7f2a98230dd0
[1,2]<stdout>:nsslab2-System-Product-Name:2293:2311 [0] NCCL INFO AllReduce: opCount db sendbuff 0x7f1b68000000 recvbuff 0x7f1b68000000 count 21336 datatype 7 op 0 root 0 comm 0x7f1c58335d60 [nranks=3] stream 0x6bb1ed00
[1,1]<stdout>:user:7484:7568 [1] NCCL INFO AllReduce: opCount dc sendbuff 0x7f1dde000000 recvbuff 0x7f1dde000000 count 16564 datatype 7 op 0 root 0 comm 0x7f1f00245250 [nranks=3] stream 0x7f1f00237010
[1,0]<stdout>:user:7483:7566 [0] NCCL INFO AllReduce: opCount cc sendbuff 0x7f298a000000 recvbuff 0x7f298a000000 count 16564 datatype 7 op 0 root 0 comm 0x7f2a98247800 [nranks=3] stream 0x7f2a98230dd0
[1,2]<stdout>:nsslab2-System-Product-Name:2293:2311 [0] NCCL INFO AllReduce: opCount dc sendbuff 0x7f1b68000000 recvbuff 0x7f1b68000000 count 16564 datatype 7 op 0 root 0 comm 0x7f1c58335d60 [nranks=3] stream 0x6bb1ed00
[1,1]<stdout>:user:7484:7568 [1] NCCL INFO AllReduce: opCount dd sendbuff 0x7f1dde000000 recvbuff 0x7f1dde000000 count 5284 datatype 7 op 0 root 0 comm 0x7f1f00245250 [nranks=3] stream 0x7f1f00237010
[1,0]<stdout>:user:7483:7566 [0] NCCL INFO AllReduce: opCount cd sendbuff 0x7f298a000000 recvbuff 0x7f298a000000 count 5284 datatype 7 op 0 root 0 comm 0x7f2a98247800 [nranks=3] stream 0x7f2a98230dd0
[1,2]<stdout>:nsslab2-System-Product-Name:2293:2311 [0] NCCL INFO AllReduce: opCount dd sendbuff 0x7f1b68000000 recvbuff 0x7f1b68000000 count 5284 datatype 7 op 0 root 0 comm 0x7f1c58335d60 [nranks=3] stream 0x6bb1ed00
[1,1]<stdout>:user:7484:7568 [1] NCCL INFO AllReduce: opCount de sendbuff 0x7f1dde000000 recvbuff 0x7f1dde000000 count 16564 datatype 7 op 0 root 0 comm 0x7f1f00245250 [nranks=3] stream 0x7f1f00237010
[1,0]<stdout>:user:7483:7566 [0] NCCL INFO AllReduce: opCount ce sendbuff 0x7f298a000000 recvbuff 0x7f298a000000 count 16564 datatype 7 op 0 root 0 comm 0x7f2a98247800 [nranks=3] stream 0x7f2a98230dd0
[1,2]<stdout>:nsslab2-System-Product-Name:2293:2311 [0] NCCL INFO AllReduce: opCount de sendbuff 0x7f1b68000000 recvbuff 0x7f1b68000000 count 16564 datatype 7 op 0 root 0 comm 0x7f1c58335d60 [nranks=3] stream 0x6bb1ed00
[1,1]<stdout>:user:7484:7568 [1] NCCL INFO AllReduce: opCount df sendbuff 0x7f1dde000000 recvbuff 0x7f1dde000000 count 5284 datatype 7 op 0 root 0 comm 0x7f1f00245250 [nranks=3] stream 0x7f1f00237010
[1,0]<stdout>:user:7483:7566 [0] NCCL INFO AllReduce: opCount cf sendbuff 0x7f298a000000 recvbuff 0x7f298a000000 count 5284 datatype 7 op 0 root 0 comm 0x7f2a98247800 [nranks=3] stream 0x7f2a98230dd0
[1,2]<stdout>:nsslab2-System-Product-Name:2293:2311 [0] NCCL INFO AllReduce: opCount df sendbuff 0x7f1b68000000 recvbuff 0x7f1b68000000 count 5284 datatype 7 op 0 root 0 comm 0x7f1c58335d60 [nranks=3] stream 0x6bb1ed00
[1,1]<stdout>:user:7484:7568 [1] NCCL INFO AllReduce: opCount e0 sendbuff 0x7f1dde000000 recvbuff 0x7f1dde000000 count 21584 datatype 7 op 0 root 0 comm 0x7f1f00245250 [nranks=3] stream 0x7f1f00237010
[1,0]<stdout>:user:7483:7566 [0] NCCL INFO AllReduce: opCount d0 sendbuff 0x7f298a000000 recvbuff 0x7f298a000000 count 21584 datatype 7 op 0 root 0 comm 0x7f2a98247800 [nranks=3] stream 0x7f2a98230dd0
[1,2]<stdout>:nsslab2-System-Product-Name:2293:2311 [0] NCCL INFO AllReduce: opCount e0 sendbuff 0x7f1b68000000 recvbuff 0x7f1b68000000 count 21584 datatype 7 op 0 root 0 comm 0x7f1c58335d60 [nranks=3] stream 0x6bb1ed00
[1,1]<stdout>:user:7484:7568 [1] NCCL INFO AllReduce: opCount e1 sendbuff 0x7f1dde000000 recvbuff 0x7f1dde000000 count 264 datatype 7 op 0 root 0 comm 0x7f1f00245250 [nranks=3] stream 0x7f1f00237010
[1,0]<stdout>:user:7483:7566 [0] NCCL INFO AllReduce: opCount d1 sendbuff 0x7f298a000000 recvbuff 0x7f298a000000 count 264 datatype 7 op 0 root 0 comm 0x7f2a98247800 [nranks=3] stream 0x7f2a98230dd0
[1,2]<stdout>:nsslab2-System-Product-Name:2293:2311 [0] NCCL INFO AllReduce: opCount e1 sendbuff 0x7f1b68000000 recvbuff 0x7f1b68000000 count 264 datatype 7 op 0 root 0 comm 0x7f1c58335d60 [nranks=3] stream 0x6bb1ed00
[1,1]<stdout>:user:7484:7568 [1] NCCL INFO AllReduce: opCount e2 sendbuff 0x7f1dde000000 recvbuff 0x7f1dde000000 count 21848 datatype 7 op 0 root 0 comm 0x7f1f00245250 [nranks=3] stream 0x7f1f00237010
[1,0]<stdout>:user:7483:7566 [0] NCCL INFO AllReduce: opCount d2 sendbuff 0x7f298a000000 recvbuff 0x7f298a000000 count 21848 datatype 7 op 0 root 0 comm 0x7f2a98247800 [nranks=3] stream 0x7f2a98230dd0
[1,2]<stdout>:nsslab2-System-Product-Name:2293:2311 [0] NCCL INFO AllReduce: opCount e2 sendbuff 0x7f1b68000000 recvbuff 0x7f1b68000000 count 21848 datatype 7 op 0 root 0 comm 0x7f1c58335d60 [nranks=3] stream 0x6bb1ed00
[1,1]<stdout>:Train Epoch: 1 [7680/20000 (38%)]	Loss: 0.703380
[1,2]<stdout>:Train Epoch: 1 [7680/20000 (38%)]	Loss: 0.780182
[1,0]<stdout>:Train Epoch: 1 [7680/20000 (38%)]	Loss: 0.774601
[1,1]<stdout>:user:7484:7568 [1] NCCL INFO AllReduce: opCount e3 sendbuff 0x7f1dde000000 recvbuff 0x7f1dde000000 count 564 datatype 7 op 0 root 0 comm 0x7f1f00245250 [nranks=3] stream 0x7f1f00237010
[1,0]<stdout>:user:7483:7566 [0] NCCL INFO AllReduce: opCount d3 sendbuff 0x7f298a000000 recvbuff 0x7f298a000000 count 564 datatype 7 op 0 root 0 comm 0x7f2a98247800 [nranks=3] stream 0x7f2a98230dd0
[1,2]<stdout>:nsslab2-System-Product-Name:2293:2311 [0] NCCL INFO AllReduce: opCount e3 sendbuff 0x7f1b68000000 recvbuff 0x7f1b68000000 count 564 datatype 7 op 0 root 0 comm 0x7f1c58335d60 [nranks=3] stream 0x6bb1ed00
[1,1]<stdout>:user:7484:7568 [1] NCCL INFO AllReduce: opCount e4 sendbuff 0x7f1dde000000 recvbuff 0x7f1dde000000 count 21284 datatype 7 op 0 root 0 comm 0x7f1f00245250 [nranks=3] stream 0x7f1f00237010
[1,0]<stdout>:user:7483:7566 [0] NCCL INFO AllReduce: opCount d4 sendbuff 0x7f298a000000 recvbuff 0x7f298a000000 count 21284 datatype 7 op 0 root 0 comm 0x7f2a98247800 [nranks=3] stream 0x7f2a98230dd0
[1,2]<stdout>:nsslab2-System-Product-Name:2293:2311 [0] NCCL INFO AllReduce: opCount e4 sendbuff 0x7f1b68000000 recvbuff 0x7f1b68000000 count 21284 datatype 7 op 0 root 0 comm 0x7f1c58335d60 [nranks=3] stream 0x6bb1ed00
[1,1]<stdout>:user:7484:7568 [1] NCCL INFO AllReduce: opCount e5 sendbuff 0x7f1dde000000 recvbuff 0x7f1dde000000 count 16564 datatype 7 op 0 root 0 comm 0x7f1f00245250 [nranks=3] stream 0x7f1f00237010
[1,0]<stdout>:user:7483:7566 [0] NCCL INFO AllReduce: opCount d5 sendbuff 0x7f298a000000 recvbuff 0x7f298a000000 count 16564 datatype 7 op 0 root 0 comm 0x7f2a98247800 [nranks=3] stream 0x7f2a98230dd0
[1,2]<stdout>:nsslab2-System-Product-Name:2293:2311 [0] NCCL INFO AllReduce: opCount e5 sendbuff 0x7f1b68000000 recvbuff 0x7f1b68000000 count 16564 datatype 7 op 0 root 0 comm 0x7f1c58335d60 [nranks=3] stream 0x6bb1ed00
[1,1]<stdout>:user:7484:7568 [1] NCCL INFO AllReduce: opCount e6 sendbuff 0x7f1dde000000 recvbuff 0x7f1dde000000 count 5284 datatype 7 op 0 root 0 comm 0x7f1f00245250 [nranks=3] stream 0x7f1f00237010
[1,0]<stdout>:user:7483:7566 [0] NCCL INFO AllReduce: opCount d6 sendbuff 0x7f298a000000 recvbuff 0x7f298a000000 count 5284 datatype 7 op 0 root 0 comm 0x7f2a98247800 [nranks=3] stream 0x7f2a98230dd0
[1,2]<stdout>:nsslab2-System-Product-Name:2293:2311 [0] NCCL INFO AllReduce: opCount e6 sendbuff 0x7f1b68000000 recvbuff 0x7f1b68000000 count 5284 datatype 7 op 0 root 0 comm 0x7f1c58335d60 [nranks=3] stream 0x6bb1ed00
[1,1]<stdout>:user:7484:7568 [1] NCCL INFO AllReduce: opCount e7 sendbuff 0x7f1dde000000 recvbuff 0x7f1dde000000 count 21564 datatype 7 op 0 root 0 comm 0x7f1f00245250 [nranks=3] stream 0x7f1f00237010
[1,0]<stdout>:user:7483:7566 [0] NCCL INFO AllReduce: opCount d7 sendbuff 0x7f298a000000 recvbuff 0x7f298a000000 count 21564 datatype 7 op 0 root 0 comm 0x7f2a98247800 [nranks=3] stream 0x7f2a98230dd0
[1,2]<stdout>:nsslab2-System-Product-Name:2293:2311 [0] NCCL INFO AllReduce: opCount e7 sendbuff 0x7f1b68000000 recvbuff 0x7f1b68000000 count 21564 datatype 7 op 0 root 0 comm 0x7f1c58335d60 [nranks=3] stream 0x6bb1ed00
[1,1]<stdout>:user:7484:7568 [1] NCCL INFO AllReduce: opCount e8 sendbuff 0x7f1dde000000 recvbuff 0x7f1dde000000 count 284 datatype 7 op 0 root 0 comm 0x7f1f00245250 [nranks=3] stream 0x7f1f00237010
[1,0]<stdout>:user:7483:7566 [0] NCCL INFO AllReduce: opCount d8 sendbuff 0x7f298a000000 recvbuff 0x7f298a000000 count 284 datatype 7 op 0 root 0 comm 0x7f2a98247800 [nranks=3] stream 0x7f2a98230dd0
[1,2]<stdout>:nsslab2-System-Product-Name:2293:2311 [0] NCCL INFO AllReduce: opCount e8 sendbuff 0x7f1b68000000 recvbuff 0x7f1b68000000 count 284 datatype 7 op 0 root 0 comm 0x7f1c58335d60 [nranks=3] stream 0x6bb1ed00
[1,1]<stdout>:user:7484:7568 [1] NCCL INFO AllReduce: opCount e9 sendbuff 0x7f1dde000000 recvbuff 0x7f1dde000000 count 21584 datatype 7 op 0 root 0 comm 0x7f1f00245250 [nranks=3] stream 0x7f1f00237010
[1,0]<stdout>:user:7483:7566 [0] NCCL INFO AllReduce: opCount d9 sendbuff 0x7f298a000000 recvbuff 0x7f298a000000 count 21584 datatype 7 op 0 root 0 comm 0x7f2a98247800 [nranks=3] stream 0x7f2a98230dd0
[1,2]<stdout>:nsslab2-System-Product-Name:2293:2311 [0] NCCL INFO AllReduce: opCount e9 sendbuff 0x7f1b68000000 recvbuff 0x7f1b68000000 count 21584 datatype 7 op 0 root 0 comm 0x7f1c58335d60 [nranks=3] stream 0x6bb1ed00
[1,1]<stdout>:user:7484:7568 [1] NCCL INFO AllReduce: opCount ea sendbuff 0x7f1dde000000 recvbuff 0x7f1dde000000 count 264 datatype 7 op 0 root 0 comm 0x7f1f00245250 [nranks=3] stream 0x7f1f00237010
[1,0]<stdout>:user:7483:7566 [0] NCCL INFO AllReduce: opCount da sendbuff 0x7f298a000000 recvbuff 0x7f298a000000 count 264 datatype 7 op 0 root 0 comm 0x7f2a98247800 [nranks=3] stream 0x7f2a98230dd0
[1,2]<stdout>:nsslab2-System-Product-Name:2293:2311 [0] NCCL INFO AllReduce: opCount ea sendbuff 0x7f1b68000000 recvbuff 0x7f1b68000000 count 264 datatype 7 op 0 root 0 comm 0x7f1c58335d60 [nranks=3] stream 0x6bb1ed00
[1,1]<stdout>:user:7484:7568 [1] NCCL INFO AllReduce: opCount eb sendbuff 0x7f1dde000000 recvbuff 0x7f1dde000000 count 512 datatype 7 op 0 root 0 comm 0x7f1f00245250 [nranks=3] stream 0x7f1f00237010
[1,0]<stdout>:user:7483:7566 [0] NCCL INFO AllReduce: opCount db sendbuff 0x7f298a000000 recvbuff 0x7f298a000000 count 512 datatype 7 op 0 root 0 comm 0x7f2a98247800 [nranks=3] stream 0x7f2a98230dd0
[1,2]<stdout>:nsslab2-System-Product-Name:2293:2311 [0] NCCL INFO AllReduce: opCount eb sendbuff 0x7f1b68000000 recvbuff 0x7f1b68000000 count 512 datatype 7 op 0 root 0 comm 0x7f1c58335d60 [nranks=3] stream 0x6bb1ed00
[1,1]<stdout>:user:7484:7568 [1] NCCL INFO AllReduce: opCount ec sendbuff 0x7f1dde000000 recvbuff 0x7f1dde000000 count 21336 datatype 7 op 0 root 0 comm 0x7f1f00245250 [nranks=3] stream 0x7f1f00237010
[1,0]<stdout>:user:7483:7566 [0] NCCL INFO AllReduce: opCount dc sendbuff 0x7f298a000000 recvbuff 0x7f298a000000 count 21336 datatype 7 op 0 root 0 comm 0x7f2a98247800 [nranks=3] stream 0x7f2a98230dd0
[1,2]<stdout>:nsslab2-System-Product-Name:2293:2311 [0] NCCL INFO AllReduce: opCount ec sendbuff 0x7f1b68000000 recvbuff 0x7f1b68000000 count 21336 datatype 7 op 0 root 0 comm 0x7f1c58335d60 [nranks=3] stream 0x6bb1ed00
[1,1]<stdout>:user:7484:7568 [1] NCCL INFO AllReduce: opCount ed sendbuff 0x7f1dde000000 recvbuff 0x7f1dde000000 count 21584 datatype 7 op 0 root 0 comm 0x7f1f00245250 [nranks=3] stream 0x7f1f00237010
[1,0]<stdout>:user:7483:7566 [0] NCCL INFO AllReduce: opCount dd sendbuff 0x7f298a000000 recvbuff 0x7f298a000000 count 21584 datatype 7 op 0 root 0 comm 0x7f2a98247800 [nranks=3] stream 0x7f2a98230dd0
[1,2]<stdout>:nsslab2-System-Product-Name:2293:2311 [0] NCCL INFO AllReduce: opCount ed sendbuff 0x7f1b68000000 recvbuff 0x7f1b68000000 count 21584 datatype 7 op 0 root 0 comm 0x7f1c58335d60 [nranks=3] stream 0x6bb1ed00
[1,1]<stdout>:user:7484:7568 [1] NCCL INFO AllReduce: opCount ee sendbuff 0x7f1dde000000 recvbuff 0x7f1dde000000 count 264 datatype 7 op 0 root 0 comm 0x7f1f00245250 [nranks=3] stream 0x7f1f00237010
[1,0]<stdout>:user:7483:7566 [0] NCCL INFO AllReduce: opCount de sendbuff 0x7f298a000000 recvbuff 0x7f298a000000 count 264 datatype 7 op 0 root 0 comm 0x7f2a98247800 [nranks=3] stream 0x7f2a98230dd0
[1,2]<stdout>:nsslab2-System-Product-Name:2293:2311 [0] NCCL INFO AllReduce: opCount ee sendbuff 0x7f1b68000000 recvbuff 0x7f1b68000000 count 264 datatype 7 op 0 root 0 comm 0x7f1c58335d60 [nranks=3] stream 0x6bb1ed00
[1,1]<stdout>:user:7484:7568 [1] NCCL INFO AllReduce: opCount ef sendbuff 0x7f1dde000000 recvbuff 0x7f1dde000000 count 564 datatype 7 op 0 root 0 comm 0x7f1f00245250 [nranks=3] stream 0x7f1f00237010
[1,0]<stdout>:user:7483:7566 [0] NCCL INFO AllReduce: opCount df sendbuff 0x7f298a000000 recvbuff 0x7f298a000000 count 564 datatype 7 op 0 root 0 comm 0x7f2a98247800 [nranks=3] stream 0x7f2a98230dd0
[1,2]<stdout>:nsslab2-System-Product-Name:2293:2311 [0] NCCL INFO AllReduce: opCount ef sendbuff 0x7f1b68000000 recvbuff 0x7f1b68000000 count 564 datatype 7 op 0 root 0 comm 0x7f1c58335d60 [nranks=3] stream 0x6bb1ed00
[1,1]<stdout>:user:7484:7568 [1] NCCL INFO AllReduce: opCount f0 sendbuff 0x7f1dde000000 recvbuff 0x7f1dde000000 count 21284 datatype 7 op 0 root 0 comm 0x7f1f00245250 [nranks=3] stream 0x7f1f00237010
[1,0]<stdout>:user:7483:7566 [0] NCCL INFO AllReduce: opCount e0 sendbuff 0x7f298a000000 recvbuff 0x7f298a000000 count 21284 datatype 7 op 0 root 0 comm 0x7f2a98247800 [nranks=3] stream 0x7f2a98230dd0
[1,2]<stdout>:nsslab2-System-Product-Name:2293:2311 [0] NCCL INFO AllReduce: opCount f0 sendbuff 0x7f1b68000000 recvbuff 0x7f1b68000000 count 21284 datatype 7 op 0 root 0 comm 0x7f1c58335d60 [nranks=3] stream 0x6bb1ed00
[1,1]<stdout>:user:7484:7568 [1] NCCL INFO AllReduce: opCount f1 sendbuff 0x7f1dde000000 recvbuff 0x7f1dde000000 count 21848 datatype 7 op 0 root 0 comm 0x7f1f00245250 [nranks=3] stream 0x7f1f00237010
[1,0]<stdout>:user:7483:7566 [0] NCCL INFO AllReduce: opCount e1 sendbuff 0x7f298a000000 recvbuff 0x7f298a000000 count 21848 datatype 7 op 0 root 0 comm 0x7f2a98247800 [nranks=3] stream 0x7f2a98230dd0
[1,2]<stdout>:nsslab2-System-Product-Name:2293:2311 [0] NCCL INFO AllReduce: opCount f1 sendbuff 0x7f1b68000000 recvbuff 0x7f1b68000000 count 21848 datatype 7 op 0 root 0 comm 0x7f1c58335d60 [nranks=3] stream 0x6bb1ed00
[1,1]<stdout>:user:7484:7568 [1] NCCL INFO AllReduce: opCount f2 sendbuff 0x7f1dde000000 recvbuff 0x7f1dde000000 count 16564 datatype 7 op 0 root 0 comm 0x7f1f00245250 [nranks=3] stream 0x7f1f00237010
[1,0]<stdout>:user:7483:7566 [0] NCCL INFO AllReduce: opCount e2 sendbuff 0x7f298a000000 recvbuff 0x7f298a000000 count 16564 datatype 7 op 0 root 0 comm 0x7f2a98247800 [nranks=3] stream 0x7f2a98230dd0
[1,2]<stdout>:nsslab2-System-Product-Name:2293:2311 [0] NCCL INFO AllReduce: opCount f2 sendbuff 0x7f1b68000000 recvbuff 0x7f1b68000000 count 16564 datatype 7 op 0 root 0 comm 0x7f1c58335d60 [nranks=3] stream 0x6bb1ed00
[1,2]<stdout>:nsslab2-System-Product-Name:2293:2311 [0] NCCL INFO AllReduce: opCount f3 sendbuff 0x7f1b68000000 recvbuff 0x7f1b68000000 count 5284 datatype 7 op 0 root 0 comm 0x7f1c58335d60 [nranks=3] stream 0x6bb1ed00
[1,1]<stdout>:user:7484:7568 [1] NCCL INFO AllReduce: opCount f3 sendbuff 0x7f1dde000000 recvbuff 0x7f1dde000000 count 5284 datatype 7 op 0 root 0 comm 0x7f1f00245250 [nranks=3] stream 0x7f1f00237010
[1,0]<stdout>:user:7483:7566 [0] NCCL INFO AllReduce: opCount e3 sendbuff 0x7f298a000000 recvbuff 0x7f298a000000 count 5284 datatype 7 op 0 root 0 comm 0x7f2a98247800 [nranks=3] stream 0x7f2a98230dd0
[1,1]<stdout>:user:7484:7568 [1] NCCL INFO AllReduce: opCount f4 sendbuff 0x7f1dde000000 recvbuff 0x7f1dde000000 count 21848 datatype 7 op 0 root 0 comm 0x7f1f00245250 [nranks=3] stream 0x7f1f00237010
[1,0]<stdout>:user:7483:7566 [0] NCCL INFO AllReduce: opCount e4 sendbuff 0x7f298a000000 recvbuff 0x7f298a000000 count 21848 datatype 7 op 0 root 0 comm 0x7f2a98247800 [nranks=3] stream 0x7f2a98230dd0
[1,2]<stdout>:nsslab2-System-Product-Name:2293:2311 [0] NCCL INFO AllReduce: opCount f4 sendbuff 0x7f1b68000000 recvbuff 0x7f1b68000000 count 21848 datatype 7 op 0 root 0 comm 0x7f1c58335d60 [nranks=3] stream 0x6bb1ed00
[1,1]<stdout>:Train Epoch: 1 [8320/20000 (42%)]	Loss: 0.862951
[1,0]<stdout>:Train Epoch: 1 [8320/20000 (42%)]	Loss: 0.717933
[1,2]<stdout>:Train Epoch: 1 [8320/20000 (42%)]	Loss: 0.603079
[1,1]<stdout>:user:7484:7568 [1] NCCL INFO AllReduce: opCount f5 sendbuff 0x7f1dde000000 recvbuff 0x7f1dde000000 count 21584 datatype 7 op 0 root 0 comm 0x7f1f00245250 [nranks=3] stream 0x7f1f00237010
[1,0]<stdout>:user:7483:7566 [0] NCCL INFO AllReduce: opCount e5 sendbuff 0x7f298a000000 recvbuff 0x7f298a000000 count 21584 datatype 7 op 0 root 0 comm 0x7f2a98247800 [nranks=3] stream 0x7f2a98230dd0
[1,2]<stdout>:nsslab2-System-Product-Name:2293:2311 [0] NCCL INFO AllReduce: opCount f5 sendbuff 0x7f1b68000000 recvbuff 0x7f1b68000000 count 21584 datatype 7 op 0 root 0 comm 0x7f1c58335d60 [nranks=3] stream 0x6bb1ed00
[1,1]<stdout>:user:7484:7568 [1] NCCL INFO AllReduce: opCount f6 sendbuff 0x7f1dde000000 recvbuff 0x7f1dde000000 count 264 datatype 7 op 0 root 0 comm 0x7f1f00245250 [nranks=3] stream 0x7f1f00237010
[1,0]<stdout>:user:7483:7566 [0] NCCL INFO AllReduce: opCount e6 sendbuff 0x7f298a000000 recvbuff 0x7f298a000000 count 264 datatype 7 op 0 root 0 comm 0x7f2a98247800 [nranks=3] stream 0x7f2a98230dd0
[1,2]<stdout>:nsslab2-System-Product-Name:2293:2311 [0] NCCL INFO AllReduce: opCount f6 sendbuff 0x7f1b68000000 recvbuff 0x7f1b68000000 count 264 datatype 7 op 0 root 0 comm 0x7f1c58335d60 [nranks=3] stream 0x6bb1ed00
[1,1]<stdout>:user:7484:7568 [1] NCCL INFO AllReduce: opCount f7 sendbuff 0x7f1dde000000 recvbuff 0x7f1dde000000 count 512 datatype 7 op 0 root 0 comm 0x7f1f00245250 [nranks=3] stream 0x7f1f00237010
[1,0]<stdout>:user:7483:7566 [0] NCCL INFO AllReduce: opCount e7 sendbuff 0x7f298a000000 recvbuff 0x7f298a000000 count 512 datatype 7 op 0 root 0 comm 0x7f2a98247800 [nranks=3] stream 0x7f2a98230dd0
[1,2]<stdout>:nsslab2-System-Product-Name:2293:2311 [0] NCCL INFO AllReduce: opCount f7 sendbuff 0x7f1b68000000 recvbuff 0x7f1b68000000 count 512 datatype 7 op 0 root 0 comm 0x7f1c58335d60 [nranks=3] stream 0x6bb1ed00
[1,1]<stdout>:user:7484:7568 [1] NCCL INFO AllReduce: opCount f8 sendbuff 0x7f1dde000000 recvbuff 0x7f1dde000000 count 21336 datatype 7 op 0 root 0 comm 0x7f1f00245250 [nranks=3] stream 0x7f1f00237010
[1,0]<stdout>:user:7483:7566 [0] NCCL INFO AllReduce: opCount e8 sendbuff 0x7f298a000000 recvbuff 0x7f298a000000 count 21336 datatype 7 op 0 root 0 comm 0x7f2a98247800 [nranks=3] stream 0x7f2a98230dd0
[1,2]<stdout>:nsslab2-System-Product-Name:2293:2311 [0] NCCL INFO AllReduce: opCount f8 sendbuff 0x7f1b68000000 recvbuff 0x7f1b68000000 count 21336 datatype 7 op 0 root 0 comm 0x7f1c58335d60 [nranks=3] stream 0x6bb1ed00
[1,1]<stdout>:user:7484:7568 [1] NCCL INFO AllReduce: opCount f9 sendbuff 0x7f1dde000000 recvbuff 0x7f1dde000000 count 21836 datatype 7 op 0 root 0 comm 0x7f1f00245250 [nranks=3] stream 0x7f1f00237010
[1,0]<stdout>:user:7483:7566 [0] NCCL INFO AllReduce: opCount e9 sendbuff 0x7f298a000000 recvbuff 0x7f298a000000 count 21836 datatype 7 op 0 root 0 comm 0x7f2a98247800 [nranks=3] stream 0x7f2a98230dd0
[1,2]<stdout>:nsslab2-System-Product-Name:2293:2311 [0] NCCL INFO AllReduce: opCount f9 sendbuff 0x7f1b68000000 recvbuff 0x7f1b68000000 count 21836 datatype 7 op 0 root 0 comm 0x7f1c58335d60 [nranks=3] stream 0x6bb1ed00
[1,1]<stdout>:user:7484:7568 [1] NCCL INFO AllReduce: opCount fa sendbuff 0x7f1ebac16200 recvbuff 0x7f1ebac16200 count 10 datatype 7 op 0 root 0 comm 0x7f1f00245250 [nranks=3] stream 0x7f1f00237010
[1,0]<stdout>:user:7483:7566 [0] NCCL INFO AllReduce: opCount ea sendbuff 0x7f2a66c16200 recvbuff 0x7f2a66c16200 count 10 datatype 7 op 0 root 0 comm 0x7f2a98247800 [nranks=3] stream 0x7f2a98230dd0
[1,2]<stdout>:nsslab2-System-Product-Name:2293:2311 [0] NCCL INFO AllReduce: opCount fa sendbuff 0x7f1c2f216200 recvbuff 0x7f1c2f216200 count 10 datatype 7 op 0 root 0 comm 0x7f1c58335d60 [nranks=3] stream 0x6bb1ed00
[1,1]<stdout>:user:7484:7568 [1] NCCL INFO AllReduce: opCount fb sendbuff 0x7f1dde000000 recvbuff 0x7f1dde000000 count 16564 datatype 7 op 0 root 0 comm 0x7f1f00245250 [nranks=3] stream 0x7f1f00237010
[1,0]<stdout>:user:7483:7566 [0] NCCL INFO AllReduce: opCount eb sendbuff 0x7f298a000000 recvbuff 0x7f298a000000 count 16564 datatype 7 op 0 root 0 comm 0x7f2a98247800 [nranks=3] stream 0x7f2a98230dd0
[1,2]<stdout>:nsslab2-System-Product-Name:2293:2311 [0] NCCL INFO AllReduce: opCount fb sendbuff 0x7f1b68000000 recvbuff 0x7f1b68000000 count 16564 datatype 7 op 0 root 0 comm 0x7f1c58335d60 [nranks=3] stream 0x6bb1ed00
[1,1]<stdout>:user:7484:7568 [1] NCCL INFO AllReduce: opCount fc sendbuff 0x7f1dde000000 recvbuff 0x7f1dde000000 count 5284 datatype 7 op 0 root 0 comm 0x7f1f00245250 [nranks=3] stream 0x7f1f00237010
[1,0]<stdout>:user:7483:7566 [0] NCCL INFO AllReduce: opCount ec sendbuff 0x7f298a000000 recvbuff 0x7f298a000000 count 5284 datatype 7 op 0 root 0 comm 0x7f2a98247800 [nranks=3] stream 0x7f2a98230dd0
[1,2]<stdout>:nsslab2-System-Product-Name:2293:2311 [0] NCCL INFO AllReduce: opCount fc sendbuff 0x7f1b68000000 recvbuff 0x7f1b68000000 count 5284 datatype 7 op 0 root 0 comm 0x7f1c58335d60 [nranks=3] stream 0x6bb1ed00
[1,1]<stdout>:user:7484:7568 [1] NCCL INFO AllReduce: opCount fd sendbuff 0x7f1dde000000 recvbuff 0x7f1dde000000 count 21848 datatype 7 op 0 root 0 comm 0x7f1f00245250 [nranks=3] stream 0x7f1f00237010
[1,0]<stdout>:user:7483:7566 [0] NCCL INFO AllReduce: opCount ed sendbuff 0x7f298a000000 recvbuff 0x7f298a000000 count 21848 datatype 7 op 0 root 0 comm 0x7f2a98247800 [nranks=3] stream 0x7f2a98230dd0
[1,2]<stdout>:nsslab2-System-Product-Name:2293:2311 [0] NCCL INFO AllReduce: opCount fd sendbuff 0x7f1b68000000 recvbuff 0x7f1b68000000 count 21848 datatype 7 op 0 root 0 comm 0x7f1c58335d60 [nranks=3] stream 0x6bb1ed00
[1,1]<stdout>:user:7484:7568 [1] NCCL INFO AllReduce: opCount fe sendbuff 0x7f1dde000000 recvbuff 0x7f1dde000000 count 21848 datatype 7 op 0 root 0 comm 0x7f1f00245250 [nranks=3] stream 0x7f1f00237010
[1,0]<stdout>:user:7483:7566 [0] NCCL INFO AllReduce: opCount ee sendbuff 0x7f298a000000 recvbuff 0x7f298a000000 count 21848 datatype 7 op 0 root 0 comm 0x7f2a98247800 [nranks=3] stream 0x7f2a98230dd0
[1,2]<stdout>:nsslab2-System-Product-Name:2293:2311 [0] NCCL INFO AllReduce: opCount fe sendbuff 0x7f1b68000000 recvbuff 0x7f1b68000000 count 21848 datatype 7 op 0 root 0 comm 0x7f1c58335d60 [nranks=3] stream 0x6bb1ed00
[1,1]<stdout>:user:7484:7568 [1] NCCL INFO AllReduce: opCount ff sendbuff 0x7f1dde000000 recvbuff 0x7f1dde000000 count 21584 datatype 7 op 0 root 0 comm 0x7f1f00245250 [nranks=3] stream 0x7f1f00237010
[1,0]<stdout>:user:7483:7566 [0] NCCL INFO AllReduce: opCount ef sendbuff 0x7f298a000000 recvbuff 0x7f298a000000 count 21584 datatype 7 op 0 root 0 comm 0x7f2a98247800 [nranks=3] stream 0x7f2a98230dd0
[1,2]<stdout>:nsslab2-System-Product-Name:2293:2311 [0] NCCL INFO AllReduce: opCount ff sendbuff 0x7f1b68000000 recvbuff 0x7f1b68000000 count 21584 datatype 7 op 0 root 0 comm 0x7f1c58335d60 [nranks=3] stream 0x6bb1ed00
[1,1]<stdout>:user:7484:7568 [1] NCCL INFO AllReduce: opCount 100 sendbuff 0x7f1dde000000 recvbuff 0x7f1dde000000 count 264 datatype 7 op 0 root 0 comm 0x7f1f00245250 [nranks=3] stream 0x7f1f00237010
[1,0]<stdout>:user:7483:7566 [0] NCCL INFO AllReduce: opCount f0 sendbuff 0x7f298a000000 recvbuff 0x7f298a000000 count 264 datatype 7 op 0 root 0 comm 0x7f2a98247800 [nranks=3] stream 0x7f2a98230dd0
[1,2]<stdout>:nsslab2-System-Product-Name:2293:2311 [0] NCCL INFO AllReduce: opCount 100 sendbuff 0x7f1b68000000 recvbuff 0x7f1b68000000 count 264 datatype 7 op 0 root 0 comm 0x7f1c58335d60 [nranks=3] stream 0x6bb1ed00
[1,1]<stdout>:user:7484:7568 [1] NCCL INFO AllReduce: opCount 101 sendbuff 0x7f1dde000000 recvbuff 0x7f1dde000000 count 16564 datatype 7 op 0 root 0 comm 0x7f1f00245250 [nranks=3] stream 0x7f1f00237010
