[1,1]<stdout>:user:7484:7568 [1] NCCL INFO Mem Alloc Size 4 pointer 0x7f1f00bb3c10
[1,1]<stdout>:user:7484:7568 [1] NCCL INFO Mem Alloc Size 4 pointer 0x7f1f00bb3bf0
[1,1]<stdout>:user:7484:7568 [1] NCCL INFO Mem Alloc Size 4 pointer 0x7f1f00bb3b70
[1,1]<stdout>:user:7484:7568 [1] NCCL INFO Mem Alloc Size 4 pointer 0x7f1f00bb3bf0
[1,1]<stdout>:user:7484:7568 [1] NCCL INFO Mem Alloc Size 4 pointer 0x7f1f00bb3c10
[1,1]<stdout>:user:7484:7568 [1] NCCL INFO Mem Alloc Size 4 pointer 0x7f1f00bb3b70
[1,1]<stdout>:user:7484:7568 [1] NCCL INFO Mem Alloc Size 4 pointer 0x7f1f00bb3c10
[1,1]<stdout>:user:7484:7568 [1] NCCL INFO Mem Alloc Size 4 pointer 0x7f1f00bb3bf0
[1,1]<stdout>:user:7484:7568 [1] NCCL INFO Mem Alloc Size 4 pointer 0x7f1f00bb3b70
[1,1]<stdout>:user:7484:7568 [1] NCCL INFO Mem Alloc Size 4 pointer 0x7f1f00bb3bf0
[1,1]<stdout>:user:7484:7568 [1] NCCL INFO Mem Alloc Size 4 pointer 0x7f1f00bb3c10
[1,1]<stdout>:user:7484:7568 [1] NCCL INFO Mem Alloc Size 4 pointer 0x7f1f00bb3b70
[1,1]<stdout>:user:7484:7568 [1] NCCL INFO Mem Alloc Size 4 pointer 0x7f1f00bb3c10
[1,1]<stdout>:user:7484:7568 [1] NCCL INFO Mem Alloc Size 4 pointer 0x7f1f00bb3bf0
[1,1]<stdout>:user:7484:7568 [1] NCCL INFO Mem Alloc Size 4 pointer 0x7f1f00bb3b70
[1,1]<stdout>:user:7484:7568 [1] NCCL INFO Mem Alloc Size 4 pointer 0x7f1f00bb3bf0
[1,1]<stdout>:user:7484:7568 [1] NCCL INFO Mem Alloc Size 4 pointer 0x7f1f00bb3c10
[1,1]<stdout>:user:7484:7568 [1] NCCL INFO Mem Alloc Size 4 pointer 0x7f1f00bb3b70
[1,1]<stdout>:user:7484:7568 [1] NCCL INFO Mem Alloc Size 4 pointer 0x7f1f00bb3c10
[1,1]<stdout>:user:7484:7568 [1] NCCL INFO Mem Alloc Size 4 pointer 0x7f1f00bb3bf0
[1,1]<stdout>:user:7484:7568 [1] NCCL INFO Mem Alloc Size 4 pointer 0x7f1f00bb3b70
[1,1]<stdout>:user:7484:7568 [1] NCCL INFO Mem Alloc Size 4 pointer 0x7f1f00bb3bf0
[1,1]<stdout>:user:7484:7568 [1] NCCL INFO Mem Alloc Size 4 pointer 0x7f1f00bb3c10
[1,1]<stdout>:user:7484:7568 [1] NCCL INFO Mem Alloc Size 4 pointer 0x7f1f00bb3b70
[1,1]<stdout>:user:7484:7568 [1] NCCL INFO Mem Alloc Size 4 pointer 0x7f1f00bb3c10
[1,1]<stdout>:user:7484:7568 [1] NCCL INFO Mem Alloc Size 4 pointer 0x7f1f00bb3bf0
[1,1]<stdout>:user:7484:7568 [1] NCCL INFO Mem Alloc Size 4 pointer 0x7f1f00bb3b70
[1,1]<stdout>:user:7484:7568 [1] NCCL INFO Mem Alloc Size 4 pointer 0x7f1f00bb3bf0
[1,1]<stdout>:user:7484:7568 [1] NCCL INFO Mem Alloc Size 4 pointer 0x7f1f00bb3c10
[1,1]<stdout>:user:7484:7568 [1] NCCL INFO Mem Alloc Size 4 pointer 0x7f1f00bb3b70
[1,1]<stdout>:user:7484:7568 [1] NCCL INFO Mem Alloc Size 4 pointer 0x7f1f00bb3c10
[1,1]<stdout>:user:7484:7568 [1] NCCL INFO Mem Alloc Size 4 pointer 0x7f1f00bb3bf0
[1,1]<stdout>:user:7484:7568 [1] NCCL INFO Mem Alloc Size 4 pointer 0x7f1f00bb3b70
[1,1]<stdout>:user:7484:7568 [1] NCCL INFO Mem Alloc Size 4 pointer 0x7f1f00bb3bf0
[1,1]<stdout>:user:7484:7568 [1] NCCL INFO Mem Alloc Size 4 pointer 0x7f1f00bb3c10
[1,1]<stdout>:user:7484:7568 [1] NCCL INFO Mem Alloc Size 4 pointer 0x7f1f00bb3b70
[1,1]<stdout>:user:7484:7568 [1] NCCL INFO Mem Alloc Size 4 pointer 0x7f1f00bb3c10
[1,1]<stdout>:user:7484:7568 [1] NCCL INFO Mem Alloc Size 4 pointer 0x7f1f00bb3bf0
[1,1]<stdout>:user:7484:7568 [1] NCCL INFO Mem Alloc Size 4 pointer 0x7f1f00bb3b70
[1,1]<stdout>:user:7484:7568 [1] NCCL INFO Mem Alloc Size 4 pointer 0x7f1f00bb3bf0
[1,1]<stdout>:user:7484:7568 [1] NCCL INFO Mem Alloc Size 4 pointer 0x7f1f00bb3c10
[1,1]<stdout>:user:7484:7568 [1] NCCL INFO Mem Alloc Size 4 pointer 0x7f1f00bb3b70
[1,1]<stdout>:user:7484:7568 [1] NCCL INFO Mem Alloc Size 4 pointer 0x7f1f00bb3c10
[1,1]<stdout>:user:7484:7568 [1] NCCL INFO Mem Alloc Size 4 pointer 0x7f1f00bb3bf0
[1,1]<stdout>:user:7484:7568 [1] NCCL INFO Mem Alloc Size 4 pointer 0x7f1f00bb3b70
[1,1]<stdout>:user:7484:7568 [1] NCCL INFO Mem Alloc Size 4 pointer 0x7f1f00bb3bf0
[1,1]<stdout>:user:7484:7568 [1] NCCL INFO Mem Alloc Size 4 pointer 0x7f1f00bb3c10
[1,1]<stdout>:user:7484:7568 [1] NCCL INFO Mem Alloc Size 4 pointer 0x7f1f00bb3b70
[1,1]<stdout>:user:7484:7568 [1] NCCL INFO Mem Alloc Size 4 pointer 0x7f1f00bb3c10
[1,1]<stdout>:user:7484:7568 [1] NCCL INFO Mem Alloc Size 4 pointer 0x7f1f00bb3bf0
[1,1]<stdout>:user:7484:7568 [1] NCCL INFO Mem Alloc Size 4 pointer 0x7f1f00bb3b70
[1,1]<stdout>:user:7484:7568 [1] NCCL INFO Mem Alloc Size 4 pointer 0x7f1f00bb3bf0
[1,1]<stdout>:user:7484:7568 [1] NCCL INFO Mem Alloc Size 4 pointer 0x7f1f00bb3c10
[1,1]<stdout>:user:7484:7568 [1] NCCL INFO Mem Alloc Size 4 pointer 0x7f1f00bb3b70
[1,1]<stdout>:user:7484:7568 [1] NCCL INFO Mem Alloc Size 4 pointer 0x7f1f00bb3c10
[1,1]<stdout>:user:7484:7568 [1] NCCL INFO Mem Alloc Size 4 pointer 0x7f1f00bb3bf0
[1,1]<stdout>:user:7484:7568 [1] NCCL INFO Mem Alloc Size 4 pointer 0x7f1f00bb3b70
[1,1]<stdout>:user:7484:7568 [1] NCCL INFO Mem Alloc Size 4 pointer 0x7f1f00bb3bf0
[1,1]<stdout>:user:7484:7568 [1] NCCL INFO Mem Alloc Size 4 pointer 0x7f1f00bb3c10
[1,1]<stdout>:user:7484:7568 [1] NCCL INFO Mem Alloc Size 4 pointer 0x7f1f00bb3b70
[1,1]<stdout>:user:7484:7568 [1] NCCL INFO Mem Alloc Size 4 pointer 0x7f1f00bb3c10
[1,1]<stdout>:user:7484:7568 [1] NCCL INFO Mem Alloc Size 4 pointer 0x7f1f00bb3bf0
[1,1]<stdout>:user:7484:7568 [1] NCCL INFO Mem Alloc Size 4 pointer 0x7f1f00bb3b70
[1,1]<stdout>:user:7484:7568 [1] NCCL INFO Mem Alloc Size 4 pointer 0x7f1f00bb3bf0
[1,1]<stdout>:user:7484:7568 [1] NCCL INFO Mem Alloc Size 4 pointer 0x7f1f00bb3c10
[1,1]<stdout>:user:7484:7568 [1] NCCL INFO Pattern 3, crossNic 0, nChannels 1, speed 0.240000/0.120000, type PHB/PHB, sameChannels 1
[1,1]<stdout>:user:7484:7568 [1] NCCL INFO  0 : NET/0 GPU/0 GPU/1 NET/0
[1,1]<stdout>:user:7484:7568 [1] NCCL INFO Mem Alloc Size 4 pointer 0x7f1f00bb3b70
[1,1]<stdout>:user:7484:7568 [1] NCCL INFO Mem Alloc Size 4 pointer 0x7f1f00bb3c10
[1,1]<stdout>:user:7484:7568 [1] NCCL INFO Mem Alloc Size 4 pointer 0x7f1f00bb3bf0
[1,1]<stdout>:user:7484:7568 [1] NCCL INFO Mem Alloc Size 4 pointer 0x7f1f00bb3b70
[1,1]<stdout>:user:7484:7568 [1] NCCL INFO Mem Alloc Size 4 pointer 0x7f1f00bb3bf0
[1,1]<stdout>:user:7484:7568 [1] NCCL INFO Mem Alloc Size 4 pointer 0x7f1f00bb3c10
[1,1]<stdout>:user:7484:7568 [1] NCCL INFO Mem Alloc Size 4 pointer 0x7f1f00bb3b70
[1,1]<stdout>:user:7484:7568 [1] NCCL INFO Mem Alloc Size 4 pointer 0x7f1f00bb3c10
[1,1]<stdout>:user:7484:7568 [1] NCCL INFO Mem Alloc Size 4 pointer 0x7f1f00bb3bf0
[1,1]<stdout>:user:7484:7568 [1] NCCL INFO Mem Alloc Size 4 pointer 0x7f1f00bb3b70
[1,1]<stdout>:user:7484:7568 [1] NCCL INFO Mem Alloc Size 4 pointer 0x7f1f00bb3bf0
[1,1]<stdout>:user:7484:7568 [1] NCCL INFO Mem Alloc Size 4 pointer 0x7f1f00bb3c10
[1,1]<stdout>:user:7484:7568 [1] NCCL INFO Mem Alloc Size 4 pointer 0x7f1f00bb3b70
[1,1]<stdout>:user:7484:7568 [1] NCCL INFO Mem Alloc Size 4 pointer 0x7f1f00bb3c10
[1,1]<stdout>:user:7484:7568 [1] NCCL INFO Mem Alloc Size 4 pointer 0x7f1f00bb3bf0
[1,1]<stdout>:user:7484:7568 [1] NCCL INFO Mem Alloc Size 4 pointer 0x7f1f00bb3b70
[1,1]<stdout>:user:7484:7568 [1] NCCL INFO Mem Alloc Size 4 pointer 0x7f1f00bb3bf0
[1,1]<stdout>:user:7484:7568 [1] NCCL INFO Mem Alloc Size 4 pointer 0x7f1f00bb3c10
[1,1]<stdout>:user:7484:7568 [1] NCCL INFO Mem Alloc Size 4 pointer 0x7f1f00bb3b70
[1,1]<stdout>:user:7484:7568 [1] NCCL INFO Mem Alloc Size 4 pointer 0x7f1f00bb3c10
[1,1]<stdout>:user:7484:7568 [1] NCCL INFO Mem Alloc Size 4 pointer 0x7f1f00bb3bf0
[1,1]<stdout>:user:7484:7568 [1] NCCL INFO Mem Alloc Size 4 pointer 0x7f1f00bb3b70
[1,1]<stdout>:user:7484:7568 [1] NCCL INFO Mem Alloc Size 4 pointer 0x7f1f00bb3bf0
[1,1]<stdout>:user:7484:7568 [1] NCCL INFO Mem Alloc Size 4 pointer 0x7f1f00bb3c10
[1,1]<stdout>:user:7484:7568 [1] NCCL INFO Mem Alloc Size 4 pointer 0x7f1f00bb3b70
[1,1]<stdout>:user:7484:7568 [1] NCCL INFO Mem Alloc Size 4 pointer 0x7f1f00bb3c10
[1,1]<stdout>:user:7484:7568 [1] NCCL INFO Mem Alloc Size 4 pointer 0x7f1f00bb3bf0
[1,1]<stdout>:user:7484:7568 [1] NCCL INFO Mem Alloc Size 4 pointer 0x7f1f00bb3b70
[1,1]<stdout>:user:7484:7568 [1] NCCL INFO Mem Alloc Size 4 pointer 0x7f1f00bb3bf0
[1,1]<stdout>:user:7484:7568 [1] NCCL INFO Mem Alloc Size 4 pointer 0x7f1f00bb3c10
[1,1]<stdout>:user:7484:7568 [1] NCCL INFO Mem Alloc Size 4 pointer 0x7f1f00bb3b70
[1,1]<stdout>:user:7484:7568 [1] NCCL INFO Mem Alloc Size 4 pointer 0x7f1f00bb3c10
[1,1]<stdout>:user:7484:7568 [1] NCCL INFO Mem Alloc Size 4 pointer 0x7f1f00bb3bf0
[1,1]<stdout>:user:7484:7568 [1] NCCL INFO Mem Alloc Size 4 pointer 0x7f1f00bb3b70
[1,1]<stdout>:user:7484:7568 [1] NCCL INFO Mem Alloc Size 4 pointer 0x7f1f00bb3bf0
[1,1]<stdout>:user:7484:7568 [1] NCCL INFO Mem Alloc Size 4 pointer 0x7f1f00bb3c10
[1,1]<stdout>:user:7484:7568 [1] NCCL INFO Mem Alloc Size 4 pointer 0x7f1f00bb3b70
[1,1]<stdout>:user:7484:7568 [1] NCCL INFO Mem Alloc Size 4 pointer 0x7f1f00bb3c10
[1,1]<stdout>:user:7484:7568 [1] NCCL INFO Mem Alloc Size 4 pointer 0x7f1f00bb3bf0
[1,1]<stdout>:user:7484:7568 [1] NCCL INFO Mem Alloc Size 4 pointer 0x7f1f00bb3b70
[1,1]<stdout>:user:7484:7568 [1] NCCL INFO Mem Alloc Size 4 pointer 0x7f1f00bb3bf0
[1,1]<stdout>:user:7484:7568 [1] NCCL INFO Mem Alloc Size 4 pointer 0x7f1f00bb3c10
[1,1]<stdout>:user:7484:7568 [1] NCCL INFO Mem Alloc Size 4 pointer 0x7f1f00bb3b70
[1,1]<stdout>:user:7484:7568 [1] NCCL INFO Mem Alloc Size 4 pointer 0x7f1f00bb3c10
[1,1]<stdout>:user:7484:7568 [1] NCCL INFO Mem Alloc Size 4 pointer 0x7f1f00bb3bf0
[1,1]<stdout>:user:7484:7568 [1] NCCL INFO Mem Alloc Size 4 pointer 0x7f1f00bb3b70
[1,1]<stdout>:user:7484:7568 [1] NCCL INFO Mem Alloc Size 4 pointer 0x7f1f00bb3bf0
[1,1]<stdout>:user:7484:7568 [1] NCCL INFO Mem Alloc Size 4 pointer 0x7f1f00bb3c10
[1,1]<stdout>:user:7484:7568 [1] NCCL INFO Mem Alloc Size 4 pointer 0x7f1f00bb3b70
[1,1]<stdout>:user:7484:7568 [1] NCCL INFO Mem Alloc Size 4 pointer 0x7f1f00bb3c10
[1,1]<stdout>:user:7484:7568 [1] NCCL INFO Mem Alloc Size 4 pointer 0x7f1f00bb3bf0
[1,1]<stdout>:user:7484:7568 [1] NCCL INFO Mem Alloc Size 4 pointer 0x7f1f00bb3b70
[1,1]<stdout>:user:7484:7568 [1] NCCL INFO Mem Alloc Size 4 pointer 0x7f1f00bb3bf0
[1,1]<stdout>:user:7484:7568 [1] NCCL INFO Mem Alloc Size 4 pointer 0x7f1f00bb3c10
[1,1]<stdout>:user:7484:7568 [1] NCCL INFO Mem Alloc Size 4 pointer 0x7f1f00bb3b70
[1,1]<stdout>:user:7484:7568 [1] NCCL INFO Mem Alloc Size 4 pointer 0x7f1f00bb3c10
[1,1]<stdout>:user:7484:7568 [1] NCCL INFO Mem Alloc Size 4 pointer 0x7f1f00bb3bf0
[1,1]<stdout>:user:7484:7568 [1] NCCL INFO Mem Alloc Size 4 pointer 0x7f1f00bb3b70
[1,1]<stdout>:user:7484:7568 [1] NCCL INFO Mem Alloc Size 4 pointer 0x7f1f00bb3bf0
[1,1]<stdout>:user:7484:7568 [1] NCCL INFO Mem Alloc Size 4 pointer 0x7f1f00bb3c10
[1,1]<stdout>:user:7484:7568 [1] NCCL INFO Mem Alloc Size 4 pointer 0x7f1f00bb3b70
[1,1]<stdout>:user:7484:7568 [1] NCCL INFO Mem Alloc Size 4 pointer 0x7f1f00bb3c10
[1,1]<stdout>:user:7484:7568 [1] NCCL INFO Mem Alloc Size 4 pointer 0x7f1f00bb3bf0
[1,1]<stdout>:user:7484:7568 [1] NCCL INFO Mem Alloc Size 4 pointer 0x7f1f00bb3b70
[1,1]<stdout>:user:7484:7568 [1] NCCL INFO Mem Alloc Size 4 pointer 0x7f1f00bb3bf0
[1,1]<stdout>:user:7484:7568 [1] NCCL INFO Mem Alloc Size 4 pointer 0x7f1f00bb3c10
[1,1]<stdout>:user:7484:7568 [1] NCCL INFO Mem Alloc Size 4 pointer 0x7f1f00bb3b70
[1,1]<stdout>:user:7484:7568 [1] NCCL INFO Mem Alloc Size 4 pointer 0x7f1f00bb3c10
[1,1]<stdout>:user:7484:7568 [1] NCCL INFO Mem Alloc Size 4 pointer 0x7f1f00bb3bf0
[1,1]<stdout>:user:7484:7568 [1] NCCL INFO Mem Alloc Size 4 pointer 0x7f1f00bb3b70
[1,1]<stdout>:user:7484:7568 [1] NCCL INFO Mem Alloc Size 4 pointer 0x7f1f00bb3bf0
[1,1]<stdout>:user:7484:7568 [1] NCCL INFO Mem Alloc Size 4 pointer 0x7f1f00bb3c10
[1,1]<stdout>:user:7484:7568 [1] NCCL INFO Mem Alloc Size 4 pointer 0x7f1f00bb3b70
[1,1]<stdout>:user:7484:7568 [1] NCCL INFO Mem Alloc Size 4 pointer 0x7f1f00bb3c10
[1,1]<stdout>:user:7484:7568 [1] NCCL INFO Mem Alloc Size 4 pointer 0x7f1f00bb3bf0
[1,1]<stdout>:user:7484:7568 [1] NCCL INFO Mem Alloc Size 4 pointer 0x7f1f00bb3b70
[1,1]<stdout>:user:7484:7568 [1] NCCL INFO Mem Alloc Size 4 pointer 0x7f1f00bb3bf0
[1,1]<stdout>:user:7484:7568 [1] NCCL INFO Mem Alloc Size 4 pointer 0x7f1f00bb3c10
[1,1]<stdout>:user:7484:7568 [1] NCCL INFO Mem Alloc Size 4 pointer 0x7f1f00bb3b70
[1,1]<stdout>:user:7484:7568 [1] NCCL INFO Mem Alloc Size 4 pointer 0x7f1f00bb3c10
[1,1]<stdout>:user:7484:7568 [1] NCCL INFO Mem Alloc Size 4 pointer 0x7f1f00bb3bf0
[1,1]<stdout>:user:7484:7568 [1] NCCL INFO Mem Alloc Size 4 pointer 0x7f1f00bb3b70
[1,1]<stdout>:user:7484:7568 [1] NCCL INFO Mem Alloc Size 4 pointer 0x7f1f00bb3bf0
[1,1]<stdout>:user:7484:7568 [1] NCCL INFO Mem Alloc Size 4 pointer 0x7f1f00bb3c10
[1,1]<stdout>:user:7484:7568 [1] NCCL INFO Mem Alloc Size 4 pointer 0x7f1f00bb3b70
[1,1]<stdout>:user:7484:7568 [1] NCCL INFO Mem Alloc Size 4 pointer 0x7f1f00bb3c10
[1,1]<stdout>:user:7484:7568 [1] NCCL INFO Mem Alloc Size 4 pointer 0x7f1f00bb3bf0
[1,1]<stdout>:user:7484:7568 [1] NCCL INFO Mem Alloc Size 4 pointer 0x7f1f00bb3b70
[1,1]<stdout>:user:7484:7568 [1] NCCL INFO Mem Alloc Size 4 pointer 0x7f1f00bb3bf0
[1,1]<stdout>:user:7484:7568 [1] NCCL INFO Mem Alloc Size 4 pointer 0x7f1f00bb3c10
[1,1]<stdout>:user:7484:7568 [1] NCCL INFO Mem Alloc Size 4 pointer 0x7f1f00bb3b70
[1,1]<stdout>:user:7484:7568 [1] NCCL INFO Mem Alloc Size 4 pointer 0x7f1f00bb3c10
[1,1]<stdout>:user:7484:7568 [1] NCCL INFO Mem Alloc Size 4 pointer 0x7f1f00bb3bf0
[1,1]<stdout>:user:7484:7568 [1] NCCL INFO Mem Alloc Size 4 pointer 0x7f1f00bb3b70
[1,1]<stdout>:user:7484:7568 [1] NCCL INFO Mem Alloc Size 4 pointer 0x7f1f00bb3bf0
[1,1]<stdout>:user:7484:7568 [1] NCCL INFO Mem Alloc Size 4 pointer 0x7f1f00bb3c10
[1,1]<stdout>:user:7484:7568 [1] NCCL INFO Mem Alloc Size 4 pointer 0x7f1f00bb3b70
[1,1]<stdout>:user:7484:7568 [1] NCCL INFO Mem Alloc Size 4 pointer 0x7f1f00bb3c10
[1,1]<stdout>:user:7484:7568 [1] NCCL INFO Mem Alloc Size 4 pointer 0x7f1f00bb3bf0
[1,1]<stdout>:user:7484:7568 [1] NCCL INFO Mem Alloc Size 4 pointer 0x7f1f00bb3b70
[1,1]<stdout>:user:7484:7568 [1] NCCL INFO Mem Alloc Size 4 pointer 0x7f1f00bb3bf0
[1,1]<stdout>:user:7484:7568 [1] NCCL INFO Mem Alloc Size 4 pointer 0x7f1f00bb3c10
[1,1]<stdout>:user:7484:7568 [1] NCCL INFO Mem Alloc Size 4 pointer 0x7f1f00bb3b70
[1,1]<stdout>:user:7484:7568 [1] NCCL INFO Mem Alloc Size 4 pointer 0x7f1f00bb3c10
[1,1]<stdout>:user:7484:7568 [1] NCCL INFO Mem Alloc Size 4 pointer 0x7f1f00bb3bf0
[1,1]<stdout>:user:7484:7568 [1] NCCL INFO Mem Alloc Size 4 pointer 0x7f1f00bb3b70
[1,1]<stdout>:user:7484:7568 [1] NCCL INFO Mem Alloc Size 4 pointer 0x7f1f00bb3bf0
[1,1]<stdout>:user:7484:7568 [1] NCCL INFO Mem Alloc Size 4 pointer 0x7f1f00bb3c10
[1,1]<stdout>:user:7484:7568 [1] NCCL INFO Pattern 3, crossNic 0, nChannels 0, speed 0.000000/0.000000, type NVL/PIX, sameChannels 1
[1,1]<stdout>:user:7484:7568 [1] NCCL INFO Mem Alloc Size 2952 pointer 0x7f1f00bb3bd0
[1,1]<stdout>:user:7484:7568 [1] NCCL INFO Mem Alloc Size 12 pointer 0x7f1f00bb3b70
[1,1]<stdout>:user:7484:7568 [1] NCCL INFO Mem Alloc Size 12 pointer 0x7f1f00bb4760
[1,1]<stdout>:user:7484:7568 [1] NCCL INFO Mem Alloc Size 24 pointer 0x7f1f00bb4780
[1,1]<stdout>:user:7484:7568 [1] NCCL INFO Mem Alloc Size 384 pointer 0x7f1f00bb47a0
[1,1]<stdout>:user:7484:7568 [1] NCCL INFO Mem Alloc Size 384 pointer 0x7f1f002d4d90
[1,1]<stdout>:user:7484:7568 [1] NCCL INFO Mem Alloc Size 384 pointer 0x7f1f002d4f20
[1,1]<stdout>:user:7484:7568 [1] NCCL INFO Mem Alloc Size 384 pointer 0x7f1f002d50b0
[1,1]<stdout>:user:7484:7568 [1] NCCL INFO Mem Alloc Size 384 pointer 0x7f1f002d5240
[1,1]<stdout>:user:7484:7568 [1] NCCL INFO Mem Alloc Size 384 pointer 0x7f1f002d53d0
[1,1]<stdout>:user:7484:7568 [1] NCCL INFO Mem Alloc Size 384 pointer 0x7f1f002d5560
[1,1]<stdout>:user:7484:7568 [1] NCCL INFO Mem Alloc Size 384 pointer 0x7f1f002d56f0
[1,1]<stdout>:user:7484:7568 [1] NCCL INFO Mem Alloc Size 8 pointer 0x7f1f002d5880
[1,1]<stdout>:user:7484:7568 [1] NCCL INFO Mem Alloc Size 8 pointer 0x7f1f002d58a0
[1,1]<stdout>:user:7484:7568 [1] NCCL INFO Mem Alloc Size 8 pointer 0x7f1f002d58c0
[1,1]<stdout>:user:7484:7568 [1] NCCL INFO Trees [0] -1/-1/-1->1->0 [1] -1/-1/-1->1->0
[1,1]<stdout>:user:7484:7568 [1] NCCL INFO Setting affinity for GPU 1 to ff,ffffffff
[1,0]<stdout>:user:7483:7566 [0] NCCL INFO Mem Alloc Size 12 pointer 0x7f2a982de3a0
[1,0]<stdout>:user:7483:7566 [0] NCCL INFO Mem Alloc Size 12 pointer 0x7f2a982def90
[1,0]<stdout>:user:7483:7566 [0] NCCL INFO Mem Alloc Size 24 pointer 0x7f2a982defb0
[1,0]<stdout>:user:7483:7566 [0] NCCL INFO Mem Alloc Size 384 pointer 0x7f2a982defd0
[1,1]<stdout>:user:7484:7568 [1] NCCL INFO Cuda Alloc Size 12 pointer 0x7f1e79e00000
[1,1]<stdout>:user:7484:7568 [1] NCCL INFO Mem Alloc Size 12 pointer 0x7f1f00bb3bb0
[1,0]<stdout>:user:7483:7566 [0] NCCL INFO Mem Alloc Size 384 pointer 0x7f2a982df160
[1,0]<stdout>:user:7483:7566 [0] NCCL INFO Mem Alloc Size 384 pointer 0x7f2a982df2f0
[1,0]<stdout>:user:7483:7566 [0] NCCL INFO Mem Alloc Size 384 pointer 0x7f2a982df480
[1,0]<stdout>:user:7483:7566 [0] NCCL INFO Mem Alloc Size 384 pointer 0x7f2a982df610
[1,0]<stdout>:user:7483:7566 [0] NCCL INFO Mem Alloc Size 384 pointer 0x7f2a982df7a0
[1,0]<stdout>:user:7483:7566 [0] NCCL INFO Mem Alloc Size 384 pointer 0x7f2a982df930
[1,0]<stdout>:user:7483:7566 [0] NCCL INFO Mem Alloc Size 384 pointer 0x7f2a982dfac0
[1,2]<stdout>:nsslab2-System-Product-Name:2293:2311 [0] NCCL INFO Mem Alloc Size 12 pointer 0x7f1c583353e0
[1,2]<stdout>:nsslab2-System-Product-Name:2293:2311 [0] NCCL INFO Mem Alloc Size 12 pointer 0x7f1c58335420
[1,2]<stdout>:nsslab2-System-Product-Name:2293:2311 [0] NCCL INFO Mem Alloc Size 24 pointer 0x7f1c58335440
[1,2]<stdout>:nsslab2-System-Product-Name:2293:2311 [0] NCCL INFO Mem Alloc Size 384 pointer 0x7f1c58335460
[1,2]<stdout>:nsslab2-System-Product-Name:2293:2311 [0] NCCL INFO Mem Alloc Size 384 pointer 0x7f1c583355f0
[1,1]<stdout>:user:7484:7568 [1] NCCL INFO Cuda Alloc Size 2176 pointer 0x7f1e79e00200
[1,1]<stdout>:user:7484:7568 [1] NCCL INFO Mem Alloc Size 2176 pointer 0x7f1f002d5e10
[1,0]<stdout>:user:7483:7566 [0] NCCL INFO Mem Alloc Size 8 pointer 0x7f2a982dfc50
[1,0]<stdout>:user:7483:7566 [0] NCCL INFO Mem Alloc Size 8 pointer 0x7f2a982dfc70
[1,0]<stdout>:user:7483:7566 [0] NCCL INFO Mem Alloc Size 8 pointer 0x7f2a982dfc90
[1,0]<stdout>:user:7483:7566 [0] NCCL INFO Tree 0 : -1 -> 0 -> 1/2/-1
[1,0]<stdout>:user:7483:7566 [0] NCCL INFO Tree 1 : 2 -> 0 -> 1/-1/-1
[1,0]<stdout>:user:7483:7566 [0] NCCL INFO Channel 00/02 :    0   1   2
[1,2]<stdout>:nsslab2-System-Product-Name:2293:2311 [0] NCCL INFO Mem Alloc Size 384 pointer 0x7f1c583bbc20
[1,2]<stdout>:nsslab2-System-Product-Name:2293:2311 [0] NCCL INFO Mem Alloc Size 384 pointer 0x7f1c583bbdb0
[1,2]<stdout>:nsslab2-System-Product-Name:2293:2311 [0] NCCL INFO Mem Alloc Size 384 pointer 0x7f1c583bbf40
[1,2]<stdout>:nsslab2-System-Product-Name:2293:2311 [0] NCCL INFO Mem Alloc Size 384 pointer 0x7f1c583bc0d0
[1,2]<stdout>:nsslab2-System-Product-Name:2293:2311 [0] NCCL INFO Mem Alloc Size 384 pointer 0x7f1c583bc260
[1,2]<stdout>:nsslab2-System-Product-Name:2293:2311 [0] NCCL INFO Mem Alloc Size 384 pointer 0x7f1c583bc3f0
[1,2]<stdout>:nsslab2-System-Product-Name:2293:2311 [0] NCCL INFO Mem Alloc Size 8 pointer 0x7f1c583bc580
[1,2]<stdout>:nsslab2-System-Product-Name:2293:2311 [0] NCCL INFO Mem Alloc Size 8 pointer 0x7f1c583bc5a0
[1,2]<stdout>:nsslab2-System-Product-Name:2293:2311 [0] NCCL INFO Mem Alloc Size 8 pointer 0x7f1c583bc5c0
[1,2]<stdout>:nsslab2-System-Product-Name:2293:2311 [0] NCCL INFO Tree 0 : 0 -> 2 -> -1/-1/-1
[1,2]<stdout>:nsslab2-System-Product-Name:2293:2311 [0] NCCL INFO Tree 1 : -1 -> 2 -> 0/-1/-1
[1,1]<stdout>:user:7484:7568 [1] NCCL INFO Cuda Host Alloc Size 1048576 pointer 0x7f1e79c00200
[1,0]<stdout>:user:7483:7566 [0] NCCL INFO Channel 01/02 :    0   1   2
[1,0]<stdout>:user:7483:7566 [0] NCCL INFO Trees [0] 1/2/-1->0->-1 [1] 1/-1/-1->0->2
[1,0]<stdout>:user:7483:7566 [0] NCCL INFO Setting affinity for GPU 0 to ff,ffffffff
[1,2]<stdout>:nsslab2-System-Product-Name:2293:2311 [0] NCCL INFO Trees [0] -1/-1/-1->2->0 [1] 0/-1/-1->2->-1
[1,1]<stdout>:user:7484:7568 [1] NCCL INFO Cuda Alloc Size 12 pointer 0x7f1e79e00c00
[1,1]<stdout>:user:7484:7568 [1] NCCL INFO Mem Alloc Size 12 pointer 0x7f1f002d72e0
[1,1]<stdout>:user:7484:7568 [1] NCCL INFO Cuda Alloc Size 2176 pointer 0x7f1e79e00e00
[1,1]<stdout>:user:7484:7568 [1] NCCL INFO Mem Alloc Size 2176 pointer 0x7f1f002d78d0
[1,2]<stdout>:nsslab2-System-Product-Name:2293:2311 [0] NCCL INFO Cuda Alloc Size 12 pointer 0x7f1bf6200000
[1,2]<stdout>:nsslab2-System-Product-Name:2293:2311 [0] NCCL INFO Mem Alloc Size 12 pointer 0x7f1c583c50d0
[1,2]<stdout>:nsslab2-System-Product-Name:2293:2311 [0] NCCL INFO Cuda Alloc Size 2176 pointer 0x7f1bf6200200
[1,2]<stdout>:nsslab2-System-Product-Name:2293:2311 [0] NCCL INFO Mem Alloc Size 2176 pointer 0x7f1c583c56c0
[1,2]<stdout>:nsslab2-System-Product-Name:2293:2311 [0] NCCL INFO Cuda Host Alloc Size 1048576 pointer 0x7f1bf6000200
[1,2]<stdout>:nsslab2-System-Product-Name:2293:2311 [0] NCCL INFO Cuda Alloc Size 12 pointer 0x7f1bf6200c00
[1,2]<stdout>:nsslab2-System-Product-Name:2293:2311 [0] NCCL INFO Mem Alloc Size 12 pointer 0x7f1c583c6b90
[1,0]<stdout>:user:7483:7566 [0] NCCL INFO Cuda Alloc Size 12 pointer 0x7f2a25e00000
[1,0]<stdout>:user:7483:7566 [0] NCCL INFO Mem Alloc Size 12 pointer 0x7f2a982de3e0
[1,2]<stdout>:nsslab2-System-Product-Name:2293:2311 [0] NCCL INFO Cuda Alloc Size 2176 pointer 0x7f1bf6200e00
[1,2]<stdout>:nsslab2-System-Product-Name:2293:2311 [0] NCCL INFO Mem Alloc Size 2176 pointer 0x7f1c583c7180
[1,0]<stdout>:user:7483:7566 [0] NCCL INFO Cuda Alloc Size 2176 pointer 0x7f2a25e00200
[1,0]<stdout>:user:7483:7566 [0] NCCL INFO Mem Alloc Size 2176 pointer 0x7f2a982e01e0
[1,0]<stdout>:user:7483:7566 [0] NCCL INFO Cuda Host Alloc Size 1048576 pointer 0x7f2a25c00200
[1,0]<stdout>:user:7483:7566 [0] NCCL INFO Cuda Alloc Size 12 pointer 0x7f2a25e00c00
[1,0]<stdout>:user:7483:7566 [0] NCCL INFO Mem Alloc Size 12 pointer 0x7f2a982e16b0
[1,0]<stdout>:user:7483:7566 [0] NCCL INFO Cuda Alloc Size 2176 pointer 0x7f2a25e00e00
[1,0]<stdout>:user:7483:7566 [0] NCCL INFO Mem Alloc Size 2176 pointer 0x7f2a982e1ca0
[1,1]<stdout>:user:7484:7568 [1] NCCL INFO Cuda Host Alloc Size 1048576 pointer 0x7f1e76000000
[1,1]<stdout>:user:7484:7568 [1] NCCL INFO Mem Alloc Size 48 pointer 0x7f1f002d9220
[1,0]<stdout>:user:7483:7566 [0] NCCL INFO Cuda Host Alloc Size 1048576 pointer 0x7f2a22000000
[1,0]<stdout>:user:7483:7566 [0] NCCL INFO Mem Alloc Size 160 pointer 0x7f2a982e35d0
[1,0]<stdout>:user:7483:7566 [0] NCCL INFO Cuda Host Alloc Size 4104 pointer 0x7f2a25d00200
[1,0]<stdout>:user:7483:7566 [0] NCCL INFO Cuda Host Alloc Size 4104 pointer 0x7f2a25d01400
[1,2]<stdout>:nsslab2-System-Product-Name:2293:2311 [0] NCCL INFO Cuda Host Alloc Size 1048576 pointer 0x7f1bf6400000
[1,2]<stdout>:nsslab2-System-Product-Name:2293:2311 [0] NCCL INFO Mem Alloc Size 160 pointer 0x7f1c583c8830
[1,2]<stdout>:nsslab2-System-Product-Name:2293:2311 [0] NCCL INFO Cuda Host Alloc Size 4104 pointer 0x7f1bf6100200
[1,2]<stdout>:nsslab2-System-Product-Name:2293:2311 [0] NCCL INFO Cuda Host Alloc Size 4104 pointer 0x7f1bf6101400
[1,0]<stdout>:user:7483:7566 [0] NCCL INFO Cuda Host Alloc Size 9633792 pointer 0x7f2a22200000
[1,0]<stdout>:user:7483:7566 [0] NCCL INFO Channel 00 : 2[9000] -> 0[85000] [receive] via NET/Socket/0
[1,0]<stdout>:user:7483:7566 [0] NCCL INFO Mem Alloc Size 12 pointer 0x7f2a982e4f90
[1,0]<stdout>:user:7483:7566 [0] NCCL INFO Mem Alloc Size 160 pointer 0x7f2a982e4fb0
[1,0]<stdout>:user:7483:7566 [0] NCCL INFO Cuda Host Alloc Size 4104 pointer 0x7f2a25d02600
[1,0]<stdout>:user:7483:7566 [0] NCCL INFO Cuda Host Alloc Size 4104 pointer 0x7f2a25d03800
[1,1]<stdout>:user:7484:7568 [1] NCCL INFO Mem Alloc Size 48 pointer 0x7f1f002da1b0
[1,2]<stdout>:nsslab2-System-Product-Name:2293:2311 [0] NCCL INFO Cuda Host Alloc Size 9633792 pointer 0x7f1bf6600000
[1,2]<stdout>:nsslab2-System-Product-Name:2293:2311 [0] NCCL INFO Channel 00 : 1[bc000] -> 2[9000] [receive] via NET/Socket/0
[1,2]<stdout>:nsslab2-System-Product-Name:2293:2311 [0] NCCL INFO Mem Alloc Size 12 pointer 0x7f1c583ca160
[1,2]<stdout>:nsslab2-System-Product-Name:2293:2311 [0] NCCL INFO Mem Alloc Size 160 pointer 0x7f1c583ca180
[1,2]<stdout>:nsslab2-System-Product-Name:2293:2311 [0] NCCL INFO Cuda Host Alloc Size 4104 pointer 0x7f1bf6102600
[1,2]<stdout>:nsslab2-System-Product-Name:2293:2311 [0] NCCL INFO Cuda Host Alloc Size 4104 pointer 0x7f1bf6103800
[1,0]<stdout>:user:7483:7566 [0] NCCL INFO Cuda Host Alloc Size 9633792 pointer 0x7f2a22c00000
[1,0]<stdout>:user:7483:7566 [0] NCCL INFO Channel 01 : 2[9000] -> 0[85000] [receive] via NET/Socket/0
[1,0]<stdout>:user:7483:7566 [0] NCCL INFO Mem Alloc Size 12 pointer 0x7f2a982e6bf0
[1,0]<stdout>:user:7483:7566 [0] NCCL INFO Mem Alloc Size 48 pointer 0x7f2a982e6c10
[1,0]<stdout>:user:7483:7566 [0] NCCL INFO Channel 00 : 0[85000] -> 1[bc000] via direct shared memory
[1,0]<stdout>:user:7483:7566 [0] NCCL INFO Mem Alloc Size 48 pointer 0x7f2a982e7ba0
[1,0]<stdout>:user:7483:7566 [0] NCCL INFO Channel 01 : 0[85000] -> 1[bc000] via direct shared memory
[1,1]<stdout>:user:7484:7568 [1] NCCL INFO Mem Alloc Size 120 pointer 0x7f1f002daf60
[1,1]<stdout>:user:7484:7568 [1] NCCL INFO Cuda Host Alloc Size 4104 pointer 0x7f1e79d00200
[1,1]<stdout>:user:7484:7568 [1] NCCL INFO Cuda Host Alloc Size 4104 pointer 0x7f1e79d01400
[1,2]<stdout>:nsslab2-System-Product-Name:2293:2311 [0] NCCL INFO Cuda Host Alloc Size 9633792 pointer 0x7f1bf7000000
[1,2]<stdout>:nsslab2-System-Product-Name:2293:2311 [0] NCCL INFO Channel 01 : 1[bc000] -> 2[9000] [receive] via NET/Socket/0
[1,2]<stdout>:nsslab2-System-Product-Name:2293:2311 [0] NCCL INFO Mem Alloc Size 12 pointer 0x7f1c583cbcc0
[1,2]<stdout>:nsslab2-System-Product-Name:2293:2311 [0] NCCL INFO Mem Alloc Size 120 pointer 0x7f1c583cbce0
[1,2]<stdout>:nsslab2-System-Product-Name:2293:2311 [0] NCCL INFO Cuda Host Alloc Size 4104 pointer 0x7f1bf6104a00
[1,2]<stdout>:nsslab2-System-Product-Name:2293:2311 [0] NCCL INFO Cuda Host Alloc Size 4104 pointer 0x7f1bf6105c00
[1,1]<stdout>:user:7484:7568 [1] NCCL INFO Cuda Host Alloc Size 9633792 pointer 0x7f1e76200000
[1,1]<stdout>:user:7484:7568 [1] NCCL INFO Channel 00 : 1[bc000] -> 2[9000] [send] via NET/Socket/0
[1,1]<stdout>:user:7484:7568 [1] NCCL INFO Mem Alloc Size 120 pointer 0x7f1f002dc880
[1,1]<stdout>:user:7484:7568 [1] NCCL INFO Cuda Host Alloc Size 4104 pointer 0x7f1e79d02600
[1,1]<stdout>:user:7484:7568 [1] NCCL INFO Cuda Host Alloc Size 4104 pointer 0x7f1e79d03800
[1,1]<stdout>:user:7484:7568 [1] NCCL INFO Cuda Host Alloc Size 9633792 pointer 0x7f1e76c00000
[1,1]<stdout>:user:7484:7568 [1] NCCL INFO Channel 01 : 1[bc000] -> 2[9000] [send] via NET/Socket/0
[1,1]<stdout>:user:7484:7568 [1] NCCL INFO Mem Alloc Size 24 pointer 0x7f1f002de3b0
[1,2]<stdout>:nsslab2-System-Product-Name:2293:2311 [0] NCCL INFO Cuda Host Alloc Size 9633792 pointer 0x7f1bee000000
[1,2]<stdout>:nsslab2-System-Product-Name:2293:2311 [0] NCCL INFO Channel 00 : 2[9000] -> 0[85000] [send] via NET/Socket/0
[1,2]<stdout>:nsslab2-System-Product-Name:2293:2311 [0] NCCL INFO Mem Alloc Size 120 pointer 0x7f1c583cda60
[1,2]<stdout>:nsslab2-System-Product-Name:2293:2311 [0] NCCL INFO Cuda Host Alloc Size 4104 pointer 0x7f1bf6106e00
[1,2]<stdout>:nsslab2-System-Product-Name:2293:2311 [0] NCCL INFO Cuda Host Alloc Size 4104 pointer 0x7f1bf6108000
[1,2]<stdout>:nsslab2-System-Product-Name:2293:2311 [0] NCCL INFO Cuda Host Alloc Size 9633792 pointer 0x7f1beea00000
[1,2]<stdout>:nsslab2-System-Product-Name:2293:2311 [0] NCCL INFO Channel 01 : 2[9000] -> 0[85000] [send] via NET/Socket/0
[1,1]<stdout>:user:7484:7568 [1] NCCL INFO Mem Alloc Size 6800 pointer 0x7f1f002de3d0
[1,2]<stdout>:nsslab2-System-Product-Name:2293:2311 [0] NCCL INFO Mem Alloc Size 6800 pointer 0x7f1c583cf570
[1,1]<stdout>:user:7484:7568 [1] NCCL INFO Mem Alloc Size 6800 pointer 0x7f1f002dfe70
[1,2]<stdout>:nsslab2-System-Product-Name:2293:2311 [0] NCCL INFO Mem Alloc Size 6800 pointer 0x7f1c583d1010
[1,2]<stdout>:nsslab2-System-Product-Name:2293:2311 [0] NCCL INFO Mem Alloc Size 6800 pointer 0x7f1c583d2ab0
[1,2]<stdout>:nsslab2-System-Product-Name:2293:2311 [0] NCCL INFO Mem Alloc Size 6800 pointer 0x7f1c583d4550
[1,2]<stdout>:nsslab2-System-Product-Name:2293:2311 [0] NCCL INFO Connected all rings
[1,2]<stdout>:nsslab2-System-Product-Name:2293:2311 [0] NCCL INFO Mem Alloc Size 160 pointer 0x7f1c583354b0
[1,1]<stdout>:user:7484:7568 [1] NCCL INFO Connected all rings
[1,1]<stdout>:user:7484:7568 [1] NCCL INFO Mem Alloc Size 48 pointer 0x7f1f002d57f0
[1,2]<stdout>:nsslab2-System-Product-Name:2293:2311 [0] NCCL INFO Cuda Host Alloc Size 4104 pointer 0x7f1bf6109200
[1,2]<stdout>:nsslab2-System-Product-Name:2293:2311 [0] NCCL INFO Cuda Host Alloc Size 4104 pointer 0x7f1bf610a400
[1,1]<stdout>:user:7484:7568 [1] NCCL INFO Channel 00 : 1[bc000] -> 0[85000] via direct shared memory
[1,1]<stdout>:user:7484:7568 [1] NCCL INFO Mem Alloc Size 48 pointer 0x7f1f002e4760
[1,1]<stdout>:user:7484:7568 [1] NCCL INFO Channel 01 : 1[bc000] -> 0[85000] via direct shared memory
[1,0]<stdout>:user:7483:7566 [0] NCCL INFO Mem Alloc Size 6800 pointer 0x7f2a982eaa70
[1,0]<stdout>:user:7483:7566 [0] NCCL INFO Mem Alloc Size 6800 pointer 0x7f2a982ec510
[1,0]<stdout>:user:7483:7566 [0] NCCL INFO Connected all rings
[1,0]<stdout>:user:7483:7566 [0] NCCL INFO Mem Alloc Size 48 pointer 0x7f2a982df020
[1,2]<stdout>:nsslab2-System-Product-Name:2293:2311 [0] NCCL INFO Cuda Host Alloc Size 9633792 pointer 0x7f1bef400000
[1,2]<stdout>:nsslab2-System-Product-Name:2293:2311 [0] NCCL INFO Channel 00 : 0[85000] -> 2[9000] [receive] via NET/Socket/0
[1,2]<stdout>:nsslab2-System-Product-Name:2293:2311 [0] NCCL INFO Mem Alloc Size 12 pointer 0x7f1c583d7a20
[1,2]<stdout>:nsslab2-System-Product-Name:2293:2311 [0] NCCL INFO Mem Alloc Size 160 pointer 0x7f1c583d7a40
[1,2]<stdout>:nsslab2-System-Product-Name:2293:2311 [0] NCCL INFO Cuda Host Alloc Size 4104 pointer 0x7f1bf610b600
[1,2]<stdout>:nsslab2-System-Product-Name:2293:2311 [0] NCCL INFO Cuda Host Alloc Size 4104 pointer 0x7f1bf610c800
[1,0]<stdout>:user:7483:7566 [0] NCCL INFO Mem Alloc Size 48 pointer 0x7f2a982eed80
[1,2]<stdout>:nsslab2-System-Product-Name:2293:2311 [0] NCCL INFO Cuda Host Alloc Size 9633792 pointer 0x7f1bec000000
[1,2]<stdout>:nsslab2-System-Product-Name:2293:2311 [0] NCCL INFO Channel 01 : 0[85000] -> 2[9000] [receive] via NET/Socket/0
[1,2]<stdout>:nsslab2-System-Product-Name:2293:2311 [0] NCCL INFO Mem Alloc Size 12 pointer 0x7f1c583d9750
[1,0]<stdout>:user:7483:7566 [0] NCCL INFO Mem Alloc Size 120 pointer 0x7f2a982ef9f0
[1,0]<stdout>:user:7483:7566 [0] NCCL INFO Cuda Host Alloc Size 4104 pointer 0x7f2a25d04a00
[1,0]<stdout>:user:7483:7566 [0] NCCL INFO Cuda Host Alloc Size 4104 pointer 0x7f2a25d05c00
[1,0]<stdout>:user:7483:7566 [0] NCCL INFO Cuda Host Alloc Size 9633792 pointer 0x7f2a23600000
[1,0]<stdout>:user:7483:7566 [0] NCCL INFO Channel 00 : 0[85000] -> 2[9000] [send] via NET/Socket/0
[1,0]<stdout>:user:7483:7566 [0] NCCL INFO Mem Alloc Size 120 pointer 0x7f2a982f1540
[1,0]<stdout>:user:7483:7566 [0] NCCL INFO Cuda Host Alloc Size 4104 pointer 0x7f2a25d06e00
[1,0]<stdout>:user:7483:7566 [0] NCCL INFO Cuda Host Alloc Size 4104 pointer 0x7f2a25d08000
[1,0]<stdout>:user:7483:7566 [0] NCCL INFO Cuda Host Alloc Size 9633792 pointer 0x7f2a1a000000
[1,0]<stdout>:user:7483:7566 [0] NCCL INFO Channel 01 : 0[85000] -> 2[9000] [send] via NET/Socket/0
[1,0]<stdout>:user:7483:7566 [0] NCCL INFO Mem Alloc Size 24 pointer 0x7f2a982f3330
[1,0]<stdout>:user:7483:7566 [0] NCCL INFO Mem Alloc Size 6800 pointer 0x7f2a982f3330
[1,2]<stdout>:nsslab2-System-Product-Name:2293:2311 [0] NCCL INFO Mem Alloc Size 6800 pointer 0x7f1c583d9770
[1,0]<stdout>:user:7483:7566 [0] NCCL INFO Mem Alloc Size 6800 pointer 0x7f2a982f4dd0
[1,2]<stdout>:nsslab2-System-Product-Name:2293:2311 [0] NCCL INFO Mem Alloc Size 6800 pointer 0x7f1c583db210
[1,2]<stdout>:nsslab2-System-Product-Name:2293:2311 [0] NCCL INFO Connected all trees
[1,0]<stdout>:user:7483:7566 [0] NCCL INFO Connected all trees
[1,0]<stdout>:user:7483:7566 [0] NCCL INFO Latency/AlgBw |    Tree/    LL |    Tree/ LL128 |    Tree/Simple |    Ring/    LL |    Ring/ LL128 |    Ring/Simple | CollNet/    LL | CollNet/ LL128 | CollNet/Simple |
[1,0]<stdout>:user:7483:7566 [0] NCCL INFO  Max NThreads |            512 |            640 |            512 |            512 |            640 |            256 |            512 |            640 |            512 |
[1,0]<stdout>:user:7483:7566 [0] NCCL INFO     Broadcast |     0.0/   0.0 |     0.0/   0.0 |     0.0/   0.0 |     6.3/   0.0 |    14.0/   0.0 |    18.0/   0.1 |     0.0/   0.0 |     0.0/   0.0 |     0.0/   0.0 |
[1,0]<stdout>:user:7483:7566 [0] NCCL INFO        Reduce |     0.0/   0.0 |     0.0/   0.0 |     0.0/   0.0 |     6.3/   0.0 |    14.0/   0.0 |    18.0/   0.1 |     0.0/   0.0 |     0.0/   0.0 |     0.0/   0.0 |
[1,0]<stdout>:user:7483:7566 [0] NCCL INFO     AllGather |     0.0/   0.0 |     0.0/   0.0 |     0.0/   0.0 |     8.1/   0.0 |    16.5/   0.0 |    23.7/   0.2 |     0.0/   0.0 |     0.0/   0.0 |     0.0/   0.0 |
[1,2]<stdout>:nsslab2-System-Product-Name:2293:2311 [0] NCCL INFO threadThresholds 8/8/64 | 24/8/64 | 8/8/512
[1,2]<stdout>:nsslab2-System-Product-Name:2293:2311 [0] NCCL INFO 2 coll channels, 2 p2p channels, 1 p2p channels per peer
[1,2]<stdout>:nsslab2-System-Product-Name:2293:2311 [0] NCCL INFO Mem Alloc Size 4 pointer 0x7f1c583ca160
[1,2]<stdout>:nsslab2-System-Product-Name:2293:2311 [0] NCCL INFO Mem Alloc Size 8 pointer 0x7f1c583ca160
[1,2]<stdout>:nsslab2-System-Product-Name:2293:2311 [0] NCCL INFO Mem Alloc Size 56 pointer 0x7f1c583dcd00
[1,0]<stdout>:user:7483:7566 [0] NCCL INFO ReduceScatter |     0.0/   0.0 |     0.0/   0.0 |     0.0/   0.0 |     8.1/   0.0 |    16.5/   0.0 |    23.7/   0.2 |     0.0/   0.0 |     0.0/   0.0 |     0.0/   0.0 |
[1,0]<stdout>:user:7483:7566 [0] NCCL INFO     AllReduce |    14.4/   0.0 |    21.4/   0.0 |    56.0/   0.1 |    12.6/   0.0 |    23.0/   0.0 |    39.0/   0.1 |     9.4/   0.0 |     9.4/   0.0 |    10.7/   0.0 |
[1,0]<stdout>:user:7483:7566 [0] NCCL INFO threadThresholds 8/8/64 | 24/8/64 | 8/8/512
[1,0]<stdout>:user:7483:7566 [0] NCCL INFO 2 coll channels, 2 p2p channels, 1 p2p channels per peer
[1,0]<stdout>:user:7483:7566 [0] NCCL INFO Mem Alloc Size 8 pointer 0x7f2a982e4f90
[1,0]<stdout>:user:7483:7566 [0] NCCL INFO Mem Alloc Size 8 pointer 0x7f2a982e4f90
[1,0]<stdout>:user:7483:7566 [0] NCCL INFO Mem Alloc Size 56 pointer 0x7f2a982f88f0
[1,0]<stdout>:user:7483:7566 [0] NCCL INFO Mem Alloc Size 4 pointer 0x7f2a982f8930
[1,0]<stdout>:user:7483:7566 [0] NCCL INFO Mem Alloc Size 4 pointer 0x7f2a982f8950
[1,0]<stdout>:user:7483:7566 [0] NCCL INFO Mem Alloc Size 4 pointer 0x7f2a982f8970
[1,2]<stdout>:nsslab2-System-Product-Name:2293:2311 [0] NCCL INFO Mem Alloc Size 4 pointer 0x7f1c583d9750
[1,2]<stdout>:nsslab2-System-Product-Name:2293:2311 [0] NCCL INFO Mem Alloc Size 4 pointer 0x7f1c583d7a20
[1,2]<stdout>:nsslab2-System-Product-Name:2293:2311 [0] NCCL INFO Mem Alloc Size 4 pointer 0x7f1c583d6280
[1,2]<stdout>:nsslab2-System-Product-Name:2293:2311 [0] NCCL INFO Cuda Alloc Size 1024 pointer 0x7f1bf6201800
[1,0]<stdout>:user:7483:7566 [0] NCCL INFO Cuda Alloc Size 1024 pointer 0x7f2a25e01800
[1,2]<stdout>:nsslab2-System-Product-Name:2293:2311 [0] NCCL INFO Cuda Alloc Size 40 pointer 0x7f1bf6201c00
[1,0]<stdout>:user:7483:7566 [0] NCCL INFO Cuda Alloc Size 40 pointer 0x7f2a25e01c00
[1,0]<stdout>:user:7483:7566 [0] NCCL INFO comm 0x7f2a98247800 rank 0 nranks 3 cudaDev 0 busId 85000 - Init COMPLETE
[1,2]<stdout>:nsslab2-System-Product-Name:2293:2311 [0] NCCL INFO comm 0x7f1c58335d60 rank 2 nranks 3 cudaDev 0 busId 9000 - Init COMPLETE
[1,1]<stdout>:user:7484:7568 [1] NCCL INFO Connected all trees
[1,1]<stdout>:user:7484:7568 [1] NCCL INFO threadThresholds 8/8/64 | 24/8/64 | 8/8/512
[1,1]<stdout>:user:7484:7568 [1] NCCL INFO 2 coll channels, 2 p2p channels, 1 p2p channels per peer
[1,1]<stdout>:user:7484:7568 [1] NCCL INFO Mem Alloc Size 8 pointer 0x7f1f002e76d0
[1,1]<stdout>:user:7484:7568 [1] NCCL INFO Mem Alloc Size 8 pointer 0x7f1f002e76d0
[1,1]<stdout>:user:7484:7568 [1] NCCL INFO Mem Alloc Size 56 pointer 0x7f1f002e7790
[1,1]<stdout>:user:7484:7568 [1] NCCL INFO Mem Alloc Size 4 pointer 0x7f1f002e77d0
[1,1]<stdout>:user:7484:7568 [1] NCCL INFO Mem Alloc Size 4 pointer 0x7f1f002e77f0
[1,1]<stdout>:user:7484:7568 [1] NCCL INFO Mem Alloc Size 4 pointer 0x7f1f002e7810
[1,1]<stdout>:user:7484:7568 [1] NCCL INFO Cuda Alloc Size 1024 pointer 0x7f1e79e01800
[1,1]<stdout>:user:7484:7568 [1] NCCL INFO Cuda Alloc Size 40 pointer 0x7f1e79e01c00
[1,1]<stdout>:user:7484:7568 [1] NCCL INFO comm 0x7f1f00245250 rank 1 nranks 3 cudaDev 1 busId bc000 - Init COMPLETE
[1,1]<stdout>:user:7484:7568 [1] NCCL INFO Broadcast: opCount 0 sendbuff 0x7f1ebac00400 recvbuff 0x7f1ebac00400 count 40 datatype 0 op 0 root 0 comm 0x7f1f00245250 [nranks=3] stream 0x7f1f00237010
[1,1]<stdout>:user:7484:7568 [1] NCCL INFO Mem Alloc Size 5944 pointer 0x7f1f002e8260
[1,1]<stdout>:user:7484:7568 [1] NCCL INFO Mem Alloc Size 5944 pointer 0x7f1f002e99a0
[1,0]<stdout>:user:7483:7566 [0] NCCL INFO Broadcast: opCount 0 sendbuff 0x7f2a66c00400 recvbuff 0x7f2a66c00400 count 40 datatype 0 op 0 root 0 comm 0x7f2a98247800 [nranks=3] stream 0x7f2a98230dd0
[1,0]<stdout>:user:7483:7566 [0] NCCL INFO Mem Alloc Size 5944 pointer 0x7f2a982f9590
[1,0]<stdout>:user:7483:7566 [0] NCCL INFO Mem Alloc Size 5944 pointer 0x7f2a982facd0
[1,0]<stdout>:user:7483:7566 [0] NCCL INFO Launch mode Parallel
[1,2]<stdout>:nsslab2-System-Product-Name:2293:2311 [0] NCCL INFO Broadcast: opCount 0 sendbuff 0x7f1c2f200400 recvbuff 0x7f1c2f200400 count 40 datatype 0 op 0 root 0 comm 0x7f1c58335d60 [nranks=3] stream 0x6bb1ed00
[1,2]<stdout>:nsslab2-System-Product-Name:2293:2311 [0] NCCL INFO Mem Alloc Size 5944 pointer 0x7f1c583dd720
[1,2]<stdout>:nsslab2-System-Product-Name:2293:2311 [0] NCCL INFO Mem Alloc Size 5944 pointer 0x7f1c583dee60
[1,1]<stdout>:user:7484:7568 [1] NCCL INFO Mem Alloc Size 751624 pointer 0x7f1f002eb0e0
[1,2]<stdout>:nsslab2-System-Product-Name:2293:2311 [0] NCCL INFO Mem Alloc Size 751624 pointer 0x7f1c583e05a0
[1,2]<stdout>:nsslab2-System-Product-Name:2293:2311 [0] NCCL INFO Broadcast: opCount 1 sendbuff 0x7f1c2f200000 recvbuff 0x7f1c2f200000 count 1000 datatype 0 op 0 root 0 comm 0x7f1c58335d60 [nranks=3] stream 0x6bb1ed00
[1,2]<stdout>:nsslab2-System-Product-Name:2293:2311 [0] NCCL INFO Broadcast: opCount 2 sendbuff 0x7f1c2f205600 recvbuff 0x7f1c2f205600 count 80 datatype 0 op 0 root 0 comm 0x7f1c58335d60 [nranks=3] stream 0x6bb1ed00
[1,2]<stdout>:nsslab2-System-Product-Name:2293:2311 [0] NCCL INFO Broadcast: opCount 3 sendbuff 0x7f1c2f200600 recvbuff 0x7f1c2f200600 count 20000 datatype 0 op 0 root 0 comm 0x7f1c58335d60 [nranks=3] stream 0x6bb1ed00
[1,2]<stdout>:nsslab2-System-Product-Name:2293:2311 [0] NCCL INFO Broadcast: opCount 4 sendbuff 0x7f1c2f215200 recvbuff 0x7f1c2f215200 count 200 datatype 0 op 0 root 0 comm 0x7f1c58335d60 [nranks=3] stream 0x6bb1ed00
[1,2]<stdout>:nsslab2-System-Product-Name:2293:2311 [0] NCCL INFO Broadcast: opCount 5 sendbuff 0x7f1c2f205800 recvbuff 0x7f1c2f205800 count 64000 datatype 0 op 0 root 0 comm 0x7f1c58335d60 [nranks=3] stream 0x6bb1ed00
[1,2]<stdout>:nsslab2-System-Product-Name:2293:2311 [0] NCCL INFO Broadcast: opCount 6 sendbuff 0x7f1c2f215c00 recvbuff 0x7f1c2f215c00 count 40 datatype 0 op 0 root 0 comm 0x7f1c58335d60 [nranks=3] stream 0x6bb1ed00
[1,2]<stdout>:nsslab2-System-Product-Name:2293:2311 [0] NCCL INFO Broadcast: opCount 7 sendbuff 0x7f1c2f215400 recvbuff 0x7f1c2f215400 count 2000 datatype 0 op 0 root 0 comm 0x7f1c58335d60 [nranks=3] stream 0x6bb1ed00
[1,0]<stdout>:user:7483:7566 [0] NCCL INFO Broadcast: opCount 0 sendbuff 0x7f2a66c00000 recvbuff 0x7f2a66c00000 count 1000 datatype 0 op 0 root 0 comm 0x7f2a98247800 [nranks=3] stream 0x7f2a98230dd0
[1,0]<stdout>:user:7483:7566 [0] NCCL INFO Broadcast: opCount 0 sendbuff 0x7f2a66c05600 recvbuff 0x7f2a66c05600 count 80 datatype 0 op 0 root 0 comm 0x7f2a98247800 [nranks=3] stream 0x7f2a98230dd0
[1,0]<stdout>:user:7483:7566 [0] NCCL INFO Broadcast: opCount 0 sendbuff 0x7f2a66c00600 recvbuff 0x7f2a66c00600 count 20000 datatype 0 op 0 root 0 comm 0x7f2a98247800 [nranks=3] stream 0x7f2a98230dd0
[1,0]<stdout>:user:7483:7566 [0] NCCL INFO Broadcast: opCount 0 sendbuff 0x7f2a66c15200 recvbuff 0x7f2a66c15200 count 200 datatype 0 op 0 root 0 comm 0x7f2a98247800 [nranks=3] stream 0x7f2a98230dd0
[1,0]<stdout>:user:7483:7566 [0] NCCL INFO Broadcast: opCount 0 sendbuff 0x7f2a66c05800 recvbuff 0x7f2a66c05800 count 64000 datatype 0 op 0 root 0 comm 0x7f2a98247800 [nranks=3] stream 0x7f2a98230dd0
[1,0]<stdout>:user:7483:7566 [0] NCCL INFO Broadcast: opCount 0 sendbuff 0x7f2a66c15c00 recvbuff 0x7f2a66c15c00 count 40 datatype 0 op 0 root 0 comm 0x7f2a98247800 [nranks=3] stream 0x7f2a98230dd0
[1,0]<stdout>:user:7483:7566 [0] NCCL INFO Broadcast: opCount 0 sendbuff 0x7f2a66c15400 recvbuff 0x7f2a66c15400 count 2000 datatype 0 op 0 root 0 comm 0x7f2a98247800 [nranks=3] stream 0x7f2a98230dd0
[1,1]<stdout>:user:7484:7568 [1] NCCL INFO Broadcast: opCount 1 sendbuff 0x7f1ebac00000 recvbuff 0x7f1ebac00000 count 1000 datatype 0 op 0 root 0 comm 0x7f1f00245250 [nranks=3] stream 0x7f1f00237010
[1,1]<stdout>:user:7484:7568 [1] NCCL INFO Broadcast: opCount 2 sendbuff 0x7f1ebac05600 recvbuff 0x7f1ebac05600 count 80 datatype 0 op 0 root 0 comm 0x7f1f00245250 [nranks=3] stream 0x7f1f00237010
[1,1]<stdout>:user:7484:7568 [1] NCCL INFO Broadcast: opCount 3 sendbuff 0x7f1ebac00600 recvbuff 0x7f1ebac00600 count 20000 datatype 0 op 0 root 0 comm 0x7f1f00245250 [nranks=3] stream 0x7f1f00237010
[1,1]<stdout>:user:7484:7568 [1] NCCL INFO Broadcast: opCount 4 sendbuff 0x7f1ebac15200 recvbuff 0x7f1ebac15200 count 200 datatype 0 op 0 root 0 comm 0x7f1f00245250 [nranks=3] stream 0x7f1f00237010
[1,1]<stdout>:user:7484:7568 [1] NCCL INFO Broadcast: opCount 5 sendbuff 0x7f1ebac05800 recvbuff 0x7f1ebac05800 count 64000 datatype 0 op 0 root 0 comm 0x7f1f00245250 [nranks=3] stream 0x7f1f00237010
[1,1]<stdout>:user:7484:7568 [1] NCCL INFO Broadcast: opCount 6 sendbuff 0x7f1ebac15c00 recvbuff 0x7f1ebac15c00 count 40 datatype 0 op 0 root 0 comm 0x7f1f00245250 [nranks=3] stream 0x7f1f00237010
[1,1]<stdout>:user:7484:7568 [1] NCCL INFO Broadcast: opCount 7 sendbuff 0x7f1ebac15400 recvbuff 0x7f1ebac15400 count 2000 datatype 0 op 0 root 0 comm 0x7f1f00245250 [nranks=3] stream 0x7f1f00237010
[1,0]<stdout>:user:7483:7566 [0] NCCL INFO Broadcast: opCount 0 sendbuff 0x7f2a66c2bc00 recvbuff 0x7f2a66c2bc00 count 1000 datatype 0 op 0 root 0 comm 0x7f2a98247800 [nranks=3] stream 0x7f2a98230dd0
[1,1]<stdout>:user:7484:7568 [1] NCCL INFO Broadcast: opCount 8 sendbuff 0x7f1ebac2bc00 recvbuff 0x7f1ebac2bc00 count 1000 datatype 0 op 0 root 0 comm 0x7f1f00245250 [nranks=3] stream 0x7f1f00237010
[1,0]<stdout>:user:7483:7566 [0] NCCL INFO Broadcast: opCount 0 sendbuff 0x7f2a66c2c000 recvbuff 0x7f2a66c2c000 count 40 datatype 0 op 0 root 0 comm 0x7f2a98247800 [nranks=3] stream 0x7f2a98230dd0
[1,1]<stdout>:user:7484:7568 [1] NCCL INFO Broadcast: opCount 9 sendbuff 0x7f1ebac2c000 recvbuff 0x7f1ebac2c000 count 40 datatype 0 op 0 root 0 comm 0x7f1f00245250 [nranks=3] stream 0x7f1f00237010
[1,1]<stdout>:user:7484:7568 [1] NCCL INFO Broadcast: opCount a sendbuff 0x7f1ebac2c200 recvbuff 0x7f1ebac2c200 count 20000 datatype 0 op 0 root 0 comm 0x7f1f00245250 [nranks=3] stream 0x7f1f00237010
[1,1]<stdout>:user:7484:7568 [1] NCCL INFO Broadcast: opCount b sendbuff 0x7f1ebac31200 recvbuff 0x7f1ebac31200 count 80 datatype 0 op 0 root 0 comm 0x7f1f00245250 [nranks=3] stream 0x7f1f00237010
[1,0]<stdout>:user:7483:7566 [0] NCCL INFO Broadcast: opCount 0 sendbuff 0x7f2a66c2c200 recvbuff 0x7f2a66c2c200 count 20000 datatype 0 op 0 root 0 comm 0x7f2a98247800 [nranks=3] stream 0x7f2a98230dd0
[1,1]<stdout>:user:7484:7568 [1] NCCL INFO Broadcast: opCount c sendbuff 0x7f1ebac31400 recvbuff 0x7f1ebac31400 count 64000 datatype 0 op 0 root 0 comm 0x7f1f00245250 [nranks=3] stream 0x7f1f00237010
[1,0]<stdout>:user:7483:7566 [0] NCCL INFO Broadcast: opCount 0 sendbuff 0x7f2a66c31200 recvbuff 0x7f2a66c31200 count 80 datatype 0 op 0 root 0 comm 0x7f2a98247800 [nranks=3] stream 0x7f2a98230dd0
[1,1]<stdout>:user:7484:7568 [1] NCCL INFO Broadcast: opCount d sendbuff 0x7f1ebac40e00 recvbuff 0x7f1ebac40e00 count 200 datatype 0 op 0 root 0 comm 0x7f1f00245250 [nranks=3] stream 0x7f1f00237010
[1,1]<stdout>:user:7484:7568 [1] NCCL INFO Broadcast: opCount e sendbuff 0x7f1ebac41000 recvbuff 0x7f1ebac41000 count 2000 datatype 0 op 0 root 0 comm 0x7f1f00245250 [nranks=3] stream 0x7f1f00237010
[1,1]<stdout>:user:7484:7568 [1] NCCL INFO Broadcast: opCount f sendbuff 0x7f1ebac41800 recvbuff 0x7f1ebac41800 count 40 datatype 0 op 0 root 0 comm 0x7f1f00245250 [nranks=3] stream 0x7f1f00237010
[1,0]<stdout>:user:7483:7566 [0] NCCL INFO Broadcast: opCount 0 sendbuff 0x7f2a66c31400 recvbuff 0x7f2a66c31400 count 64000 datatype 0 op 0 root 0 comm 0x7f2a98247800 [nranks=3] stream 0x7f2a98230dd0
[1,0]<stdout>:user:7483:7566 [0] NCCL INFO Broadcast: opCount 0 sendbuff 0x7f2a66c40e00 recvbuff 0x7f2a66c40e00 count 200 datatype 0 op 0 root 0 comm 0x7f2a98247800 [nranks=3] stream 0x7f2a98230dd0
[1,0]<stdout>:user:7483:7566 [0] NCCL INFO Broadcast: opCount 0 sendbuff 0x7f2a66c41000 recvbuff 0x7f2a66c41000 count 2000 datatype 0 op 0 root 0 comm 0x7f2a98247800 [nranks=3] stream 0x7f2a98230dd0
[1,2]<stdout>:nsslab2-System-Product-Name:2293:2311 [0] NCCL INFO Broadcast: opCount 8 sendbuff 0x7f1c2f22bc00 recvbuff 0x7f1c2f22bc00 count 1000 datatype 0 op 0 root 0 comm 0x7f1c58335d60 [nranks=3] stream 0x6bb1ed00
[1,0]<stdout>:user:7483:7566 [0] NCCL INFO Broadcast: opCount 0 sendbuff 0x7f2a66c41800 recvbuff 0x7f2a66c41800 count 40 datatype 0 op 0 root 0 comm 0x7f2a98247800 [nranks=3] stream 0x7f2a98230dd0
[1,2]<stdout>:nsslab2-System-Product-Name:2293:2311 [0] NCCL INFO Broadcast: opCount 9 sendbuff 0x7f1c2f22c000 recvbuff 0x7f1c2f22c000 count 40 datatype 0 op 0 root 0 comm 0x7f1c58335d60 [nranks=3] stream 0x6bb1ed00
[1,2]<stdout>:nsslab2-System-Product-Name:2293:2311 [0] NCCL INFO Broadcast: opCount a sendbuff 0x7f1c2f22c200 recvbuff 0x7f1c2f22c200 count 20000 datatype 0 op 0 root 0 comm 0x7f1c58335d60 [nranks=3] stream 0x6bb1ed00
[1,2]<stdout>:nsslab2-System-Product-Name:2293:2311 [0] NCCL INFO Broadcast: opCount b sendbuff 0x7f1c2f231200 recvbuff 0x7f1c2f231200 count 80 datatype 0 op 0 root 0 comm 0x7f1c58335d60 [nranks=3] stream 0x6bb1ed00
[1,2]<stdout>:nsslab2-System-Product-Name:2293:2311 [0] NCCL INFO Broadcast: opCount c sendbuff 0x7f1c2f231400 recvbuff 0x7f1c2f231400 count 64000 datatype 0 op 0 root 0 comm 0x7f1c58335d60 [nranks=3] stream 0x6bb1ed00
[1,2]<stdout>:nsslab2-System-Product-Name:2293:2311 [0] NCCL INFO Broadcast: opCount d sendbuff 0x7f1c2f240e00 recvbuff 0x7f1c2f240e00 count 200 datatype 0 op 0 root 0 comm 0x7f1c58335d60 [nranks=3] stream 0x6bb1ed00
[1,2]<stdout>:nsslab2-System-Product-Name:2293:2311 [0] NCCL INFO Broadcast: opCount e sendbuff 0x7f1c2f241000 recvbuff 0x7f1c2f241000 count 2000 datatype 0 op 0 root 0 comm 0x7f1c58335d60 [nranks=3] stream 0x6bb1ed00
[1,2]<stdout>:nsslab2-System-Product-Name:2293:2311 [0] NCCL INFO Broadcast: opCount f sendbuff 0x7f1c2f241800 recvbuff 0x7f1c2f241800 count 40 datatype 0 op 0 root 0 comm 0x7f1c58335d60 [nranks=3] stream 0x6bb1ed00
[1,2]<stdout>:nsslab2-System-Product-Name:2293:2311 [0] NCCL INFO AllReduce: opCount 10 sendbuff 0x7f1b68000000 recvbuff 0x7f1b68000000 count 16564 datatype 7 op 0 root 0 comm 0x7f1c58335d60 [nranks=3] stream 0x6bb1ed00
[1,0]<stdout>:user:7483:7566 [0] NCCL INFO AllReduce: opCount 0 sendbuff 0x7f298a000000 recvbuff 0x7f298a000000 count 16564 datatype 7 op 0 root 0 comm 0x7f2a98247800 [nranks=3] stream 0x7f2a98230dd0
[1,0]<stdout>:user:7483:7566 [0] NCCL INFO Mem Alloc Size 751624 pointer 0x7f2a9831c120
[1,1]<stdout>:user:7484:7568 [1] NCCL INFO AllReduce: opCount 10 sendbuff 0x7f1dde000000 recvbuff 0x7f1dde000000 count 16564 datatype 7 op 0 root 0 comm 0x7f1f00245250 [nranks=3] stream 0x7f1f00237010
[1,0]<stdout>:user:7483:7566 [0] NCCL INFO AllReduce: opCount 1 sendbuff 0x7f298a000000 recvbuff 0x7f298a000000 count 5284 datatype 7 op 0 root 0 comm 0x7f2a98247800 [nranks=3] stream 0x7f2a98230dd0
[1,1]<stdout>:user:7484:7568 [1] NCCL INFO AllReduce: opCount 11 sendbuff 0x7f1dde000000 recvbuff 0x7f1dde000000 count 5284 datatype 7 op 0 root 0 comm 0x7f1f00245250 [nranks=3] stream 0x7f1f00237010
[1,2]<stdout>:nsslab2-System-Product-Name:2293:2311 [0] NCCL INFO AllReduce: opCount 11 sendbuff 0x7f1b68000000 recvbuff 0x7f1b68000000 count 5284 datatype 7 op 0 root 0 comm 0x7f1c58335d60 [nranks=3] stream 0x6bb1ed00
[1,2]<stdout>:Train Epoch: 1 [0/20000 (0%)]	Loss: 2.335779
[1,0]<stdout>:Train Epoch: 1 [0/20000 (0%)]	Loss: 2.323979
[1,1]<stdout>:Train Epoch: 1 [0/20000 (0%)]	Loss: 2.344081
[1,0]<stdout>:user:7483:7566 [0] NCCL INFO AllReduce: opCount 2 sendbuff 0x7f298a000000 recvbuff 0x7f298a000000 count 564 datatype 7 op 0 root 0 comm 0x7f2a98247800 [nranks=3] stream 0x7f2a98230dd0
[1,1]<stdout>:user:7484:7568 [1] NCCL INFO AllReduce: opCount 12 sendbuff 0x7f1dde000000 recvbuff 0x7f1dde000000 count 564 datatype 7 op 0 root 0 comm 0x7f1f00245250 [nranks=3] stream 0x7f1f00237010
[1,2]<stdout>:nsslab2-System-Product-Name:2293:2311 [0] NCCL INFO AllReduce: opCount 12 sendbuff 0x7f1b68000000 recvbuff 0x7f1b68000000 count 564 datatype 7 op 0 root 0 comm 0x7f1c58335d60 [nranks=3] stream 0x6bb1ed00
[1,0]<stdout>:user:7483:7566 [0] NCCL INFO AllReduce: opCount 3 sendbuff 0x7f298a000000 recvbuff 0x7f298a000000 count 21020 datatype 7 op 0 root 0 comm 0x7f2a98247800 [nranks=3] stream 0x7f2a98230dd0
[1,1]<stdout>:user:7484:7568 [1] NCCL INFO AllReduce: opCount 13 sendbuff 0x7f1dde000000 recvbuff 0x7f1dde000000 count 21020 datatype 7 op 0 root 0 comm 0x7f1f00245250 [nranks=3] stream 0x7f1f00237010
